Archive member included to satisfy reference by file (symbol)

E:\Project\tp78_v2\mounriver_project\BLE_CH582M\StdPeriphDriver\libISP583.a(ISP583.o)
                              ./TMOS/BLE.o (FLASH_EEPROM_CMD)
E:\Project\tp78_v2\mounriver_project\BLE_CH582M\LIB\libCH58xBLE.a(message.o)
                              ./TMOS/BLE.o (tmos_msg_deallocate)
E:\Project\tp78_v2\mounriver_project\BLE_CH582M\LIB\libCH58xBLE.a(tmos.o)
                              E:\Project\tp78_v2\mounriver_project\BLE_CH582M\LIB\libCH58xBLE.a(message.o) (gTmosPara)
E:\Project\tp78_v2\mounriver_project\BLE_CH582M\LIB\libCH58xBLE.a(tmos_hw.o)
                              E:\Project\tp78_v2\mounriver_project\BLE_CH582M\LIB\libCH58xBLE.a(tmos.o) (fnGetClockCBs)
E:\Project\tp78_v2\mounriver_project\BLE_CH582M\LIB\libCH58xBLE.a(tmos_snv.o)
                              E:\Project\tp78_v2\mounriver_project\BLE_CH582M\LIB\libCH58xBLE.a(tmos.o) (tmos_snv_init)
E:\Project\tp78_v2\mounriver_project\BLE_CH582M\LIB\libCH58xBLE.a(gap.o)
                              ./Profile/hiddev.o (GAP_SetParamValue)
E:\Project\tp78_v2\mounriver_project\BLE_CH582M\LIB\libCH58xBLE.a(gap_central.o)
                              E:\Project\tp78_v2\mounriver_project\BLE_CH582M\LIB\libCH58xBLE.a(gap.o) (gapProcessPeriodicAdvertisingSyncEstablishedEvt)
E:\Project\tp78_v2\mounriver_project\BLE_CH582M\LIB\libCH58xBLE.a(gap_peripheral.o)
                              ./TMOS/BLE.o (GAP_ConfigDeviceAddr)
E:\Project\tp78_v2\mounriver_project\BLE_CH582M\LIB\libCH58xBLE.a(gapgattserver.o)
                              ./TMOS/BLE.o (GGS_SetParameter)
E:\Project\tp78_v2\mounriver_project\BLE_CH582M\LIB\libCH58xBLE.a(gatt.o)
                              ./Profile/battservice.o (GATT_bm_alloc)
E:\Project\tp78_v2\mounriver_project\BLE_CH582M\LIB\libCH58xBLE.a(gatt_uuid.o)
                              ./Profile/battservice.o (reportRefUUID)
E:\Project\tp78_v2\mounriver_project\BLE_CH582M\LIB\libCH58xBLE.a(gattclientapp.o)
                              E:\Project\tp78_v2\mounriver_project\BLE_CH582M\LIB\libCH58xBLE.a(gatt.o) (gattGetClientStatus)
E:\Project\tp78_v2\mounriver_project\BLE_CH582M\LIB\libCH58xBLE.a(gattservapp.o)
                              ./Profile/battservice.o (GATTServApp_ReadCharCfg)
E:\Project\tp78_v2\mounriver_project\BLE_CH582M\LIB\libCH58xBLE.a(l2cap.o)
                              E:\Project\tp78_v2\mounriver_project\BLE_CH582M\LIB\libCH58xBLE.a(gatt.o) (L2CAP_GetMTU)
E:\Project\tp78_v2\mounriver_project\BLE_CH582M\LIB\libCH58xBLE.a(l2cap_input.o)
                              E:\Project\tp78_v2\mounriver_project\BLE_CH582M\LIB\libCH58xBLE.a(l2cap.o) (l2capProcessRxData)
E:\Project\tp78_v2\mounriver_project\BLE_CH582M\LIB\libCH58xBLE.a(l2cap_output.o)
                              E:\Project\tp78_v2\mounriver_project\BLE_CH582M\LIB\libCH58xBLE.a(l2cap_input.o) (l2capNotifyData)
E:\Project\tp78_v2\mounriver_project\BLE_CH582M\LIB\libCH58xBLE.a(l2cap_sdu.o)
                              E:\Project\tp78_v2\mounriver_project\BLE_CH582M\LIB\libCH58xBLE.a(l2cap_input.o) (l2capBuildDisconnectRsp)
E:\Project\tp78_v2\mounriver_project\BLE_CH582M\LIB\libCH58xBLE.a(linkdb.o)
                              E:\Project\tp78_v2\mounriver_project\BLE_CH582M\LIB\libCH58xBLE.a(l2cap.o) (linkDB_Init)
E:\Project\tp78_v2\mounriver_project\BLE_CH582M\LIB\libCH58xBLE.a(sm.o)
                              E:\Project\tp78_v2\mounriver_project\BLE_CH582M\LIB\libCH58xBLE.a(gap.o) (smStartEncryption)
E:\Project\tp78_v2\mounriver_project\BLE_CH582M\LIB\libCH58xBLE.a(host_input.o)
                              E:\Project\tp78_v2\mounriver_project\BLE_CH582M\LIB\libCH58xBLE.a(gap.o) (gBleHostPara)
E:\Project\tp78_v2\mounriver_project\BLE_CH582M\LIB\libCH58xBLE.a(host_output.o)
                              E:\Project\tp78_v2\mounriver_project\BLE_CH582M\LIB\libCH58xBLE.a(gap.o) (HCI_DisconnectCmd)
E:\Project\tp78_v2\mounriver_project\BLE_CH582M\LIB\libCH58xBLE.a(ll_connect.o)
                              E:\Project\tp78_v2\mounriver_project\BLE_CH582M\LIB\libCH58xBLE.a(tmos.o) (LL_GetNextConnectEventTime)
E:\Project\tp78_v2\mounriver_project\BLE_CH582M\LIB\libCH58xBLE.a(ll_core.o)
                              E:\Project\tp78_v2\mounriver_project\BLE_CH582M\LIB\libCH58xBLE.a(ll_connect.o) (LL_CoreGetCore)
E:\Project\tp78_v2\mounriver_project\BLE_CH582M\LIB\libCH58xBLE.a(ll_hop.o)
                              E:\Project\tp78_v2\mounriver_project\BLE_CH582M\LIB\libCH58xBLE.a(ll_connect.o) (LL_HopGetChannel)
E:\Project\tp78_v2\mounriver_project\BLE_CH582M\LIB\libCH58xBLE.a(ll_master.o)
                              E:\Project\tp78_v2\mounriver_project\BLE_CH582M\LIB\libCH58xBLE.a(ll_connect.o) (ll_master_process)
E:\Project\tp78_v2\mounriver_project\BLE_CH582M\LIB\libCH58xBLE.a(ll_pdu.o)
                              E:\Project\tp78_v2\mounriver_project\BLE_CH582M\LIB\libCH58xBLE.a(ll_master.o) (LL_ConnectionUpdateInd)
[...]
Memory Configuration

Name             Origin             Length             Attributes
FLASH            0x0000000000000000 0x0000000000070000 xr
RAM              0x0000000020000000 0x0000000000008000 xrw
*default*        0x0000000000000000 0xffffffffffffffff

Linker script and memory map

LOAD ./TMOS/BLE.o
LOAD ./TMOS/MCU.o
LOAD ./TMOS/RF_PHY.o
LOAD ./StdPeriphDriver/CH58x_adc.o
LOAD ./StdPeriphDriver/CH58x_clk.o
LOAD ./StdPeriphDriver/CH58x_flash.o
LOAD ./StdPeriphDriver/CH58x_gpio.o
LOAD ./StdPeriphDriver/CH58x_i2c.o
LOAD ./StdPeriphDriver/CH58x_pwm.o
LOAD ./StdPeriphDriver/CH58x_pwr.o
LOAD ./StdPeriphDriver/CH58x_spi0.o
LOAD ./StdPeriphDriver/CH58x_spi1.o
LOAD ./StdPeriphDriver/CH58x_sys.o
LOAD ./StdPeriphDriver/CH58x_timer0.o
LOAD ./StdPeriphDriver/CH58x_timer1.o
LOAD ./StdPeriphDriver/CH58x_timer2.o
LOAD ./StdPeriphDriver/CH58x_timer3.o
LOAD ./StdPeriphDriver/CH58x_uart0.o
LOAD ./StdPeriphDriver/CH58x_uart1.o
LOAD ./StdPeriphDriver/CH58x_uart2.o
LOAD ./StdPeriphDriver/CH58x_uart3.o
LOAD ./StdPeriphDriver/CH58x_usb2dev.o
LOAD ./StdPeriphDriver/CH58x_usb2hostBase.o
LOAD ./StdPeriphDriver/CH58x_usb2hostClass.o
LOAD ./StdPeriphDriver/CH58x_usbdev.o
LOAD ./StdPeriphDriver/CH58x_usbhostBase.o
LOAD ./StdPeriphDriver/CH58x_usbhostClass.o
LOAD ./Startup/startup_CH583.o
LOAD ./RVMSIS/core_riscv.o
LOAD ./Profile/battservice.o
LOAD ./Profile/devinfoservice.o
LOAD ./Profile/hiddev.o
LOAD ./Profile/hidkbmservice.o
LOAD ./Profile/scanparamservice.o
LOAD ./HAL/BATTERY.o
LOAD ./HAL/CORE.o
LOAD ./HAL/HW_I2C.o
LOAD ./HAL/I2C_TP.o
LOAD ./HAL/KEY.o
LOAD ./HAL/KEYBOARD.o
LOAD ./HAL/LED.o
LOAD ./HAL/MPR121.o
LOAD ./HAL/MSG_CP.o
LOAD ./HAL/OLED.o
LOAD ./HAL/OLEDFONT.o
LOAD ./HAL/OLED_UI.o
LOAD ./HAL/PS2.o
LOAD ./HAL/RTC.o
LOAD ./HAL/SLEEP.o
LOAD ./HAL/USB.o
LOAD ./HAL/WS2812.o
LOAD ./APP/main.o
LOAD ./APP/snake.o
LOAD E:\Project\tp78_v2\mounriver_project\BLE_CH582M\StdPeriphDriver\libISP583.a
LOAD E:\Project\tp78_v2\mounriver_project\BLE_CH582M\LIB\libCH58xBLE.a
LOAD d:/mounriver/mounriver_studio/toolchain/risc-v embedded gcc/bin/../lib/gcc/riscv-none-embed/8.2.0/rv32imac/ilp32\libgcc.a
LOAD d:/mounriver/mounriver_studio/toolchain/risc-v embedded gcc/bin/../lib/gcc/riscv-none-embed/8.2.0/../../../../riscv-none-embed/lib/rv32imac/ilp32\libg_nano.a
LOAD d:/mounriver/mounriver_studio/toolchain/risc-v embedded gcc/bin/../lib/gcc/riscv-none-embed/8.2.0/../../../../riscv-none-embed/lib/rv32imac/ilp32\libc_nano.a
LOAD d:/mounriver/mounriver_studio/toolchain/risc-v embedded gcc/bin/../lib/gcc/riscv-none-embed/8.2.0/rv32imac/ilp32\libgcc.a
START GROUP
LOAD d:/mounriver/mounriver_studio/toolchain/risc-v embedded gcc/bin/../lib/gcc/riscv-none-embed/8.2.0/rv32imac/ilp32\libgcc.a
LOAD d:/mounriver/mounriver_studio/toolchain/risc-v embedded gcc/bin/../lib/gcc/riscv-none-embed/8.2.0/../../../../riscv-none-embed/lib/rv32imac/ilp32\libc_nano.a
LOAD d:/mounriver/mounriver_studio/toolchain/risc-v embedded gcc/bin/../lib/gcc/riscv-none-embed/8.2.0/../../../../riscv-none-embed/lib/rv32imac/ilp32\libnosys.a
END GROUP
START GROUP
LOAD d:/mounriver/mounriver_studio/toolchain/risc-v embedded gcc/bin/../lib/gcc/riscv-none-embed/8.2.0/rv32imac/ilp32\libgcc.a
LOAD d:/mounriver/mounriver_studio/toolchain/risc-v embedded gcc/bin/../lib/gcc/riscv-none-embed/8.2.0/../../../../riscv-none-embed/lib/rv32imac/ilp32\libc_nano.a
LOAD d:/mounriver/mounriver_studio/toolchain/risc-v embedded gcc/bin/../lib/gcc/riscv-none-embed/8.2.0/../../../../riscv-none-embed/lib/rv32imac/ilp32\libnosys.a
END GROUP

.init           0x0000000000000000        0x4
                0x0000000000000000                _sinit = .
                0x0000000000000000                . = ALIGN (0x4)
 *(SORT_NONE(.init))
 .init          0x0000000000000000        0x4 ./Startup/startup_CH583.o
                0x0000000000000000                _start
                0x0000000000000004                . = ALIGN (0x4)
                0x0000000000000004                _einit = .

.highcodelalign
                0x0000000000000004        0x0
                0x0000000000000004                . = ALIGN (0x4)
                0x0000000000000004                PROVIDE (_highcode_lma = .)

.highcode       0x0000000020000000     0x232c load address 0x0000000000000004
                0x0000000020000000                . = ALIGN (0x4)
                0x0000000020000000                PROVIDE (_highcode_vma_start = .)
 *(.vector)
 .vector        0x0000000020000000       0x90 ./Startup/startup_CH583.o
 *(SORT_NONE(.vector_handler))
 .vector_handler
                0x0000000020000090       0x36 ./Startup/startup_CH583.o
                0x0000000020000090                NMI_Handler
                0x0000000020000094                Ecall_M_Mode_Handler
                0x0000000020000096                Ecall_U_Mode_Handler
                0x0000000020000098                Break_Point_Handler
                0x000000002000009a                SysTick_Handler
                0x000000002000009c                SW_Handler
                0x000000002000009e                TMR0_IRQHandler
                0x00000000200000a4                SPI0_IRQHandler
                0x00000000200000a6                BB_IRQHandler
                0x00000000200000a8                LLE_IRQHandler
                0x00000000200000ac                USB2_IRQHandler
                0x00000000200000ae                TMR1_IRQHandler
                0x00000000200000b0                TMR2_IRQHandler
                0x00000000200000b2                UART0_IRQHandler
                0x00000000200000b4                UART1_IRQHandler
                0x00000000200000b8                ADC_IRQHandler
                0x00000000200000ba                I2C_IRQHandler
                0x00000000200000bc                PWMX_IRQHandler
                0x00000000200000be                TMR3_IRQHandler
                0x00000000200000c0                UART2_IRQHandler
                0x00000000200000c2                UART3_IRQHandler
                0x00000000200000c4                WDOG_BAT_IRQHandler
 *(.highcode)
 .highcode      0x00000000200000c6      0x29e ./StdPeriphDriver/CH58x_pwr.o
                0x00000000200000c6                LowPower_Idle
                0x0000000020000104                LowPower_Halt
                0x00000000200001b8                LowPower_Sleep
                0x0000000020000282                LowPower_Shutdown
 .highcode      0x0000000020000364      0x1c6 ./StdPeriphDriver/CH58x_sys.o
                0x0000000020000364                SetSysClock
                0x00000000200004ba                HardFault_Handler
                0x00000000200004f4                mDelayuS
                0x0000000020000502                mDelaymS
 .highcode      0x000000002000052a      0x116 ./HAL/CORE.o
                0x000000002000052a                APPJumpBoot
                0x0000000020000574                SoftReset
                0x00000000200005a4                GotoLowpower
 .highcode      0x0000000020000640       0x1a ./HAL/RTC.o
                0x0000000020000640                RTC_IRQHandler
 .highcode      0x000000002000065a        0xc ./HAL/USB.o
                0x000000002000065a                USB_IRQHandler
 .highcode      0x0000000020000666       0x1c ./APP/main.o
                0x0000000020000666                Main_Circulation
                0x000000002000066e                GPIOA_IRQHandler
                0x000000002000067e                GPIOB_IRQHandler
 .highcode      0x0000000020000682      0x426 E:\Project\tp78_v2\mounriver_project\BLE_CH582M\StdPeriphDriver\libISP583.a(ISP583.o)
                0x0000000020000682                FLASH_ROM_BEG
                0x0000000020000694                FLASH_ROM_END
                0x00000000200006a2                FLASH_ROM_IN
                0x00000000200006b0                FLASH_ROM_OUT
                0x00000000200006be                FLASH_ROM_ADDR
                0x0000000020000706                FLASH_ROM_WAIT
                0x000000002000073e                FLASH_EEPROM_CMD
 .highcode      0x0000000020000aa8      0x44c E:\Project\tp78_v2\mounriver_project\BLE_CH582M\LIB\libCH58xBLE.a(tmos.o)
                0x0000000020000aa8                tmos_memcpy
                0x0000000020000ac8                tmos_memcpy_word
                0x0000000020000ae0                tmos_memset
                0x0000000020000af2                tmos_strlen
                0x0000000020000b06                tmos_memdup
                0x0000000020000b38                tmos_memcmp
                0x0000000020000b66                tmos_revmemcpy
                0x0000000020000b82                tmos_isbufset
                0x0000000020000ba4                tmos_proces_system_time
                0x0000000020000cee                TMOS_SystemProcess
 .highcode      0x0000000020000ef4       0x4c E:\Project\tp78_v2\mounriver_project\BLE_CH582M\LIB\libCH58xBLE.a(tmos_hw.o)
                0x0000000020000f3e                TMOS_TimerIRQHandler
 .highcode      0x0000000020000f40      0x2c8 E:\Project\tp78_v2\mounriver_project\BLE_CH582M\LIB\libCH58xBLE.a(ll_connect.o)
                0x0000000020000f40                ll_connect_send_data
                0x0000000020001068                ll_connect_recv_data
                0x0000000020001148                ll_connect_event_continue
 .highcode      0x0000000020001208      0x310 E:\Project\tp78_v2\mounriver_project\BLE_CH582M\LIB\libCH58xBLE.a(ll_hop.o)
                0x0000000020001208                LL_HopGetChannel
                0x00000000200012ae                LL_HopGetChannel2
 .highcode      0x0000000020001518       0x50 E:\Project\tp78_v2\mounriver_project\BLE_CH582M\LIB\libCH58xBLE.a(ll_whitelist.o)
                0x0000000020001518                LL_WhitelistLookup
 .highcode      0x0000000020001568      0x1e0 E:\Project\tp78_v2\mounriver_project\BLE_CH582M\LIB\libCH58xBLE.a(aes.o)
                0x0000000020001568                AES_DevAESEnc
 .highcode      0x0000000020001748      0x14e E:\Project\tp78_v2\mounriver_project\BLE_CH582M\LIB\libCH58xBLE.a(bb.o)
                0x0000000020001748                BB_IRQLibHandler
 .highcode      0x0000000020001896      0x3ee E:\Project\tp78_v2\mounriver_project\BLE_CH582M\LIB\libCH58xBLE.a(ip.o)
                0x0000000020001896                ll_rx_wait_finish
                0x00000000200018d4                ble_ll_chkcrc
                0x000000002000199e                ll_tx_wait_finish
                0x0000000020001ac2                BLE_CheckHoppingMap
 .highcode      0x0000000020001c84      0x212 E:\Project\tp78_v2\mounriver_project\BLE_CH582M\LIB\libCH58xBLE.a(lle.o)
                0x0000000020001c84                LLE_IRQLibHandler
 .highcode      0x0000000020001e96      0x1d2 E:\Project\tp78_v2\mounriver_project\BLE_CH582M\LIB\libCH58xBLE.a(rf_fh.o)
                0x0000000020001e96                RF_HopGetChannel
                0x0000000020001f18                RF_FrequencyHoppingGet
                0x0000000020001fce                RF_FrequencyHoppingChange
 .highcode      0x0000000020002068       0x30 E:\Project\tp78_v2\mounriver_project\BLE_CH582M\LIB\libCH58xBLE.a(rfend.o)
                0x0000000020002068                RFEND_WaitTune
 .highcode      0x0000000020002098      0x1ba E:\Project\tp78_v2\mounriver_project\BLE_CH582M\LIB\libCH58xBLE.a(memory.o)
                0x0000000020002098                tmos_memory_allocate
                0x000000002000216a                tmos_memory_free
 .highcode      0x0000000020002252       0xd8 E:\Project\tp78_v2\mounriver_project\BLE_CH582M\LIB\libCH58xBLE.a(ll_resolvinglist.o)
                0x0000000020002252                LL_ResolvinglistPeerIdentifyAddressGetIrk
                0x00000000200022a6                LL_ResolvinglistPeerRpaAddressGetIrk
                0x00000000200022e8                LL_ResolvinglistLocalRpaAddressGetIrk
 *(.highcode.*)
                0x000000002000232c                . = ALIGN (0x4)
 *fill*         0x000000002000232a        0x2 
                0x000000002000232c                PROVIDE (_highcode_vma_end = .)

.text           0x0000000000002330    0x27118
                0x0000000000002330                . = ALIGN (0x4)
 *(SORT_NONE(.handle_reset))
 .handle_reset  0x0000000000002330       0xae ./Startup/startup_CH583.o
                0x0000000000002330                handle_reset
 *(.text)
 .text          0x00000000000023de       0xa8 d:/mounriver/mounriver_studio/toolchain/risc-v embedded gcc/bin/../lib/gcc/riscv-none-embed/8.2.0/../../../../riscv-none-embed/lib/rv32imac/ilp32\libg_nano.a(lib_a-memset.o)
                0x00000000000023de                memset
 *(.text.*)
 .text.hidEmuEvtCB
                0x0000000000002486        0x2 ./TMOS/BLE.o
 .text.hidEmuStateCB
                0x0000000000002488      0x104 ./TMOS/BLE.o
 .text.hidEmuSendKbdReport
                0x000000000000258c       0x24 ./TMOS/BLE.o
 .text.hidEmuRptCB
                0x00000000000025b0       0x78 ./TMOS/BLE.o
 .text.HidEmu_ProcessEvent
                0x0000000000002628      0x208 ./TMOS/BLE.o
                0x0000000000002628                HidEmu_ProcessEvent
 .text.FLASH_Read_DeviceID
                0x0000000000002830       0x30 ./TMOS/BLE.o
                0x0000000000002830                FLASH_Read_DeviceID
 .text.FLASH_Write_DeviceID
                0x0000000000002860       0x48 ./TMOS/BLE.o
                0x0000000000002860                FLASH_Write_DeviceID
 .text.HidEmu_Init
                0x00000000000028a8       0xec ./TMOS/BLE.o
                0x00000000000028a8                HidEmu_Init
 .text.SW_PaintedEgg_Process
                0x0000000000002994       0x84 ./TMOS/MCU.o
                0x0000000000002994                SW_PaintedEgg_Process
 .text.SW_OLED_UBStatus_Process
                0x0000000000002a18      0x122 ./TMOS/MCU.o
                0x0000000000002a18                SW_OLED_UBStatus_Process
 .text.HW_Battery_Process
                0x0000000000002b3a       0x6e ./TMOS/MCU.o
                0x0000000000002b3a                HW_Battery_Process
 .text.HW_WS2812_Process
                0x0000000000002ba8       0x10 ./TMOS/MCU.o
                0x0000000000002ba8                HW_WS2812_Process
 .text.Lib_Calibration_LSI
                0x0000000000002bb8        0x6 ./TMOS/MCU.o
                0x0000000000002bb8                Lib_Calibration_LSI
 .text.Lib_Read_Flash
                0x0000000000002bbe       0x1c ./TMOS/MCU.o
                0x0000000000002bbe                Lib_Read_Flash
 .text.Lib_Write_Flash
                0x0000000000002bda       0x42 ./TMOS/MCU.o
                0x0000000000002bda                Lib_Write_Flash
 .text.HAL_GetInterTempValue
                0x0000000000002c1c       0x72 ./TMOS/MCU.o
                0x0000000000002c1c                HAL_GetInterTempValue
 .text.HID_CapMouse_Process
                0x0000000000002c8e       0x52 ./TMOS/MCU.o
                0x0000000000002c8e                HID_CapMouse_Process
 .text.HID_VOL_Process
                0x0000000000002ce0       0x42 ./TMOS/MCU.o
                0x0000000000002ce0                HID_VOL_Process
 .text.HID_KEYBOARD_Process
                0x0000000000002d22       0xfe ./TMOS/MCU.o
                0x0000000000002d22                HID_KEYBOARD_Process
 .text.SW_OLED_Capslock_Process
                0x0000000000002e20       0x58 ./TMOS/MCU.o
                0x0000000000002e20                SW_OLED_Capslock_Process
 .text.HW_MSG_CP_Process
                0x0000000000002e78       0x9a ./TMOS/MCU.o
                0x0000000000002e78                HW_MSG_CP_Process
 .text.HAL_ProcessEvent
                0x0000000000002f12      0x1b4 ./TMOS/MCU.o
                0x0000000000002f12                HAL_ProcessEvent
 .text.HW_TouchBar_Process
                0x00000000000030c6       0x4e ./TMOS/MCU.o
                0x00000000000030c6                HW_TouchBar_Process
 .text.CH58X_BLEInit
                0x0000000000003114      0x12e ./TMOS/MCU.o
                0x0000000000003114                CH58X_BLEInit
 .text.HAL_Init
                0x0000000000003242      0x138 ./TMOS/MCU.o
                0x0000000000003242                HAL_Init
 .text.FLASH_Write_RForBLE
                0x000000000000337a       0x48 ./TMOS/RF_PHY.o
                0x000000000000337a                FLASH_Write_RForBLE
 .text.ADC_ExtSingleChSampInit
                0x00000000000033c2       0x24 ./StdPeriphDriver/CH58x_adc.o
                0x00000000000033c2                ADC_ExtSingleChSampInit
 .text.ADC_InterTSSampInit
                0x00000000000033e6       0x28 ./StdPeriphDriver/CH58x_adc.o
                0x00000000000033e6                ADC_InterTSSampInit
 .text.Calibration_LSI
                0x000000000000340e      0x226 ./StdPeriphDriver/CH58x_clk.o
                0x000000000000340e                Calibration_LSI
 .text.GPIOA_ModeCfg
                0x0000000000003634       0xa6 ./StdPeriphDriver/CH58x_gpio.o
                0x0000000000003634                GPIOA_ModeCfg
 .text.GPIOB_ModeCfg
                0x00000000000036da       0xa6 ./StdPeriphDriver/CH58x_gpio.o
                0x00000000000036da                GPIOB_ModeCfg
 .text.GPIOA_ITModeCfg
                0x0000000000003780       0x82 ./StdPeriphDriver/CH58x_gpio.o
                0x0000000000003780                GPIOA_ITModeCfg
 .text.GPIOPinRemap
                0x0000000000003802       0x1a ./StdPeriphDriver/CH58x_gpio.o
                0x0000000000003802                GPIOPinRemap
 .text.I2C_Init
                0x000000000000381c      0x140 ./StdPeriphDriver/CH58x_i2c.o
                0x000000000000381c                I2C_Init
 .text.I2C_GenerateSTART
                0x000000000000395c       0x22 ./StdPeriphDriver/CH58x_i2c.o
                0x000000000000395c                I2C_GenerateSTART
 .text.I2C_GenerateSTOP
                0x000000000000397e       0x22 ./StdPeriphDriver/CH58x_i2c.o
                0x000000000000397e                I2C_GenerateSTOP
 .text.I2C_AcknowledgeConfig
                0x00000000000039a0       0x22 ./StdPeriphDriver/CH58x_i2c.o
                0x00000000000039a0                I2C_AcknowledgeConfig
 .text.I2C_SendData
                0x00000000000039c2        0xa ./StdPeriphDriver/CH58x_i2c.o
                0x00000000000039c2                I2C_SendData
 .text.I2C_ReceiveData
                0x00000000000039cc        0xe ./StdPeriphDriver/CH58x_i2c.o
                0x00000000000039cc                I2C_ReceiveData
 .text.I2C_Send7bitAddress
                0x00000000000039da       0x18 ./StdPeriphDriver/CH58x_i2c.o
                0x00000000000039da                I2C_Send7bitAddress
 .text.I2C_CheckEvent
                0x00000000000039f2       0x20 ./StdPeriphDriver/CH58x_i2c.o
                0x00000000000039f2                I2C_CheckEvent
 .text.I2C_GetFlagStatus
                0x0000000000003a12       0x3a ./StdPeriphDriver/CH58x_i2c.o
                0x0000000000003a12                I2C_GetFlagStatus
 .text.PWR_PeriphWakeUpCfg
                0x0000000000003a4c       0x90 ./StdPeriphDriver/CH58x_pwr.o
                0x0000000000003a4c                PWR_PeriphWakeUpCfg
 .text.GetSysClock
                0x0000000000003adc       0x42 ./StdPeriphDriver/CH58x_sys.o
                0x0000000000003adc                GetSysClock
 .text.SYS_GetSysTickCnt
                0x0000000000003b1e        0xa ./StdPeriphDriver/CH58x_sys.o
                0x0000000000003b1e                SYS_GetSysTickCnt
 .text._write   0x0000000000003b28       0x28 ./StdPeriphDriver/CH58x_sys.o
                0x0000000000003b28                _write
 .text.TMR1_PWMInit
                0x0000000000003b50       0x18 ./StdPeriphDriver/CH58x_timer1.o
                0x0000000000003b50                TMR1_PWMInit
 .text.TMR1_DMACfg
                0x0000000000003b68       0x20 ./StdPeriphDriver/CH58x_timer1.o
                0x0000000000003b68                TMR1_DMACfg
 .text.UART3_BaudRateCfg
                0x0000000000003b88       0x30 ./StdPeriphDriver/CH58x_uart3.o
                0x0000000000003b88                UART3_BaudRateCfg
 .text.UART3_DefInit
                0x0000000000003bb8       0x32 ./StdPeriphDriver/CH58x_uart3.o
                0x0000000000003bb8                UART3_DefInit
 .text.USB_DeviceInit
                0x0000000000003bea       0x8e ./StdPeriphDriver/CH58x_usbdev.o
                0x0000000000003bea                USB_DeviceInit
 .text.DevEP1_IN_Deal
                0x0000000000003c78       0x16 ./StdPeriphDriver/CH58x_usbdev.o
                0x0000000000003c78                DevEP1_IN_Deal
 .text.DevEP2_IN_Deal
                0x0000000000003c8e       0x16 ./StdPeriphDriver/CH58x_usbdev.o
                0x0000000000003c8e                DevEP2_IN_Deal
 .text.DevEP3_IN_Deal
                0x0000000000003ca4       0x16 ./StdPeriphDriver/CH58x_usbdev.o
                0x0000000000003ca4                DevEP3_IN_Deal
 .text.DevEP4_IN_Deal
                0x0000000000003cba       0x16 ./StdPeriphDriver/CH58x_usbdev.o
                0x0000000000003cba                DevEP4_IN_Deal
 .text.battMeasure
                0x0000000000003cd0       0x8a ./Profile/battservice.o
 .text.battWriteAttrCB
                0x0000000000003d5a       0x5e ./Profile/battservice.o
 .text.battReadAttrCB
                0x0000000000003db8       0x72 ./Profile/battservice.o
 .text.battNotifyCB
                0x0000000000003e2a       0x72 ./Profile/battservice.o
 .text.Batt_AddService
                0x0000000000003e9c       0x2c ./Profile/battservice.o
                0x0000000000003e9c                Batt_AddService
 .text.Batt_Register
                0x0000000000003ec8        0x6 ./Profile/battservice.o
                0x0000000000003ec8                Batt_Register
 .text.Batt_SetParameter
                0x0000000000003ece       0x36 ./Profile/battservice.o
                0x0000000000003ece                Batt_SetParameter
 .text.Batt_GetParameter
                0x0000000000003f04       0x66 ./Profile/battservice.o
                0x0000000000003f04                Batt_GetParameter
 .text.Batt_MeasLevel
                0x0000000000003f6a       0x26 ./Profile/battservice.o
                0x0000000000003f6a                Batt_MeasLevel
 .text.Batt_HandleConnStatusCB
                0x0000000000003f90       0x3e ./Profile/battservice.o
                0x0000000000003f90                Batt_HandleConnStatusCB
 .text.devInfo_ReadAttrCB
                0x0000000000003fce      0x196 ./Profile/devinfoservice.o
 .text.DevInfo_AddService
                0x0000000000004164       0x18 ./Profile/devinfoservice.o
                0x0000000000004164                DevInfo_AddService
 .text.hidDevScanParamCB
                0x000000000000417c        0x2 ./Profile/hiddev.o
 .text.hidDevRptByHandle
                0x000000000000417e       0x30 ./Profile/hiddev.o
 .text.hidDevParamUpdateCB
                0x00000000000041ae       0x12 ./Profile/hiddev.o
 .text.hidDevInitialAdvertising
                0x00000000000041c0       0x3c ./Profile/hiddev.o
 .text.hidDevPasscodeCB
                0x00000000000041fc       0x28 ./Profile/hiddev.o
 .text.hidDevBattCB
                0x0000000000004224       0x30 ./Profile/hiddev.o
 .text.hidDevPairStateCB
                0x0000000000004254       0x28 ./Profile/hiddev.o
 .text.HidDev_ProcessEvent
                0x000000000000427c       0xf0 ./Profile/hiddev.o
                0x000000000000427c                HidDev_ProcessEvent
 .text.hidDevGapStateCB
                0x000000000000436c      0x124 ./Profile/hiddev.o
 .text.HidDev_Init
                0x0000000000004490       0x6e ./Profile/hiddev.o
                0x0000000000004490                HidDev_Init
 .text.HidDev_Register
                0x00000000000044fe        0xa ./Profile/hiddev.o
                0x00000000000044fe                HidDev_Register
 .text.HidDev_RegisterReports
                0x0000000000004508        0xa ./Profile/hiddev.o
                0x0000000000004508                HidDev_RegisterReports
 .text.HidDev_Report
                0x0000000000004512      0x12c ./Profile/hiddev.o
                0x0000000000004512                HidDev_Report
 .text.HidDev_ReadAttrCB
                0x000000000000463e      0x106 ./Profile/hiddev.o
                0x000000000000463e                HidDev_ReadAttrCB
 .text.HidDev_WriteAttrCB
                0x0000000000004744      0x148 ./Profile/hiddev.o
                0x0000000000004744                HidDev_WriteAttrCB
 .text.Hid_AddService
                0x000000000000488c      0x136 ./Profile/hidkbmservice.o
                0x000000000000488c                Hid_AddService
 .text.Hid_SetParameter
                0x00000000000049c2       0x5a ./Profile/hidkbmservice.o
                0x00000000000049c2                Hid_SetParameter
 .text.Hid_GetParameter
                0x0000000000004a1c       0x42 ./Profile/hidkbmservice.o
                0x0000000000004a1c                Hid_GetParameter
 .text.scanParamReadAttrCB
                0x0000000000004a5e        0x4 ./Profile/scanparamservice.o
 .text.scanParamWriteAttrCB
                0x0000000000004a62       0x66 ./Profile/scanparamservice.o
 .text.ScanParam_AddService
                0x0000000000004ac8       0x2c ./Profile/scanparamservice.o
                0x0000000000004ac8                ScanParam_AddService
 .text.ScanParam_Register
                0x0000000000004af4        0x6 ./Profile/scanparamservice.o
                0x0000000000004af4                ScanParam_Register
 .text.ScanParam_RefreshNotify
                0x0000000000004afa       0x5c ./Profile/scanparamservice.o
                0x0000000000004afa                ScanParam_RefreshNotify
 .text.ScanParam_HandleConnStatusCB
                0x0000000000004b56       0x3e ./Profile/scanparamservice.o
                0x0000000000004b56                ScanParam_HandleConnStatusCB
 .text.BATTERY_ADC_GetLevel
                0x0000000000004b94       0x3a ./HAL/BATTERY.o
 .text.BATTERY_DMA_ENABLE
                0x0000000000004bce       0x26 ./HAL/BATTERY.o
                0x0000000000004bce                BATTERY_DMA_ENABLE
 .text.BATTERY_Init
                0x0000000000004bf4       0x46 ./HAL/BATTERY.o
                0x0000000000004bf4                BATTERY_Init
 .text.BATTERY_ADC_Calculation
                0x0000000000004c3a       0x42 ./HAL/BATTERY.o
                0x0000000000004c3a                BATTERY_ADC_Calculation
 .text.BATTERY_DrawBMP
                0x0000000000004c7c      0x178 ./HAL/BATTERY.o
                0x0000000000004c7c                BATTERY_DrawBMP
 .text.HW_I2C_WaitUntilTimeout
                0x0000000000004df4       0x46 ./HAL/HW_I2C.o
                0x0000000000004df4                HW_I2C_WaitUntilTimeout
 .text.HW_I2C_Init
                0x0000000000004e3a       0x2a ./HAL/HW_I2C.o
                0x0000000000004e3a                HW_I2C_Init
 .text.HW_I2C_WR_Reg
                0x0000000000004e64       0xb2 ./HAL/HW_I2C.o
                0x0000000000004e64                HW_I2C_WR_Reg
 .text.HW_I2C_RD_Reg
                0x0000000000004f16      0x10e ./HAL/HW_I2C.o
                0x0000000000004f16                HW_I2C_RD_Reg
 .text.HW_I2C_Muti_RD_Reg
                0x0000000000005024      0x12e ./HAL/HW_I2C.o
                0x0000000000005024                HW_I2C_Muti_RD_Reg
 .text.FLASH_Read_KeyArray
                0x0000000000005152       0x3c ./HAL/KEYBOARD.o
                0x0000000000005152                FLASH_Read_KeyArray
 .text.FLASH_Write_KeyArray
                0x000000000000518e       0x4c ./HAL/KEYBOARD.o
                0x000000000000518e                FLASH_Write_KeyArray
 .text.KEYBOARD_Reset
                0x00000000000051da       0x8c ./HAL/KEYBOARD.o
                0x00000000000051da                KEYBOARD_Reset
 .text.KEYBOARD_ChangeKey
                0x0000000000005266       0x2e ./HAL/KEYBOARD.o
                0x0000000000005266                KEYBOARD_ChangeKey
 .text.KEYBOARD_Custom_Function
                0x0000000000005294      0x5ea ./HAL/KEYBOARD.o
                0x0000000000005294                KEYBOARD_Custom_Function
 .text.KEYBOARD_Init
                0x000000000000587e       0x8c ./HAL/KEYBOARD.o
                0x000000000000587e                KEYBOARD_Init
 .text.KEYBOARD_Detection
                0x000000000000590a      0x3ce ./HAL/KEYBOARD.o
                0x000000000000590a                KEYBOARD_Detection
 .text.KEYBOARD_EnterPasskey
                0x0000000000005cd8      0x11c ./HAL/KEYBOARD.o
                0x0000000000005cd8                KEYBOARD_EnterPasskey
 .text.OLED_Set_Pos
                0x0000000000005df4       0x4a ./HAL/OLED.o
                0x0000000000005df4                OLED_Set_Pos
 .text.OLED_Clear
                0x0000000000005e3e       0x62 ./HAL/OLED.o
                0x0000000000005e3e                OLED_Clear
 .text.OLED_ShowChar
                0x0000000000005ea0       0x64 ./HAL/OLED.o
                0x0000000000005ea0                OLED_ShowChar
 .text.OLED_ShowNum
                0x0000000000005f04       0x9e ./HAL/OLED.o
                0x0000000000005f04                OLED_ShowNum
 .text.OLED_ShowString
                0x0000000000005fa2       0x54 ./HAL/OLED.o
                0x0000000000005fa2                OLED_ShowString
 .text.OLED_DrawBMP
                0x0000000000005ff6       0x6c ./HAL/OLED.o
                0x0000000000005ff6                OLED_DrawBMP
 .text.OLED_Clr
                0x0000000000006062       0x56 ./HAL/OLED.o
                0x0000000000006062                OLED_Clr
 .text.OLED_Midx
                0x00000000000060b8       0x22 ./HAL/OLED.o
                0x00000000000060b8                OLED_Midx
 .text.HAL_OLED_Init
                0x00000000000060da      0x19e ./HAL/OLED.o
                0x00000000000060da                HAL_OLED_Init
 .text.OLED_UI_ShowOK
                0x0000000000006278       0x5c ./HAL/OLED_UI.o
                0x0000000000006278                OLED_UI_ShowOK
 .text.OLED_UI_ShowCapslock
                0x00000000000062d4       0x5a ./HAL/OLED_UI.o
                0x00000000000062d4                OLED_UI_ShowCapslock
 .text.OLED_UI_printf
                0x000000000000632e       0xa6 ./HAL/OLED_UI.o
                0x000000000000632e                OLED_UI_printf
 .text.OLED_UI_add_SHOWSTRING_task
                0x00000000000063d4       0x9e ./HAL/OLED_UI.o
                0x00000000000063d4                OLED_UI_add_SHOWSTRING_task
 .text.OLED_UI_add_SHOWINFO_task
                0x0000000000006472       0x84 ./HAL/OLED_UI.o
                0x0000000000006472                OLED_UI_add_SHOWINFO_task
 .text.OLED_UI_add_CANCELINFO_delay_task
                0x00000000000064f6       0x2a ./HAL/OLED_UI.o
                0x00000000000064f6                OLED_UI_add_CANCELINFO_delay_task
 .text.OLED_UI_draw_thread_callback
                0x0000000000006520      0x154 ./HAL/OLED_UI.o
                0x0000000000006520                OLED_UI_draw_thread_callback
 .text.HAL_TimeInit
                0x0000000000006674       0x3e ./HAL/RTC.o
                0x0000000000006674                HAL_TimeInit
 .text.USB_ProcessEvent
                0x00000000000066b2       0xf6 ./HAL/USB.o
                0x00000000000066b2                USB_ProcessEvent
 .text.HAL_USBInit
                0x00000000000067a8       0x70 ./HAL/USB.o
                0x00000000000067a8                HAL_USBInit
 .text.DevEP1_OUT_Deal
                0x0000000000006818       0x2a ./HAL/USB.o
                0x0000000000006818                DevEP1_OUT_Deal
 .text.DevEP2_OUT_Deal
                0x0000000000006842       0x2a ./HAL/USB.o
                0x0000000000006842                DevEP2_OUT_Deal
 .text.DevEP3_OUT_Deal
                0x000000000000686c       0x2a ./HAL/USB.o
                0x000000000000686c                DevEP3_OUT_Deal
 .text.DevEP4_OUT_Deal
                0x0000000000006896      0x268 ./HAL/USB.o
                0x0000000000006896                DevEP4_OUT_Deal
 .text.USB_DevTransProcess
                0x0000000000006afe      0x57a ./HAL/USB.o
                0x0000000000006afe                USB_DevTransProcess
 .text.WS2812_Style_Off
                0x0000000000007078       0x1c ./HAL/WS2812.o
                0x0000000000007078                WS2812_Style_Off
 .text.WS2812_Style_Breath
                0x0000000000007094       0xf2 ./HAL/WS2812.o
                0x0000000000007094                WS2812_Style_Breath
 .text.WS2812_Style_Waterful
                0x0000000000007186       0xa8 ./HAL/WS2812.o
                0x0000000000007186                WS2812_Style_Waterful
 .text.WS2812_Style_Touch
                0x000000000000722e       0xcc ./HAL/WS2812.o
                0x000000000000722e                WS2812_Style_Touch
 .text.WS2812_Style_Rainbow
                0x00000000000072fa      0x33c ./HAL/WS2812.o
                0x00000000000072fa                WS2812_Style_Rainbow
 .text.FLASH_Read_LEDStyle
                0x0000000000007636       0x8c ./HAL/WS2812.o
                0x0000000000007636                FLASH_Read_LEDStyle
 .text.FLASH_Write_LEDStyle
                0x00000000000076c2       0x48 ./HAL/WS2812.o
                0x00000000000076c2                FLASH_Write_LEDStyle
 .text.WS2812_PWM_Init
                0x000000000000770a       0x4a ./HAL/WS2812.o
                0x000000000000770a                WS2812_PWM_Init
 .text.WS2812_Style_Custom
                0x0000000000007754       0xb0 ./HAL/WS2812.o
                0x0000000000007754                WS2812_Style_Custom
 .text.WS2812_Send
                0x0000000000007804       0x62 ./HAL/WS2812.o
                0x0000000000007804                WS2812_Send
 .text.startup.main
                0x0000000000007866       0xb4 ./APP/main.o
                0x0000000000007866                main
 .text.ProduceFood
                0x000000000000791a       0xaa ./APP/snake.o
 .text.Snake_Init
                0x00000000000079c4       0x6a ./APP/snake.o
                0x00000000000079c4                Snake_Init
 .text.MoveSnake
                0x0000000000007a2e      0x238 ./APP/snake.o
                0x0000000000007a2e                MoveSnake
 .text.tmos_msg_enqueue
                0x0000000000007c66       0x1e E:\Project\tp78_v2\mounriver_project\BLE_CH582M\LIB\libCH58xBLE.a(message.o)
                0x0000000000007c66                tmos_msg_enqueue
 .text.tmos_msg_deallocate
                0x0000000000007c84       0x2c E:\Project\tp78_v2\mounriver_project\BLE_CH582M\LIB\libCH58xBLE.a(message.o)
                0x0000000000007c84                tmos_msg_deallocate
 .text.tmos_msg_allocate
                0x0000000000007cb0       0x46 E:\Project\tp78_v2\mounriver_project\BLE_CH582M\LIB\libCH58xBLE.a(message.o)
                0x0000000000007cb0                tmos_msg_allocate
 .text.tmos_msg_receive
                0x0000000000007cf6       0x70 E:\Project\tp78_v2\mounriver_project\BLE_CH582M\LIB\libCH58xBLE.a(message.o)
                0x0000000000007cf6                tmos_msg_receive
 .text.tmos_msg_send
                0x0000000000007d66       0x66 E:\Project\tp78_v2\mounriver_project\BLE_CH582M\LIB\libCH58xBLE.a(message.o)
                0x0000000000007d66                tmos_msg_send
 .text.tmos_msg_init
                0x0000000000007dcc        0xa E:\Project\tp78_v2\mounriver_project\BLE_CH582M\LIB\libCH58xBLE.a(message.o)
                0x0000000000007dcc                tmos_msg_init
 .text.tmosFindTask
                0x0000000000007dd6       0x24 E:\Project\tp78_v2\mounriver_project\BLE_CH582M\LIB\libCH58xBLE.a(tmos.o)
 .text.TMOS_CB_PeriodicProcessEvent
                0x0000000000007dfa       0x86 E:\Project\tp78_v2\mounriver_project\BLE_CH582M\LIB\libCH58xBLE.a(tmos.o)
                0x0000000000007dfa                TMOS_CB_PeriodicProcessEvent
 .text.TMOS_CB_ProcessEvent
                0x0000000000007e80       0x84 E:\Project\tp78_v2\mounriver_project\BLE_CH582M\LIB\libCH58xBLE.a(tmos.o)
                0x0000000000007e80                TMOS_CB_ProcessEvent
 .text.tmos_rand
                0x0000000000007f04       0x52 E:\Project\tp78_v2\mounriver_project\BLE_CH582M\LIB\libCH58xBLE.a(tmos.o)
                0x0000000000007f04                tmos_rand
 .text.tmos_proces_sleep
                0x0000000000007f56      0x132 E:\Project\tp78_v2\mounriver_project\BLE_CH582M\LIB\libCH58xBLE.a(tmos.o)
                0x0000000000007f56                tmos_proces_sleep
 .text.tmos_start_periodic_callback_task
                0x0000000000008088       0xfc E:\Project\tp78_v2\mounriver_project\BLE_CH582M\LIB\libCH58xBLE.a(tmos.o)
                0x0000000000008088                tmos_start_periodic_callback_task
 .text.tmos_set_event
                0x0000000000008184       0x2e E:\Project\tp78_v2\mounriver_project\BLE_CH582M\LIB\libCH58xBLE.a(tmos.o)
                0x0000000000008184                tmos_set_event
 .text.tmos_clear_event
                0x00000000000081b2       0x32 E:\Project\tp78_v2\mounriver_project\BLE_CH582M\LIB\libCH58xBLE.a(tmos.o)
                0x00000000000081b2                tmos_clear_event
 .text.tmos_update_callback_timer
                0x00000000000081e4       0xb8 E:\Project\tp78_v2\mounriver_project\BLE_CH582M\LIB\libCH58xBLE.a(tmos.o)
                0x00000000000081e4                tmos_update_callback_timer
 .text.tmos_start_task
                0x000000000000829c       0xe2 E:\Project\tp78_v2\mounriver_project\BLE_CH582M\LIB\libCH58xBLE.a(tmos.o)
                0x000000000000829c                tmos_start_task
 .text.tmos_start_callback_task
                0x000000000000837e       0x9a E:\Project\tp78_v2\mounriver_project\BLE_CH582M\LIB\libCH58xBLE.a(tmos.o)
                0x000000000000837e                tmos_start_callback_task
 .text.tmos_start_reload_task
                0x0000000000008418       0x4a E:\Project\tp78_v2\mounriver_project\BLE_CH582M\LIB\libCH58xBLE.a(tmos.o)
                0x0000000000008418                tmos_start_reload_task
 .text.tmos_stop_task
                0x0000000000008462       0x52 E:\Project\tp78_v2\mounriver_project\BLE_CH582M\LIB\libCH58xBLE.a(tmos.o)
                0x0000000000008462                tmos_stop_task
 .text.tmos_stop_callback_task
                0x00000000000084b4       0x5c E:\Project\tp78_v2\mounriver_project\BLE_CH582M\LIB\libCH58xBLE.a(tmos.o)
                0x00000000000084b4                tmos_stop_callback_task
 .text.tmos_get_task_timer
                0x0000000000008510       0x66 E:\Project\tp78_v2\mounriver_project\BLE_CH582M\LIB\libCH58xBLE.a(tmos.o)
                0x0000000000008510                tmos_get_task_timer
 .text.TMOS_TimerRegister
                0x0000000000008576       0x1e E:\Project\tp78_v2\mounriver_project\BLE_CH582M\LIB\libCH58xBLE.a(tmos.o)
                0x0000000000008576                TMOS_TimerRegister
 .text.TMOS_ProcessRegister
                0x0000000000008594       0x16 E:\Project\tp78_v2\mounriver_project\BLE_CH582M\LIB\libCH58xBLE.a(tmos.o)
                0x0000000000008594                TMOS_ProcessRegister
 .text.TMOS_Init
                0x00000000000085aa       0xf8 E:\Project\tp78_v2\mounriver_project\BLE_CH582M\LIB\libCH58xBLE.a(tmos.o)
                0x00000000000085aa                TMOS_Init
 .text.TMOS_ProcessEventRegister
                0x00000000000086a2       0x3c E:\Project\tp78_v2\mounriver_project\BLE_CH582M\LIB\libCH58xBLE.a(tmos.o)
                0x00000000000086a2                TMOS_ProcessEventRegister
 .text.BLE_LibInit
                0x00000000000086de      0x178 E:\Project\tp78_v2\mounriver_project\BLE_CH582M\LIB\libCH58xBLE.a(tmos.o)
                0x00000000000086de                BLE_LibInit
 .text.clockGetTickValve
                0x0000000000008856       0x56 E:\Project\tp78_v2\mounriver_project\BLE_CH582M\LIB\libCH58xBLE.a(tmos_hw.o)
 .text.ll_get_sca_divisor
                0x00000000000088ac       0x40 E:\Project\tp78_v2\mounriver_project\BLE_CH582M\LIB\libCH58xBLE.a(tmos_hw.o)
                0x00000000000088ac                ll_get_sca_divisor
 .text.ll_get_sca_own
                0x00000000000088ec       0x46 E:\Project\tp78_v2\mounriver_project\BLE_CH582M\LIB\libCH58xBLE.a(tmos_hw.o)
                0x00000000000088ec                ll_get_sca_own
 .text.ble_ll_common_rand8
                0x0000000000008932       0x24 E:\Project\tp78_v2\mounriver_project\BLE_CH582M\LIB\libCH58xBLE.a(tmos_hw.o)
                0x0000000000008932                ble_ll_common_rand8
 .text.ble_ll_common_rand16
                0x0000000000008956       0x24 E:\Project\tp78_v2\mounriver_project\BLE_CH582M\LIB\libCH58xBLE.a(tmos_hw.o)
                0x0000000000008956                ble_ll_common_rand16
 .text.ble_ll_common_rand32
                0x000000000000897a       0x20 E:\Project\tp78_v2\mounriver_project\BLE_CH582M\LIB\libCH58xBLE.a(tmos_hw.o)
                0x000000000000897a                ble_ll_common_rand32
 .text.TMOS_TempSample
                0x000000000000899a       0x62 E:\Project\tp78_v2\mounriver_project\BLE_CH582M\LIB\libCH58xBLE.a(tmos_hw.o)
                0x000000000000899a                TMOS_TempSample
 .text.TMOS_TimerInit
                0x00000000000089fc       0xca E:\Project\tp78_v2\mounriver_project\BLE_CH582M\LIB\libCH58xBLE.a(tmos_hw.o)
                0x00000000000089fc                TMOS_TimerInit
 .text.tmos_snv_init
                0x0000000000008ac6       0xc0 E:\Project\tp78_v2\mounriver_project\BLE_CH582M\LIB\libCH58xBLE.a(tmos_snv.o)
                0x0000000000008ac6                tmos_snv_init
 .text.tmos_snv_clear
                0x0000000000008b86       0xb2 E:\Project\tp78_v2\mounriver_project\BLE_CH582M\LIB\libCH58xBLE.a(tmos_snv.o)
                0x0000000000008b86                tmos_snv_clear
 .text.tmos_snv_read
                0x0000000000008c38      0x292 E:\Project\tp78_v2\mounriver_project\BLE_CH582M\LIB\libCH58xBLE.a(tmos_snv.o)
                0x0000000000008c38                tmos_snv_read
 .text.tmos_snv_notify
                0x0000000000008eca       0x5a E:\Project\tp78_v2\mounriver_project\BLE_CH582M\LIB\libCH58xBLE.a(tmos_snv.o)
                0x0000000000008eca                tmos_snv_notify
 .text.tmos_snv_write
                0x0000000000008f24      0x2ce E:\Project\tp78_v2\mounriver_project\BLE_CH582M\LIB\libCH58xBLE.a(tmos_snv.o)
                0x0000000000008f24                tmos_snv_write
 .text.tmos_snv_compact
                0x00000000000091f2        0x4 E:\Project\tp78_v2\mounriver_project\BLE_CH582M\LIB\libCH58xBLE.a(tmos_snv.o)
                0x00000000000091f2                tmos_snv_compact
 .text.disconnectNext
                0x00000000000091f6       0x22 E:\Project\tp78_v2\mounriver_project\BLE_CH582M\LIB\libCH58xBLE.a(gap.o)
 .text.GAP_ParamInit
                0x0000000000009218      0x14e E:\Project\tp78_v2\mounriver_project\BLE_CH582M\LIB\libCH58xBLE.a(gap.o)
                0x0000000000009218                GAP_ParamInit
 .text.sendTerminateEvent
                0x0000000000009366       0x58 E:\Project\tp78_v2\mounriver_project\BLE_CH582M\LIB\libCH58xBLE.a(gap.o)
                0x0000000000009366                sendTerminateEvent
 .text.gapRegisterCentral
                0x00000000000093be        0x6 E:\Project\tp78_v2\mounriver_project\BLE_CH582M\LIB\libCH58xBLE.a(gap.o)
                0x00000000000093be                gapRegisterCentral
 .text.gapRegisterCentralConn
                0x00000000000093c4        0x6 E:\Project\tp78_v2\mounriver_project\BLE_CH582M\LIB\libCH58xBLE.a(gap.o)
                0x00000000000093c4                gapRegisterCentralConn
 .text.gapRegisterPeripheral
                0x00000000000093ca        0x6 E:\Project\tp78_v2\mounriver_project\BLE_CH582M\LIB\libCH58xBLE.a(gap.o)
                0x00000000000093ca                gapRegisterPeripheral
 .text.gapRegisterPeripheralConn
                0x00000000000093d0        0x6 E:\Project\tp78_v2\mounriver_project\BLE_CH582M\LIB\libCH58xBLE.a(gap.o)
                0x00000000000093d0                gapRegisterPeripheralConn
 .text.smGenerateRandBuf
                0x00000000000093d6       0x56 E:\Project\tp78_v2\mounriver_project\BLE_CH582M\LIB\libCH58xBLE.a(gap.o)
                0x00000000000093d6                smGenerateRandBuf
 .text.gapL2capConnParamUpdateReq
                0x000000000000942c       0x36 E:\Project\tp78_v2\mounriver_project\BLE_CH582M\LIB\libCH58xBLE.a(gap.o)
                0x000000000000942c                gapL2capConnParamUpdateReq
 .text.gapValidADType
                0x0000000000009462       0x16 E:\Project\tp78_v2\mounriver_project\BLE_CH582M\LIB\libCH58xBLE.a(gap.o)
                0x0000000000009462                gapValidADType
 .text.gapFindADType
                0x0000000000009478       0x94 E:\Project\tp78_v2\mounriver_project\BLE_CH582M\LIB\libCH58xBLE.a(gap.o)
                0x0000000000009478                gapFindADType
 .text.GAP_SecParamsInit
                0x000000000000950c       0xae E:\Project\tp78_v2\mounriver_project\BLE_CH582M\LIB\libCH58xBLE.a(gap.o)
                0x000000000000950c                GAP_SecParamsInit
 .text.GAP_ParamsInit
                0x00000000000095ba       0x50 E:\Project\tp78_v2\mounriver_project\BLE_CH582M\LIB\libCH58xBLE.a(gap.o)
                0x00000000000095ba                GAP_ParamsInit
 .text.gapAddAddrAdj
                0x000000000000960a       0x48 E:\Project\tp78_v2\mounriver_project\BLE_CH582M\LIB\libCH58xBLE.a(gap.o)
                0x000000000000960a                gapAddAddrAdj
 .text.gapDetermineAddrType
                0x0000000000009652       0x28 E:\Project\tp78_v2\mounriver_project\BLE_CH582M\LIB\libCH58xBLE.a(gap.o)
                0x0000000000009652                gapDetermineAddrType
 .text.gapFreeAuthLink
                0x000000000000967a       0x4a E:\Project\tp78_v2\mounriver_project\BLE_CH582M\LIB\libCH58xBLE.a(gap.o)
                0x000000000000967a                gapFreeAuthLink
 .text.gapGetDevAddress
                0x00000000000096c4       0x24 E:\Project\tp78_v2\mounriver_project\BLE_CH582M\LIB\libCH58xBLE.a(gap.o)
                0x00000000000096c4                gapGetDevAddress
 .text.gapGetDevAddressMode
                0x00000000000096e8        0xa E:\Project\tp78_v2\mounriver_project\BLE_CH582M\LIB\libCH58xBLE.a(gap.o)
                0x00000000000096e8                gapGetDevAddressMode
 .text.gapGetIRK
                0x00000000000096f2        0xc E:\Project\tp78_v2\mounriver_project\BLE_CH582M\LIB\libCH58xBLE.a(gap.o)
                0x00000000000096f2                gapGetIRK
 .text.gapGetSRK
                0x00000000000096fe        0xc E:\Project\tp78_v2\mounriver_project\BLE_CH582M\LIB\libCH58xBLE.a(gap.o)
                0x00000000000096fe                gapGetSRK
 .text.gapGetSignCounter
                0x000000000000970a        0xe E:\Project\tp78_v2\mounriver_project\BLE_CH582M\LIB\libCH58xBLE.a(gap.o)
                0x000000000000970a                gapGetSignCounter
 .text.gapIncSignCounter
                0x0000000000009718       0x28 E:\Project\tp78_v2\mounriver_project\BLE_CH582M\LIB\libCH58xBLE.a(gap.o)
                0x0000000000009718                gapIncSignCounter
 .text.gapProcessConnEvt
                0x0000000000009740       0x48 E:\Project\tp78_v2\mounriver_project\BLE_CH582M\LIB\libCH58xBLE.a(gap.o)
                0x0000000000009740                gapProcessConnEvt
 .text.gapProcessDisconnectCompleteEvt
                0x0000000000009788       0xaa E:\Project\tp78_v2\mounriver_project\BLE_CH582M\LIB\libCH58xBLE.a(gap.o)
                0x0000000000009788                gapProcessDisconnectCompleteEvt
 .text.sendAuthEvent
                0x0000000000009832      0x120 E:\Project\tp78_v2\mounriver_project\BLE_CH582M\LIB\libCH58xBLE.a(gap.o)
                0x0000000000009832                sendAuthEvent
 .text.gapSendBondCompleteEvent
                0x0000000000009952       0x74 E:\Project\tp78_v2\mounriver_project\BLE_CH582M\LIB\libCH58xBLE.a(gap.o)
                0x0000000000009952                gapSendBondCompleteEvent
 .text.gapSendPairingReqEvent
                0x00000000000099c6       0x96 E:\Project\tp78_v2\mounriver_project\BLE_CH582M\LIB\libCH58xBLE.a(gap.o)
                0x00000000000099c6                gapSendPairingReqEvent
 .text.gapSendSlaveSecurityReqEvent
                0x0000000000009a5c       0x68 E:\Project\tp78_v2\mounriver_project\BLE_CH582M\LIB\libCH58xBLE.a(gap.o)
                0x0000000000009a5c                gapSendSlaveSecurityReqEvent
 .text.gapSendDeviceInitDoneEvent
                0x0000000000009ac4       0x88 E:\Project\tp78_v2\mounriver_project\BLE_CH582M\LIB\libCH58xBLE.a(gap.o)
                0x0000000000009ac4                gapSendDeviceInitDoneEvent
 .text.gapSendLinkUpdateEvent
                0x0000000000009b4c       0xb2 E:\Project\tp78_v2\mounriver_project\BLE_CH582M\LIB\libCH58xBLE.a(gap.o)
                0x0000000000009b4c                gapSendLinkUpdateEvent
 .text.gapSendPhyUpdateEvent
                0x0000000000009bfe       0x58 E:\Project\tp78_v2\mounriver_project\BLE_CH582M\LIB\libCH58xBLE.a(gap.o)
                0x0000000000009bfe                gapSendPhyUpdateEvent
 .text.gapSendEstLinkEvent
                0x0000000000009c56       0xbc E:\Project\tp78_v2\mounriver_project\BLE_CH582M\LIB\libCH58xBLE.a(gap.o)
                0x0000000000009c56                gapSendEstLinkEvent
 .text.gapProcessNewAddr
                0x0000000000009d12       0x3e E:\Project\tp78_v2\mounriver_project\BLE_CH582M\LIB\libCH58xBLE.a(gap.o)
                0x0000000000009d12                gapProcessNewAddr
 .text.gapProcessRandomAddrComplete
                0x0000000000009d50       0xb6 E:\Project\tp78_v2\mounriver_project\BLE_CH582M\LIB\libCH58xBLE.a(gap.o)
                0x0000000000009d50                gapProcessRandomAddrComplete
 .text.GAP_Authenticate
                0x0000000000009e06       0xde E:\Project\tp78_v2\mounriver_project\BLE_CH582M\LIB\libCH58xBLE.a(gap.o)
                0x0000000000009e06                GAP_Authenticate
 .text.GAP_Bond
                0x0000000000009ee4       0xaa E:\Project\tp78_v2\mounriver_project\BLE_CH582M\LIB\libCH58xBLE.a(gap.o)
                0x0000000000009ee4                GAP_Bond
 .text.GAP_GetParamValue
                0x0000000000009f8e       0x20 E:\Project\tp78_v2\mounriver_project\BLE_CH582M\LIB\libCH58xBLE.a(gap.o)
                0x0000000000009f8e                GAP_GetParamValue
 .text.GAP_PasscodeUpdate
                0x0000000000009fae       0x54 E:\Project\tp78_v2\mounriver_project\BLE_CH582M\LIB\libCH58xBLE.a(gap.o)
                0x0000000000009fae                GAP_PasscodeUpdate
 .text.GAP_RegisterForMsgs
                0x000000000000a002        0xa E:\Project\tp78_v2\mounriver_project\BLE_CH582M\LIB\libCH58xBLE.a(gap.o)
                0x000000000000a002                GAP_RegisterForMsgs
 .text.GAP_ResolvePrivateAddr
                0x000000000000a00c        0x4 E:\Project\tp78_v2\mounriver_project\BLE_CH582M\LIB\libCH58xBLE.a(gap.o)
                0x000000000000a00c                GAP_ResolvePrivateAddr
 .text.gapPairingCompleteCB
                0x000000000000a010      0x18c E:\Project\tp78_v2\mounriver_project\BLE_CH582M\LIB\libCH58xBLE.a(gap.o)
                0x000000000000a010                gapPairingCompleteCB
 .text.gapPasskeyNeededCB
                0x000000000000a19c       0x8e E:\Project\tp78_v2\mounriver_project\BLE_CH582M\LIB\libCH58xBLE.a(gap.o)
                0x000000000000a19c                gapPasskeyNeededCB
 .text.gapFreeEstLink
                0x000000000000a22a       0x20 E:\Project\tp78_v2\mounriver_project\BLE_CH582M\LIB\libCH58xBLE.a(gap.o)
                0x000000000000a22a                gapFreeEstLink
 .text.gapUpdateConnSignCounter
                0x000000000000a24a       0x7a E:\Project\tp78_v2\mounriver_project\BLE_CH582M\LIB\libCH58xBLE.a(gap.o)
                0x000000000000a24a                gapUpdateConnSignCounter
 .text.GAP_SendSlaveSecurityRequest
                0x000000000000a2c4       0x4c E:\Project\tp78_v2\mounriver_project\BLE_CH582M\LIB\libCH58xBLE.a(gap.o)
                0x000000000000a2c4                GAP_SendSlaveSecurityRequest
 .text.GAP_Signable
                0x000000000000a310       0x6a E:\Project\tp78_v2\mounriver_project\BLE_CH582M\LIB\libCH58xBLE.a(gap.o)
                0x000000000000a310                GAP_Signable
 .text.GAP_TerminateAuth
                0x000000000000a37a       0x2a E:\Project\tp78_v2\mounriver_project\BLE_CH582M\LIB\libCH58xBLE.a(gap.o)
                0x000000000000a37a                GAP_TerminateAuth
 .text.GAP_NumActiveConnections
                0x000000000000a3a4        0x4 E:\Project\tp78_v2\mounriver_project\BLE_CH582M\LIB\libCH58xBLE.a(gap.o)
                0x000000000000a3a4                GAP_NumActiveConnections
 .text.GAP_TerminateLinkReq
                0x000000000000a3a8       0x8e E:\Project\tp78_v2\mounriver_project\BLE_CH582M\LIB\libCH58xBLE.a(gap.o)
                0x000000000000a3a8                GAP_TerminateLinkReq
 .text.GAP_SetParamValue
                0x000000000000a436       0x68 E:\Project\tp78_v2\mounriver_project\BLE_CH582M\LIB\libCH58xBLE.a(gap.o)
                0x000000000000a436                GAP_SetParamValue
 .text.GAP_Init
                0x000000000000a49e       0x48 E:\Project\tp78_v2\mounriver_project\BLE_CH582M\LIB\libCH58xBLE.a(gap.o)
                0x000000000000a49e                GAP_Init
 .text.GAP_ProcessEvent
                0x000000000000a4e6      0x664 E:\Project\tp78_v2\mounriver_project\BLE_CH582M\LIB\libCH58xBLE.a(gap.o)
                0x000000000000a4e6                GAP_ProcessEvent
 .text.gapSendScanEnable
                0x000000000000ab4a       0x3a E:\Project\tp78_v2\mounriver_project\BLE_CH582M\LIB\libCH58xBLE.a(gap_central.o)
 .text.gapCentProcessConnEvt
                0x000000000000ab84      0x15c E:\Project\tp78_v2\mounriver_project\BLE_CH582M\LIB\libCH58xBLE.a(gap_central.o)
                0x000000000000ab84                gapCentProcessConnEvt
 .text.gapProcessScanningPeriodicAdvEvt
                0x000000000000ace0       0xa0 E:\Project\tp78_v2\mounriver_project\BLE_CH582M\LIB\libCH58xBLE.a(gap_central.o)
                0x000000000000ace0                gapProcessScanningPeriodicAdvEvt
 .text.gapCancelLinkReq
                0x000000000000ad80       0x38 E:\Project\tp78_v2\mounriver_project\BLE_CH582M\LIB\libCH58xBLE.a(gap_central.o)
                0x000000000000ad80                gapCancelLinkReq
 .text.gapProcessAdvertDevInfo
                0x000000000000adb8      0x248 E:\Project\tp78_v2\mounriver_project\BLE_CH582M\LIB\libCH58xBLE.a(gap_central.o)
                0x000000000000adb8                gapProcessAdvertDevInfo
 .text.gapProcessExtAdvertDevInfo
                0x000000000000b000      0x260 E:\Project\tp78_v2\mounriver_project\BLE_CH582M\LIB\libCH58xBLE.a(gap_central.o)
                0x000000000000b000                gapProcessExtAdvertDevInfo
 .text.gapProcessPeriodicAdvertisingSyncEstablishedEvt
                0x000000000000b260       0x9e E:\Project\tp78_v2\mounriver_project\BLE_CH582M\LIB\libCH58xBLE.a(gap_central.o)
                0x000000000000b260                gapProcessPeriodicAdvertisingSyncEstablishedEvt
 .text.gapProcessPeriodicAdvertisingSyncLostEvt
                0x000000000000b2fe       0x56 E:\Project\tp78_v2\mounriver_project\BLE_CH582M\LIB\libCH58xBLE.a(gap_central.o)
                0x000000000000b2fe                gapProcessPeriodicAdvertisingSyncLostEvt
 .text.gapFreeScanRecs
                0x000000000000b354       0xa6 E:\Project\tp78_v2\mounriver_project\BLE_CH582M\LIB\libCH58xBLE.a(gap_central.o)
                0x000000000000b354                gapFreeScanRecs
 .text.gapSendDevDiscEvent
                0x000000000000b3fa      0x126 E:\Project\tp78_v2\mounriver_project\BLE_CH582M\LIB\libCH58xBLE.a(gap_central.o)
                0x000000000000b3fa                gapSendDevDiscEvent
 .text.gapSetScanParamStatus
                0x000000000000b520       0x58 E:\Project\tp78_v2\mounriver_project\BLE_CH582M\LIB\libCH58xBLE.a(gap_central.o)
 .text.gapCentProcessHCICmdEvt
                0x000000000000b578       0x3e E:\Project\tp78_v2\mounriver_project\BLE_CH582M\LIB\libCH58xBLE.a(gap_central.o)
                0x000000000000b578                gapCentProcessHCICmdEvt
 .text.gapProcessScanningEvt
                0x000000000000b5b6      0x110 E:\Project\tp78_v2\mounriver_project\BLE_CH582M\LIB\libCH58xBLE.a(gap_central.o)
                0x000000000000b5b6                gapProcessScanningEvt
 .text.gapProcessScanningDirectEvt
                0x000000000000b6c6       0xfe E:\Project\tp78_v2\mounriver_project\BLE_CH582M\LIB\libCH58xBLE.a(gap_central.o)
                0x000000000000b6c6                gapProcessScanningDirectEvt
 .text.gapProcessScanningExtAdvEvt
                0x000000000000b7c4      0x26a E:\Project\tp78_v2\mounriver_project\BLE_CH582M\LIB\libCH58xBLE.a(gap_central.o)
                0x000000000000b7c4                gapProcessScanningExtAdvEvt
 .text.GAP_CentConnRegister
                0x000000000000ba2e       0x1a E:\Project\tp78_v2\mounriver_project\BLE_CH582M\LIB\libCH58xBLE.a(gap_central.o)
                0x000000000000ba2e                GAP_CentConnRegister
 .text.GAP_CentralParamInit
                0x000000000000ba48       0x6e E:\Project\tp78_v2\mounriver_project\BLE_CH582M\LIB\libCH58xBLE.a(gap_central.o)
                0x000000000000ba48                GAP_CentralParamInit
 .text.GAP_CentDevMgrInit
                0x000000000000bab6       0x9c E:\Project\tp78_v2\mounriver_project\BLE_CH582M\LIB\libCH58xBLE.a(gap_central.o)
                0x000000000000bab6                GAP_CentDevMgrInit
 .text.gapFreeAdvertState
                0x000000000000bb52       0x20 E:\Project\tp78_v2\mounriver_project\BLE_CH582M\LIB\libCH58xBLE.a(gap_peripheral.o)
 .text.gapSetPeriodicAdvParams
                0x000000000000bb72       0x30 E:\Project\tp78_v2\mounriver_project\BLE_CH582M\LIB\libCH58xBLE.a(gap_peripheral.o)
 .text.gapSetAdvParams
                0x000000000000bba2       0xfc E:\Project\tp78_v2\mounriver_project\BLE_CH582M\LIB\libCH58xBLE.a(gap_peripheral.o)
 .text.gapPeriProcessConnEvt
                0x000000000000bc9e       0xd0 E:\Project\tp78_v2\mounriver_project\BLE_CH582M\LIB\libCH58xBLE.a(gap_peripheral.o)
 .text.gapWriteAdvDataStatus
                0x000000000000bd6e       0x54 E:\Project\tp78_v2\mounriver_project\BLE_CH582M\LIB\libCH58xBLE.a(gap_peripheral.o)
 .text.GAP_MakeDiscoverable
                0x000000000000bdc2      0x174 E:\Project\tp78_v2\mounriver_project\BLE_CH582M\LIB\libCH58xBLE.a(gap_peripheral.o)
                0x000000000000bdc2                GAP_MakeDiscoverable
 .text.GAP_EndDiscoverable
                0x000000000000bf36       0x66 E:\Project\tp78_v2\mounriver_project\BLE_CH582M\LIB\libCH58xBLE.a(gap_peripheral.o)
                0x000000000000bf36                GAP_EndDiscoverable
 .text.gapProcessAdvertisingEvt
                0x000000000000bf9c      0x118 E:\Project\tp78_v2\mounriver_project\BLE_CH582M\LIB\libCH58xBLE.a(gap_peripheral.o)
 .text.GAP_MakePeriodic
                0x000000000000c0b4       0x26 E:\Project\tp78_v2\mounriver_project\BLE_CH582M\LIB\libCH58xBLE.a(gap_peripheral.o)
                0x000000000000c0b4                GAP_MakePeriodic
 .text.GAP_EndPeriodic
                0x000000000000c0da        0xc E:\Project\tp78_v2\mounriver_project\BLE_CH582M\LIB\libCH58xBLE.a(gap_peripheral.o)
                0x000000000000c0da                GAP_EndPeriodic
 .text.GAP_SetAdvertisingAdvData
                0x000000000000c0e6      0x102 E:\Project\tp78_v2\mounriver_project\BLE_CH582M\LIB\libCH58xBLE.a(gap_peripheral.o)
                0x000000000000c0e6                GAP_SetAdvertisingAdvData
 .text.GAP_SetAdvertisingRspData
                0x000000000000c1e8      0x102 E:\Project\tp78_v2\mounriver_project\BLE_CH582M\LIB\libCH58xBLE.a(gap_peripheral.o)
                0x000000000000c1e8                GAP_SetAdvertisingRspData
 .text.GAP_SetPeriodicAdvertisingData
                0x000000000000c2ea       0xc6 E:\Project\tp78_v2\mounriver_project\BLE_CH582M\LIB\libCH58xBLE.a(gap_peripheral.o)
                0x000000000000c2ea                GAP_SetPeriodicAdvertisingData
 .text.GAP_GetAdvertisingAdvData
                0x000000000000c3b0       0x26 E:\Project\tp78_v2\mounriver_project\BLE_CH582M\LIB\libCH58xBLE.a(gap_peripheral.o)
                0x000000000000c3b0                GAP_GetAdvertisingAdvData
 .text.GAP_GetAdvertisingRspData
                0x000000000000c3d6       0x34 E:\Project\tp78_v2\mounriver_project\BLE_CH582M\LIB\libCH58xBLE.a(gap_peripheral.o)
                0x000000000000c3d6                GAP_GetAdvertisingRspData
 .text.GAP_GetPeriodicAdvertisingData
                0x000000000000c40a       0x34 E:\Project\tp78_v2\mounriver_project\BLE_CH582M\LIB\libCH58xBLE.a(gap_peripheral.o)
                0x000000000000c40a                GAP_GetPeriodicAdvertisingData
 .text.GAP_ConfigDeviceAddr
                0x000000000000c43e      0x124 E:\Project\tp78_v2\mounriver_project\BLE_CH582M\LIB\libCH58xBLE.a(gap_peripheral.o)
                0x000000000000c43e                GAP_ConfigDeviceAddr
 .text.GAP_PeriConnRegister
                0x000000000000c562       0x2e E:\Project\tp78_v2\mounriver_project\BLE_CH582M\LIB\libCH58xBLE.a(gap_peripheral.o)
                0x000000000000c562                GAP_PeriConnRegister
 .text.GAP_PeripheralParamInit
                0x000000000000c590       0x58 E:\Project\tp78_v2\mounriver_project\BLE_CH582M\LIB\libCH58xBLE.a(gap_peripheral.o)
                0x000000000000c590                GAP_PeripheralParamInit
 .text.gapSendMakeDiscEvent
                0x000000000000c5e8       0x50 E:\Project\tp78_v2\mounriver_project\BLE_CH582M\LIB\libCH58xBLE.a(gap_peripheral.o)
                0x000000000000c5e8                gapSendMakeDiscEvent
 .text.gapWriteAdvEnableStatus
                0x000000000000c638      0x110 E:\Project\tp78_v2\mounriver_project\BLE_CH582M\LIB\libCH58xBLE.a(gap_peripheral.o)
 .text.gapSendMakePeriodicEvent
                0x000000000000c748       0x3a E:\Project\tp78_v2\mounriver_project\BLE_CH582M\LIB\libCH58xBLE.a(gap_peripheral.o)
                0x000000000000c748                gapSendMakePeriodicEvent
 .text.gapPeriProcessHCICmdCompleteEvt
                0x000000000000c782      0x18e E:\Project\tp78_v2\mounriver_project\BLE_CH582M\LIB\libCH58xBLE.a(gap_peripheral.o)
 .text.GAP_PeriDevMgrInit
                0x000000000000c910       0x2e E:\Project\tp78_v2\mounriver_project\BLE_CH582M\LIB\libCH58xBLE.a(gap_peripheral.o)
                0x000000000000c910                GAP_PeriDevMgrInit
 .text.ggs_SetAttrWPermit
                0x000000000000c93e       0x68 E:\Project\tp78_v2\mounriver_project\BLE_CH582M\LIB\libCH58xBLE.a(gapgattserver.o)
 .text.ggs_ReadAttrCB
                0x000000000000c9a6      0x156 E:\Project\tp78_v2\mounriver_project\BLE_CH582M\LIB\libCH58xBLE.a(gapgattserver.o)
 .text.ggs_WriteAttrCB
                0x000000000000cafc      0x15c E:\Project\tp78_v2\mounriver_project\BLE_CH582M\LIB\libCH58xBLE.a(gapgattserver.o)
 .text.GGS_ParamInit
                0x000000000000cc58      0x23a E:\Project\tp78_v2\mounriver_project\BLE_CH582M\LIB\libCH58xBLE.a(gapgattserver.o)
                0x000000000000cc58                GGS_ParamInit
 .text.GGS_SetParameter
                0x000000000000ce92       0xe2 E:\Project\tp78_v2\mounriver_project\BLE_CH582M\LIB\libCH58xBLE.a(gapgattserver.o)
                0x000000000000ce92                GGS_SetParameter
 .text.GGS_AddService
                0x000000000000cf74       0x2c E:\Project\tp78_v2\mounriver_project\BLE_CH582M\LIB\libCH58xBLE.a(gapgattserver.o)
                0x000000000000cf74                GGS_AddService
 .text.GAP_DeviceInit
                0x000000000000cfa0       0xd8 E:\Project\tp78_v2\mounriver_project\BLE_CH582M\LIB\libCH58xBLE.a(gapgattserver.o)
                0x000000000000cfa0                GAP_DeviceInit
 .text.gattGetPayload
                0x000000000000d078       0x7e E:\Project\tp78_v2\mounriver_project\BLE_CH582M\LIB\libCH58xBLE.a(gatt.o)
                0x000000000000d078                gattGetPayload
 .text.gattNotifyEvent
                0x000000000000d0f6       0x84 E:\Project\tp78_v2\mounriver_project\BLE_CH582M\LIB\libCH58xBLE.a(gatt.o)
                0x000000000000d0f6                gattNotifyEvent
 .text.gattSendFlowCtrlEvt
                0x000000000000d17a       0x52 E:\Project\tp78_v2\mounriver_project\BLE_CH582M\LIB\libCH58xBLE.a(gatt.o)
                0x000000000000d17a                gattSendFlowCtrlEvt
 .text.gattStartTimer
                0x000000000000d1cc        0xc E:\Project\tp78_v2\mounriver_project\BLE_CH582M\LIB\libCH58xBLE.a(gatt.o)
                0x000000000000d1cc                gattStartTimer
 .text.gattStopTimer
                0x000000000000d1d8       0x32 E:\Project\tp78_v2\mounriver_project\BLE_CH582M\LIB\libCH58xBLE.a(gatt.o)
                0x000000000000d1d8                gattStopTimer
 .text.GATT_AppCompletedMsg
                0x000000000000d20a       0x30 E:\Project\tp78_v2\mounriver_project\BLE_CH582M\LIB\libCH58xBLE.a(gatt.o)
                0x000000000000d20a                GATT_AppCompletedMsg
 .text.GATT_NotifyEvent
                0x000000000000d23a       0x56 E:\Project\tp78_v2\mounriver_project\BLE_CH582M\LIB\libCH58xBLE.a(gatt.o)
                0x000000000000d23a                GATT_NotifyEvent
 .text.gattRegisterServer
                0x000000000000d290        0x6 E:\Project\tp78_v2\mounriver_project\BLE_CH582M\LIB\libCH58xBLE.a(gatt.o)
                0x000000000000d290                gattRegisterServer
 .text.GATT_UpdateMTU
                0x000000000000d296       0x5a E:\Project\tp78_v2\mounriver_project\BLE_CH582M\LIB\libCH58xBLE.a(gatt.o)
                0x000000000000d296                GATT_UpdateMTU
 .text.GATT_bm_alloc
                0x000000000000d2f0       0xe8 E:\Project\tp78_v2\mounriver_project\BLE_CH582M\LIB\libCH58xBLE.a(gatt.o)
                0x000000000000d2f0                GATT_bm_alloc
 .text.GATT_ServiceChangedInd
                0x000000000000d3d8       0x94 E:\Project\tp78_v2\mounriver_project\BLE_CH582M\LIB\libCH58xBLE.a(gatt.o)
                0x000000000000d3d8                GATT_ServiceChangedInd
 .text.GATT_bm_free
                0x000000000000d46c       0x1c E:\Project\tp78_v2\mounriver_project\BLE_CH582M\LIB\libCH58xBLE.a(gatt.o)
                0x000000000000d46c                GATT_bm_free
 .text.GATT_Init
                0x000000000000d488       0x2a E:\Project\tp78_v2\mounriver_project\BLE_CH582M\LIB\libCH58xBLE.a(gatt.o)
                0x000000000000d488                GATT_Init
 .text.GATT_ProcessEvent
                0x000000000000d4b2      0x13a E:\Project\tp78_v2\mounriver_project\BLE_CH582M\LIB\libCH58xBLE.a(gatt.o)
                0x000000000000d4b2                GATT_ProcessEvent
 .text.gattProcessExchangeMTUReq
                0x000000000000d5ec        0x4 E:\Project\tp78_v2\mounriver_project\BLE_CH582M\LIB\libCH58xBLE.a(gattservapp.o)
 .text.gattServApp_FindCharCfgItem
                0x000000000000d5f0       0x24 E:\Project\tp78_v2\mounriver_project\BLE_CH582M\LIB\libCH58xBLE.a(gattservapp.o)
 .text.gattServerHandleTimerCB
                0x000000000000d614       0x3c E:\Project\tp78_v2\mounriver_project\BLE_CH582M\LIB\libCH58xBLE.a(gattservapp.o)
 .text.gattProcessExecuteWriteReq
                0x000000000000d650        0x4 E:\Project\tp78_v2\mounriver_project\BLE_CH582M\LIB\libCH58xBLE.a(gattservapp.o)
 .text.GATTServApp_ParamInit
                0x000000000000d654       0xd8 E:\Project\tp78_v2\mounriver_project\BLE_CH582M\LIB\libCH58xBLE.a(gattservapp.o)
                0x000000000000d654                GATTServApp_ParamInit
 .text.GATTServApp_ReadCharCfg
                0x000000000000d72c       0x18 E:\Project\tp78_v2\mounriver_project\BLE_CH582M\LIB\libCH58xBLE.a(gattservapp.o)
                0x000000000000d72c                GATTServApp_ReadCharCfg
 .text.GATTServApp_WriteCharCfg
                0x000000000000d744       0x3c E:\Project\tp78_v2\mounriver_project\BLE_CH582M\LIB\libCH58xBLE.a(gattservapp.o)
                0x000000000000d744                GATTServApp_WriteCharCfg
 .text.GATTServApp_ProcessCCCWriteReq
                0x000000000000d780       0x60 E:\Project\tp78_v2\mounriver_project\BLE_CH582M\LIB\libCH58xBLE.a(gattservapp.o)
                0x000000000000d780                GATTServApp_ProcessCCCWriteReq
 .text.gattServApp_WriteAttrCB
                0x000000000000d7e0       0x34 E:\Project\tp78_v2\mounriver_project\BLE_CH582M\LIB\libCH58xBLE.a(gattservapp.o)
                0x000000000000d7e0                gattServApp_WriteAttrCB
 .text.GATTServApp_SendCCCUpdatedEvent
                0x000000000000d814       0x5e E:\Project\tp78_v2\mounriver_project\BLE_CH582M\LIB\libCH58xBLE.a(gattservapp.o)
                0x000000000000d814                GATTServApp_SendCCCUpdatedEvent
 .text.GATTServApp_SendServiceChangedInd
                0x000000000000d872       0x38 E:\Project\tp78_v2\mounriver_project\BLE_CH582M\LIB\libCH58xBLE.a(gattservapp.o)
                0x000000000000d872                GATTServApp_SendServiceChangedInd
 .text.gattServApp_ClearPrepareWriteQ
                0x000000000000d8aa       0x50 E:\Project\tp78_v2\mounriver_project\BLE_CH582M\LIB\libCH58xBLE.a(gattservapp.o)
                0x000000000000d8aa                gattServApp_ClearPrepareWriteQ
 .text.gattServApp_FindPrepareWriteQ
                0x000000000000d8fa       0x32 E:\Project\tp78_v2\mounriver_project\BLE_CH582M\LIB\libCH58xBLE.a(gattservapp.o)
                0x000000000000d8fa                gattServApp_FindPrepareWriteQ
 .text.gattServApp_FindServiceCBs
                0x000000000000d92c       0x18 E:\Project\tp78_v2\mounriver_project\BLE_CH582M\LIB\libCH58xBLE.a(gattservapp.o)
                0x000000000000d92c                gattServApp_FindServiceCBs
 .text.gattServApp_FindAuthorizeAttrCB
                0x000000000000d944       0x16 E:\Project\tp78_v2\mounriver_project\BLE_CH582M\LIB\libCH58xBLE.a(gattservapp.o)
                0x000000000000d944                gattServApp_FindAuthorizeAttrCB
 .text.gattServApp_IsWriteLong
                0x000000000000d95a       0xea E:\Project\tp78_v2\mounriver_project\BLE_CH582M\LIB\libCH58xBLE.a(gattservapp.o)
                0x000000000000d95a                gattServApp_IsWriteLong
 .text.gattFindService
                0x000000000000da44       0x1c E:\Project\tp78_v2\mounriver_project\BLE_CH582M\LIB\libCH58xBLE.a(gattservapp.o)
                0x000000000000da44                gattFindService
 .text.GATT_ServiceNumAttrs
                0x000000000000da60       0x18 E:\Project\tp78_v2\mounriver_project\BLE_CH582M\LIB\libCH58xBLE.a(gattservapp.o)
                0x000000000000da60                GATT_ServiceNumAttrs
 .text.GATT_ServiceEncKeySize
                0x000000000000da78       0x18 E:\Project\tp78_v2\mounriver_project\BLE_CH582M\LIB\libCH58xBLE.a(gattservapp.o)
                0x000000000000da78                GATT_ServiceEncKeySize
 .text.GATT_VerifyWritePermissions.part.7
                0x000000000000da90       0x2e E:\Project\tp78_v2\mounriver_project\BLE_CH582M\LIB\libCH58xBLE.a(gattservapp.o)
 .text.gattResetServerInfo
                0x000000000000dabe       0x1c E:\Project\tp78_v2\mounriver_project\BLE_CH582M\LIB\libCH58xBLE.a(gattservapp.o)
                0x000000000000dabe                gattResetServerInfo
 .text.gattFindServerInfo
                0x000000000000dada       0x32 E:\Project\tp78_v2\mounriver_project\BLE_CH582M\LIB\libCH58xBLE.a(gattservapp.o)
                0x000000000000dada                gattFindServerInfo
 .text.gattServerHandleConnStatusCB
                0x000000000000db0c       0x98 E:\Project\tp78_v2\mounriver_project\BLE_CH582M\LIB\libCH58xBLE.a(gattservapp.o)
                0x000000000000db0c                gattServerHandleConnStatusCB
 .text.gattServerProcessMsgCB
                0x000000000000dba4      0x1c0 E:\Project\tp78_v2\mounriver_project\BLE_CH582M\LIB\libCH58xBLE.a(gattservapp.o)
                0x000000000000dba4                gattServerProcessMsgCB
 .text.gattServerNotifyTxCB
                0x000000000000dd64       0x28 E:\Project\tp78_v2\mounriver_project\BLE_CH582M\LIB\libCH58xBLE.a(gattservapp.o)
 .text.GATT_FindHandle
                0x000000000000dd8c       0x4a E:\Project\tp78_v2\mounriver_project\BLE_CH582M\LIB\libCH58xBLE.a(gattservapp.o)
                0x000000000000dd8c                GATT_FindHandle
 .text.GATTServApp_WriteAttr
                0x000000000000ddd6       0xa8 E:\Project\tp78_v2\mounriver_project\BLE_CH582M\LIB\libCH58xBLE.a(gattservapp.o)
                0x000000000000ddd6                GATTServApp_WriteAttr
 .text.gattServApp_ProcessExecuteWriteReq
                0x000000000000de7e      0x100 E:\Project\tp78_v2\mounriver_project\BLE_CH582M\LIB\libCH58xBLE.a(gattservapp.o)
                0x000000000000de7e                gattServApp_ProcessExecuteWriteReq
 .text.GATTServApp_UpdateCharCfg
                0x000000000000df7e       0x1e E:\Project\tp78_v2\mounriver_project\BLE_CH582M\LIB\libCH58xBLE.a(gattservapp.o)
                0x000000000000df7e                GATTServApp_UpdateCharCfg
 .text.gattServApp_ProcessPrepareWriteReq
                0x000000000000df9c      0x10e E:\Project\tp78_v2\mounriver_project\BLE_CH582M\LIB\libCH58xBLE.a(gattservapp.o)
                0x000000000000df9c                gattServApp_ProcessPrepareWriteReq
 .text.gattServApp_ProcessWriteReq
                0x000000000000e0aa       0xb0 E:\Project\tp78_v2\mounriver_project\BLE_CH582M\LIB\libCH58xBLE.a(gattservapp.o)
                0x000000000000e0aa                gattServApp_ProcessWriteReq
 .text.GATT_Indication
                0x000000000000e15a       0xa4 E:\Project\tp78_v2\mounriver_project\BLE_CH582M\LIB\libCH58xBLE.a(gattservapp.o)
                0x000000000000e15a                GATT_Indication
 .text.GATT_FindHandleUUID
                0x000000000000e1fe       0x94 E:\Project\tp78_v2\mounriver_project\BLE_CH582M\LIB\libCH58xBLE.a(gattservapp.o)
                0x000000000000e1fe                GATT_FindHandleUUID
 .text.gattProcessReadByGrpTypeReq
                0x000000000000e292       0x60 E:\Project\tp78_v2\mounriver_project\BLE_CH582M\LIB\libCH58xBLE.a(gattservapp.o)
 .text.gattProcessReadByTypeReq
                0x000000000000e2f2       0x34 E:\Project\tp78_v2\mounriver_project\BLE_CH582M\LIB\libCH58xBLE.a(gattservapp.o)
 .text.gattProcessFindByTypeValueReq
                0x000000000000e326       0x34 E:\Project\tp78_v2\mounriver_project\BLE_CH582M\LIB\libCH58xBLE.a(gattservapp.o)
 .text.gattProcessFindInfoReq
                0x000000000000e35a      0x1aa E:\Project\tp78_v2\mounriver_project\BLE_CH582M\LIB\libCH58xBLE.a(gattservapp.o)
 .text.GATT_Notification
                0x000000000000e504       0x70 E:\Project\tp78_v2\mounriver_project\BLE_CH582M\LIB\libCH58xBLE.a(gattservapp.o)
                0x000000000000e504                GATT_Notification
 .text.GATT_VerifyWritePermissions
                0x000000000000e574       0x6a E:\Project\tp78_v2\mounriver_project\BLE_CH582M\LIB\libCH58xBLE.a(gattservapp.o)
                0x000000000000e574                GATT_VerifyWritePermissions
 .text.gattProcessWriteReq
                0x000000000000e5de       0x36 E:\Project\tp78_v2\mounriver_project\BLE_CH582M\LIB\libCH58xBLE.a(gattservapp.o)
 .text.GATT_VerifyPrepareWritePermissions
                0x000000000000e614       0x56 E:\Project\tp78_v2\mounriver_project\BLE_CH582M\LIB\libCH58xBLE.a(gattservapp.o)
                0x000000000000e614                GATT_VerifyPrepareWritePermissions
 .text.gattProcessPrepareWriteReq
                0x000000000000e66a       0x36 E:\Project\tp78_v2\mounriver_project\BLE_CH582M\LIB\libCH58xBLE.a(gattservapp.o)
 .text.GATT_FindNextAttr
                0x000000000000e6a0       0xc2 E:\Project\tp78_v2\mounriver_project\BLE_CH582M\LIB\libCH58xBLE.a(gattservapp.o)
                0x000000000000e6a0                GATT_FindNextAttr
 .text.GATTServApp_ReadAttr
                0x000000000000e762      0x2ea E:\Project\tp78_v2\mounriver_project\BLE_CH582M\LIB\libCH58xBLE.a(gattservapp.o)
                0x000000000000e762                GATTServApp_ReadAttr
 .text.gattServApp_ProcessReadMultiReq
                0x000000000000ea4c      0x16e E:\Project\tp78_v2\mounriver_project\BLE_CH582M\LIB\libCH58xBLE.a(gattservapp.o)
                0x000000000000ea4c                gattServApp_ProcessReadMultiReq
 .text.gattServApp_ProcessFindByTypeValueReq
                0x000000000000ebba      0x1a0 E:\Project\tp78_v2\mounriver_project\BLE_CH582M\LIB\libCH58xBLE.a(gattservapp.o)
                0x000000000000ebba                gattServApp_ProcessFindByTypeValueReq
 .text.GATT_VerifyReadPermissions
                0x000000000000ed5a       0x68 E:\Project\tp78_v2\mounriver_project\BLE_CH582M\LIB\libCH58xBLE.a(gattservapp.o)
                0x000000000000ed5a                GATT_VerifyReadPermissions
 .text.gattProcessReadMultiReq
                0x000000000000edc2       0xae E:\Project\tp78_v2\mounriver_project\BLE_CH582M\LIB\libCH58xBLE.a(gattservapp.o)
 .text.gattProcessReadReq
                0x000000000000ee70       0x30 E:\Project\tp78_v2\mounriver_project\BLE_CH582M\LIB\libCH58xBLE.a(gattservapp.o)
 .text.gattServApp_ProcessReadByGrpTypeReq
                0x000000000000eea0      0x21c E:\Project\tp78_v2\mounriver_project\BLE_CH582M\LIB\libCH58xBLE.a(gattservapp.o)
                0x000000000000eea0                gattServApp_ProcessReadByGrpTypeReq
 .text.gattServApp_ProcessReadByTypeReq
                0x000000000000f0bc      0x1ae E:\Project\tp78_v2\mounriver_project\BLE_CH582M\LIB\libCH58xBLE.a(gattservapp.o)
                0x000000000000f0bc                gattServApp_ProcessReadByTypeReq
 .text.GATT_RegisterService
                0x000000000000f26a       0xee E:\Project\tp78_v2\mounriver_project\BLE_CH582M\LIB\libCH58xBLE.a(gattservapp.o)
                0x000000000000f26a                GATT_RegisterService
 .text.GATTServApp_RegisterService
                0x000000000000f358       0x7c E:\Project\tp78_v2\mounriver_project\BLE_CH582M\LIB\libCH58xBLE.a(gattservapp.o)
                0x000000000000f358                GATTServApp_RegisterService
 .text.GATTServApp_AddService
                0x000000000000f3d4       0x2c E:\Project\tp78_v2\mounriver_project\BLE_CH582M\LIB\libCH58xBLE.a(gattservapp.o)
                0x000000000000f3d4                GATTServApp_AddService
 .text.GATTServApp_RegisterForMsg
                0x000000000000f400        0x6 E:\Project\tp78_v2\mounriver_project\BLE_CH582M\LIB\libCH58xBLE.a(gattservapp.o)
                0x000000000000f400                GATTServApp_RegisterForMsg
 .text.GATTServApp_InitCharCfg
                0x000000000000f406       0x3e E:\Project\tp78_v2\mounriver_project\BLE_CH582M\LIB\libCH58xBLE.a(gattservapp.o)
                0x000000000000f406                GATTServApp_InitCharCfg
 .text.gattServApp_HandleConnStatusCB
                0x000000000000f444       0x74 E:\Project\tp78_v2\mounriver_project\BLE_CH582M\LIB\libCH58xBLE.a(gattservapp.o)
                0x000000000000f444                gattServApp_HandleConnStatusCB
 .text.GATT_InitServer
                0x000000000000f4b8       0xac E:\Project\tp78_v2\mounriver_project\BLE_CH582M\LIB\libCH58xBLE.a(gattservapp.o)
                0x000000000000f4b8                GATT_InitServer
 .text.GATTServApp_Init
                0x000000000000f564       0x4a E:\Project\tp78_v2\mounriver_project\BLE_CH582M\LIB\libCH58xBLE.a(gattservapp.o)
                0x000000000000f564                GATTServApp_Init
 .text.GATTServApp_ProcessEvent
                0x000000000000f5ae      0x36a E:\Project\tp78_v2\mounriver_project\BLE_CH582M\LIB\libCH58xBLE.a(gattservapp.o)
                0x000000000000f5ae                GATTServApp_ProcessEvent
 .text.l2capAllocConnChannel
                0x000000000000f918       0xe0 E:\Project\tp78_v2\mounriver_project\BLE_CH582M\LIB\libCH58xBLE.a(l2cap.o)
                0x000000000000f918                l2capAllocConnChannel
 .text.l2capFindLocalCID
                0x000000000000f9f8       0x2c E:\Project\tp78_v2\mounriver_project\BLE_CH582M\LIB\libCH58xBLE.a(l2cap.o)
                0x000000000000f9f8                l2capFindLocalCID
 .text.l2capFindLocalId
                0x000000000000fa24       0x30 E:\Project\tp78_v2\mounriver_project\BLE_CH582M\LIB\libCH58xBLE.a(l2cap.o)
                0x000000000000fa24                l2capFindLocalId
 .text.l2capFindPsm
                0x000000000000fa54       0x30 E:\Project\tp78_v2\mounriver_project\BLE_CH582M\LIB\libCH58xBLE.a(l2cap.o)
                0x000000000000fa54                l2capFindPsm
 .text.l2capFindRemoteCID
                0x000000000000fa84       0x3c E:\Project\tp78_v2\mounriver_project\BLE_CH582M\LIB\libCH58xBLE.a(l2cap.o)
                0x000000000000fa84                l2capFindRemoteCID
 .text.l2capFreeChannel
                0x000000000000fac0       0x4e E:\Project\tp78_v2\mounriver_project\BLE_CH582M\LIB\libCH58xBLE.a(l2cap.o)
                0x000000000000fac0                l2capFreeChannel
 .text.l2capDisconnectChannel
                0x000000000000fb0e       0x28 E:\Project\tp78_v2\mounriver_project\BLE_CH582M\LIB\libCH58xBLE.a(l2cap.o)
                0x000000000000fb0e                l2capDisconnectChannel
 .text.l2capHandleTimerCB
                0x000000000000fb36       0x2c E:\Project\tp78_v2\mounriver_project\BLE_CH582M\LIB\libCH58xBLE.a(l2cap.o)
                0x000000000000fb36                l2capHandleTimerCB
 .text.l2capFreePendingPkt
                0x000000000000fb62       0x58 E:\Project\tp78_v2\mounriver_project\BLE_CH582M\LIB\libCH58xBLE.a(l2cap.o)
                0x000000000000fb62                l2capFreePendingPkt
 .text.l2capGetCoChannelInfo
                0x000000000000fbba       0x86 E:\Project\tp78_v2\mounriver_project\BLE_CH582M\LIB\libCH58xBLE.a(l2cap.o)
                0x000000000000fbba                l2capGetCoChannelInfo
 .text.l2capNumActiveChannnels
                0x000000000000fc40       0x48 E:\Project\tp78_v2\mounriver_project\BLE_CH582M\LIB\libCH58xBLE.a(l2cap.o)
                0x000000000000fc40                l2capNumActiveChannnels
 .text.l2capStartTimer
                0x000000000000fc88       0x1a E:\Project\tp78_v2\mounriver_project\BLE_CH582M\LIB\libCH58xBLE.a(l2cap.o)
                0x000000000000fc88                l2capStartTimer
 .text.l2capStopTimer
                0x000000000000fca2       0x1e E:\Project\tp78_v2\mounriver_project\BLE_CH582M\LIB\libCH58xBLE.a(l2cap.o)
                0x000000000000fca2                l2capStopTimer
 .text.l2capDisconnectAllChannels
                0x000000000000fcc0       0xdc E:\Project\tp78_v2\mounriver_project\BLE_CH582M\LIB\libCH58xBLE.a(l2cap.o)
                0x000000000000fcc0                l2capDisconnectAllChannels
 .text.l2capHandleConnStatusCB
                0x000000000000fd9c       0x3c E:\Project\tp78_v2\mounriver_project\BLE_CH582M\LIB\libCH58xBLE.a(l2cap.o)
                0x000000000000fd9c                l2capHandleConnStatusCB
 .text.l2capHandleRxError
                0x000000000000fdd8        0x6 E:\Project\tp78_v2\mounriver_project\BLE_CH582M\LIB\libCH58xBLE.a(l2cap.o)
                0x000000000000fdd8                l2capHandleRxError
 .text.L2CAP_GetMTU
                0x000000000000fdde        0x6 E:\Project\tp78_v2\mounriver_project\BLE_CH582M\LIB\libCH58xBLE.a(l2cap.o)
                0x000000000000fdde                L2CAP_GetMTU
 .text.L2CAP_HostNumCompletedPkts
                0x000000000000fde4       0x28 E:\Project\tp78_v2\mounriver_project\BLE_CH582M\LIB\libCH58xBLE.a(l2cap.o)
                0x000000000000fde4                L2CAP_HostNumCompletedPkts
 .text.L2CAP_ParseConnectReq
                0x000000000000fe0c       0x5e E:\Project\tp78_v2\mounriver_project\BLE_CH582M\LIB\libCH58xBLE.a(l2cap.o)
                0x000000000000fe0c                L2CAP_ParseConnectReq
 .text.L2CAP_ParseFlowCtrlCredit
                0x000000000000fe6a       0x2e E:\Project\tp78_v2\mounriver_project\BLE_CH582M\LIB\libCH58xBLE.a(l2cap.o)
                0x000000000000fe6a                L2CAP_ParseFlowCtrlCredit
 .text.L2CAP_RegisterApp
                0x000000000000fe98       0x30 E:\Project\tp78_v2\mounriver_project\BLE_CH582M\LIB\libCH58xBLE.a(l2cap.o)
                0x000000000000fe98                L2CAP_RegisterApp
 .text.L2CAP_SetBufSize
                0x000000000000fec8       0x1e E:\Project\tp78_v2\mounriver_project\BLE_CH582M\LIB\libCH58xBLE.a(l2cap.o)
                0x000000000000fec8                L2CAP_SetBufSize
 .text.L2CAP_bm_alloc
                0x000000000000fee6       0x2a E:\Project\tp78_v2\mounriver_project\BLE_CH582M\LIB\libCH58xBLE.a(l2cap.o)
                0x000000000000fee6                L2CAP_bm_alloc
 .text.L2CAP_Init
                0x000000000000ff10      0x112 E:\Project\tp78_v2\mounriver_project\BLE_CH582M\LIB\libCH58xBLE.a(l2cap.o)
                0x000000000000ff10                L2CAP_Init
 .text.L2CAP_ProcessEvent
                0x0000000000010022       0xd4 E:\Project\tp78_v2\mounriver_project\BLE_CH582M\LIB\libCH58xBLE.a(l2cap.o)
                0x0000000000010022                L2CAP_ProcessEvent
 .text.l2capParseCmdReject
                0x00000000000100f6       0x5e E:\Project\tp78_v2\mounriver_project\BLE_CH582M\LIB\libCH58xBLE.a(l2cap_input.o)
                0x00000000000100f6                l2capParseCmdReject
 .text.l2capParseDisconnectReq
                0x0000000000010154       0x2e E:\Project\tp78_v2\mounriver_project\BLE_CH582M\LIB\libCH58xBLE.a(l2cap_input.o)
                0x0000000000010154                l2capParseDisconnectReq
 .text.l2capParseDisconnectRsp
                0x0000000000010182       0x2e E:\Project\tp78_v2\mounriver_project\BLE_CH582M\LIB\libCH58xBLE.a(l2cap_input.o)
                0x0000000000010182                l2capParseDisconnectRsp
 .text.L2CAP_ParseParamUpdateReq
                0x00000000000101b0       0x4e E:\Project\tp78_v2\mounriver_project\BLE_CH582M\LIB\libCH58xBLE.a(l2cap_input.o)
                0x00000000000101b0                L2CAP_ParseParamUpdateReq
 .text.l2capParseParamUpdateRsp
                0x00000000000101fe       0x1e E:\Project\tp78_v2\mounriver_project\BLE_CH582M\LIB\libCH58xBLE.a(l2cap_input.o)
                0x00000000000101fe                l2capParseParamUpdateRsp
 .text.l2capProcessConnectReq
                0x000000000001021c       0xfc E:\Project\tp78_v2\mounriver_project\BLE_CH582M\LIB\libCH58xBLE.a(l2cap_input.o)
                0x000000000001021c                l2capProcessConnectReq
 .text.l2capParseConnectRsp
                0x0000000000010318       0x5e E:\Project\tp78_v2\mounriver_project\BLE_CH582M\LIB\libCH58xBLE.a(l2cap_input.o)
                0x0000000000010318                l2capParseConnectRsp
 .text.l2capParseSignalHdr
                0x0000000000010376       0x22 E:\Project\tp78_v2\mounriver_project\BLE_CH582M\LIB\libCH58xBLE.a(l2cap_input.o)
                0x0000000000010376                l2capParseSignalHdr
 .text.l2capParsePacket
                0x0000000000010398       0x8c E:\Project\tp78_v2\mounriver_project\BLE_CH582M\LIB\libCH58xBLE.a(l2cap_input.o)
                0x0000000000010398                l2capParsePacket
 .text.l2capProcessReq
                0x0000000000010424      0x15e E:\Project\tp78_v2\mounriver_project\BLE_CH582M\LIB\libCH58xBLE.a(l2cap_input.o)
                0x0000000000010424                l2capProcessReq
 .text.l2capProcessRsp
                0x0000000000010582      0x150 E:\Project\tp78_v2\mounriver_project\BLE_CH582M\LIB\libCH58xBLE.a(l2cap_input.o)
                0x0000000000010582                l2capProcessRsp
 .text.l2capProcessRxData
                0x00000000000106d2       0xf8 E:\Project\tp78_v2\mounriver_project\BLE_CH582M\LIB\libCH58xBLE.a(l2cap_input.o)
                0x00000000000106d2                l2capProcessRxData
 .text.l2capNotifyData
                0x00000000000107ca       0x5e E:\Project\tp78_v2\mounriver_project\BLE_CH582M\LIB\libCH58xBLE.a(l2cap_output.o)
                0x00000000000107ca                l2capNotifyData
 .text.l2capNotifySignal
                0x0000000000010828       0x7a E:\Project\tp78_v2\mounriver_project\BLE_CH582M\LIB\libCH58xBLE.a(l2cap_output.o)
                0x0000000000010828                l2capNotifySignal
 .text.l2capNotifyCreditEvt
                0x00000000000108a2       0xa4 E:\Project\tp78_v2\mounriver_project\BLE_CH582M\LIB\libCH58xBLE.a(l2cap_output.o)
                0x00000000000108a2                l2capNotifyCreditEvt
 .text.l2capNotifyChannelEstEvt
                0x0000000000010946       0x5c E:\Project\tp78_v2\mounriver_project\BLE_CH582M\LIB\libCH58xBLE.a(l2cap_output.o)
                0x0000000000010946                l2capNotifyChannelEstEvt
 .text.l2capNotifyChannelTermEvt
                0x00000000000109a2       0x3e E:\Project\tp78_v2\mounriver_project\BLE_CH582M\LIB\libCH58xBLE.a(l2cap_output.o)
                0x00000000000109a2                l2capNotifyChannelTermEvt
 .text.l2capNotifyEvent
                0x00000000000109e0       0x66 E:\Project\tp78_v2\mounriver_project\BLE_CH582M\LIB\libCH58xBLE.a(l2cap_output.o)
                0x00000000000109e0                l2capNotifyEvent
 .text.l2capStoreFCPkt
                0x0000000000010a46       0x32 E:\Project\tp78_v2\mounriver_project\BLE_CH582M\LIB\libCH58xBLE.a(l2cap_output.o)
                0x0000000000010a46                l2capStoreFCPkt
 .text.l2capFreeTxSDU
                0x0000000000010a78       0x9e E:\Project\tp78_v2\mounriver_project\BLE_CH582M\LIB\libCH58xBLE.a(l2cap_output.o)
                0x0000000000010a78                l2capFreeTxSDU
 .text.l2capReassembleSegment
                0x0000000000010b16      0x178 E:\Project\tp78_v2\mounriver_project\BLE_CH582M\LIB\libCH58xBLE.a(l2cap_output.o)
                0x0000000000010b16                l2capReassembleSegment
 .text.l2capEncapSendData
                0x0000000000010c8e       0xf0 E:\Project\tp78_v2\mounriver_project\BLE_CH582M\LIB\libCH58xBLE.a(l2cap_output.o)
                0x0000000000010c8e                l2capEncapSendData
 .text.l2capSendFCPkt.part.3
                0x0000000000010d7e       0x70 E:\Project\tp78_v2\mounriver_project\BLE_CH582M\LIB\libCH58xBLE.a(l2cap_output.o)
 .text.l2capSendSegment
                0x0000000000010dee      0x108 E:\Project\tp78_v2\mounriver_project\BLE_CH582M\LIB\libCH58xBLE.a(l2cap_output.o)
                0x0000000000010dee                l2capSendSegment
 .text.l2capSendNextSegment
                0x0000000000010ef6       0xb4 E:\Project\tp78_v2\mounriver_project\BLE_CH582M\LIB\libCH58xBLE.a(l2cap_output.o)
                0x0000000000010ef6                l2capSendNextSegment
 .text.l2capSendPkt
                0x0000000000010faa       0x3a E:\Project\tp78_v2\mounriver_project\BLE_CH582M\LIB\libCH58xBLE.a(l2cap_output.o)
                0x0000000000010faa                l2capSendPkt
 .text.L2CAP_SendData
                0x0000000000010fe4       0x82 E:\Project\tp78_v2\mounriver_project\BLE_CH582M\LIB\libCH58xBLE.a(l2cap_output.o)
                0x0000000000010fe4                L2CAP_SendData
 .text.l2capSendCmd
                0x0000000000011066       0x8a E:\Project\tp78_v2\mounriver_project\BLE_CH582M\LIB\libCH58xBLE.a(l2cap_output.o)
                0x0000000000011066                l2capSendCmd
 .text.l2capSendReq
                0x00000000000110f0       0xae E:\Project\tp78_v2\mounriver_project\BLE_CH582M\LIB\libCH58xBLE.a(l2cap_output.o)
                0x00000000000110f0                l2capSendReq
 .text.l2capBuildDisconnectReq
                0x000000000001119e       0x28 E:\Project\tp78_v2\mounriver_project\BLE_CH582M\LIB\libCH58xBLE.a(l2cap_sdu.o)
 .text.l2capBuildParamUpdateReq
                0x00000000000111c6       0x4c E:\Project\tp78_v2\mounriver_project\BLE_CH582M\LIB\libCH58xBLE.a(l2cap_sdu.o)
 .text.l2capBuildParamUpdateRsp
                0x0000000000011212       0x16 E:\Project\tp78_v2\mounriver_project\BLE_CH582M\LIB\libCH58xBLE.a(l2cap_sdu.o)
 .text.l2capBuildConnectRsp
                0x0000000000011228       0x5e E:\Project\tp78_v2\mounriver_project\BLE_CH582M\LIB\libCH58xBLE.a(l2cap_sdu.o)
 .text.l2capBuildCmdReject
                0x0000000000011286       0x62 E:\Project\tp78_v2\mounriver_project\BLE_CH582M\LIB\libCH58xBLE.a(l2cap_sdu.o)
                0x0000000000011286                l2capBuildCmdReject
 .text.l2capBuildDisconnectRsp
                0x00000000000112e8       0x28 E:\Project\tp78_v2\mounriver_project\BLE_CH582M\LIB\libCH58xBLE.a(l2cap_sdu.o)
                0x00000000000112e8                l2capBuildDisconnectRsp
 .text.l2capSendConnectRsp
                0x0000000000011310       0xaa E:\Project\tp78_v2\mounriver_project\BLE_CH582M\LIB\libCH58xBLE.a(l2cap_sdu.o)
                0x0000000000011310                l2capSendConnectRsp
 .text.L2CAP_CmdReject