Archive member included to satisfy reference by file (symbol)

E:\Project\tp78_v2\mounriver_project\BLE_CH582M\StdPeriphDriver\libISP583.a(ISP583.o)
                              ./TMOS/BLE.o (FLASH_EEPROM_CMD)
E:\Project\tp78_v2\mounriver_project\BLE_CH582M\LIB\libCH58xBLE.a(message.o)
                              ./TMOS/BLE.o (tmos_msg_deallocate)
E:\Project\tp78_v2\mounriver_project\BLE_CH582M\LIB\libCH58xBLE.a(tmos.o)
                              E:\Project\tp78_v2\mounriver_project\BLE_CH582M\LIB\libCH58xBLE.a(message.o) (gTmosPara)
E:\Project\tp78_v2\mounriver_project\BLE_CH582M\LIB\libCH58xBLE.a(tmos_hw.o)
                              E:\Project\tp78_v2\mounriver_project\BLE_CH582M\LIB\libCH58xBLE.a(tmos.o) (fnGetClockCBs)
E:\Project\tp78_v2\mounriver_project\BLE_CH582M\LIB\libCH58xBLE.a(tmos_snv.o)
                              E:\Project\tp78_v2\mounriver_project\BLE_CH582M\LIB\libCH58xBLE.a(tmos.o) (tmos_snv_init)
E:\Project\tp78_v2\mounriver_project\BLE_CH582M\LIB\libCH58xBLE.a(gap.o)
                              ./Profile/hiddev.o (GAP_SetParamValue)
E:\Project\tp78_v2\mounriver_project\BLE_CH582M\LIB\libCH58xBLE.a(gap_central.o)
                              E:\Project\tp78_v2\mounriver_project\BLE_CH582M\LIB\libCH58xBLE.a(gap.o) (gapProcessPeriodicAdvertisingSyncEstablishedEvt)
E:\Project\tp78_v2\mounriver_project\BLE_CH582M\LIB\libCH58xBLE.a(gap_peripheral.o)
                              ./TMOS/BLE.o (GAP_ConfigDeviceAddr)
E:\Project\tp78_v2\mounriver_project\BLE_CH582M\LIB\libCH58xBLE.a(gapgattserver.o)
                              ./TMOS/BLE.o (GGS_SetParameter)
E:\Project\tp78_v2\mounriver_project\BLE_CH582M\LIB\libCH58xBLE.a(gatt.o)
                              ./Profile/battservice.o (GATT_bm_alloc)
E:\Project\tp78_v2\mounriver_project\BLE_CH582M\LIB\libCH58xBLE.a(gatt_uuid.o)
                              ./Profile/battservice.o (reportRefUUID)
E:\Project\tp78_v2\mounriver_project\BLE_CH582M\LIB\libCH58xBLE.a(gattclientapp.o)
                              E:\Project\tp78_v2\mounriver_project\BLE_CH582M\LIB\libCH58xBLE.a(gatt.o) (gattGetClientStatus)
E:\Project\tp78_v2\mounriver_project\BLE_CH582M\LIB\libCH58xBLE.a(gattservapp.o)
                              ./Profile/battservice.o (GATTServApp_ReadCharCfg)
E:\Project\tp78_v2\mounriver_project\BLE_CH582M\LIB\libCH58xBLE.a(l2cap.o)
                              E:\Project\tp78_v2\mounriver_project\BLE_CH582M\LIB\libCH58xBLE.a(gatt.o) (L2CAP_GetMTU)
E:\Project\tp78_v2\mounriver_project\BLE_CH582M\LIB\libCH58xBLE.a(l2cap_input.o)
                              E:\Project\tp78_v2\mounriver_project\BLE_CH582M\LIB\libCH58xBLE.a(l2cap.o) (l2capProcessRxData)
E:\Project\tp78_v2\mounriver_project\BLE_CH582M\LIB\libCH58xBLE.a(l2cap_output.o)
                              E:\Project\tp78_v2\mounriver_project\BLE_CH582M\LIB\libCH58xBLE.a(l2cap_input.o) (l2capNotifyData)
E:\Project\tp78_v2\mounriver_project\BLE_CH582M\LIB\libCH58xBLE.a(l2cap_sdu.o)
                              E:\Project\tp78_v2\mounriver_project\BLE_CH582M\LIB\libCH58xBLE.a(l2cap_input.o) (l2capBuildDisconnectRsp)
E:\Project\tp78_v2\mounriver_project\BLE_CH582M\LIB\libCH58xBLE.a(linkdb.o)
                              E:\Project\tp78_v2\mounriver_project\BLE_CH582M\LIB\libCH58xBLE.a(l2cap.o) (linkDB_Init)
E:\Project\tp78_v2\mounriver_project\BLE_CH582M\LIB\libCH58xBLE.a(sm.o)
                              E:\Project\tp78_v2\mounriver_project\BLE_CH582M\LIB\libCH58xBLE.a(gap.o) (smStartEncryption)
E:\Project\tp78_v2\mounriver_project\BLE_CH582M\LIB\libCH58xBLE.a(host_input.o)
                              E:\Project\tp78_v2\mounriver_project\BLE_CH582M\LIB\libCH58xBLE.a(gap.o) (gBleHostPara)
E:\Project\tp78_v2\mounriver_project\BLE_CH582M\LIB\libCH58xBLE.a(host_output.o)
                              E:\Project\tp78_v2\mounriver_project\BLE_CH582M\LIB\libCH58xBLE.a(gap.o) (HCI_DisconnectCmd)
E:\Project\tp78_v2\mounriver_project\BLE_CH582M\LIB\libCH58xBLE.a(ll_connect.o)
                              E:\Project\tp78_v2\mounriver_project\BLE_CH582M\LIB\libCH58xBLE.a(tmos.o) (LL_GetNextConnectEventTime)
E:\Project\tp78_v2\mounriver_project\BLE_CH582M\LIB\libCH58xBLE.a(ll_core.o)
                              E:\Project\tp78_v2\mounriver_project\BLE_CH582M\LIB\libCH58xBLE.a(ll_connect.o) (LL_CoreGetCore)
E:\Project\tp78_v2\mounriver_project\BLE_CH582M\LIB\libCH58xBLE.a(ll_hop.o)
                              E:\Project\tp78_v2\mounriver_project\BLE_CH582M\LIB\libCH58xBLE.a(ll_connect.o) (LL_HopGetChannel)
E:\Project\tp78_v2\mounriver_project\BLE_CH582M\LIB\libCH58xBLE.a(ll_master.o)
                              E:\Project\tp78_v2\mounriver_project\BLE_CH582M\LIB\libCH58xBLE.a(ll_connect.o) (ll_master_process)
E:\Project\tp78_v2\mounriver_project\BLE_CH582M\LIB\libCH58xBLE.a(ll_pdu.o)
                              E:\Project\tp78_v2\mounriver_project\BLE_CH582M\LIB\libCH58xBLE.a(ll_master.o) (LL_ConnectionUpdateInd)
[...]
Memory Configuration

Name             Origin             Length             Attributes
FLASH            0x0000000000000000 0x0000000000070000 xr
RAM              0x0000000020000000 0x0000000000008000 xrw
*default*        0x0000000000000000 0xffffffffffffffff

Linker script and memory map

LOAD ./TMOS/BLE.o
LOAD ./TMOS/MCU.o
LOAD ./TMOS/RF_PHY.o
LOAD ./StdPeriphDriver/CH58x_adc.o
LOAD ./StdPeriphDriver/CH58x_clk.o
LOAD ./StdPeriphDriver/CH58x_flash.o
LOAD ./StdPeriphDriver/CH58x_gpio.o
LOAD ./StdPeriphDriver/CH58x_i2c.o
LOAD ./StdPeriphDriver/CH58x_pwm.o
LOAD ./StdPeriphDriver/CH58x_pwr.o
LOAD ./StdPeriphDriver/CH58x_spi0.o
LOAD ./StdPeriphDriver/CH58x_spi1.o
LOAD ./StdPeriphDriver/CH58x_sys.o
LOAD ./StdPeriphDriver/CH58x_timer0.o
LOAD ./StdPeriphDriver/CH58x_timer1.o
LOAD ./StdPeriphDriver/CH58x_timer2.o
LOAD ./StdPeriphDriver/CH58x_timer3.o
LOAD ./StdPeriphDriver/CH58x_uart0.o
LOAD ./StdPeriphDriver/CH58x_uart1.o
LOAD ./StdPeriphDriver/CH58x_uart2.o
LOAD ./StdPeriphDriver/CH58x_uart3.o
LOAD ./StdPeriphDriver/CH58x_usb2dev.o
LOAD ./StdPeriphDriver/CH58x_usb2hostBase.o
LOAD ./StdPeriphDriver/CH58x_usb2hostClass.o
LOAD ./StdPeriphDriver/CH58x_usbdev.o
LOAD ./StdPeriphDriver/CH58x_usbhostBase.o
LOAD ./StdPeriphDriver/CH58x_usbhostClass.o
LOAD ./Startup/startup_CH583.o
LOAD ./RVMSIS/core_riscv.o
LOAD ./Profile/battservice.o
LOAD ./Profile/devinfoservice.o
LOAD ./Profile/hiddev.o
LOAD ./Profile/hidkbmservice.o
LOAD ./Profile/scanparamservice.o
LOAD ./HAL/BATTERY.o
LOAD ./HAL/CORE.o
LOAD ./HAL/HW_I2C.o
LOAD ./HAL/I2C_TP.o
LOAD ./HAL/KEY.o
LOAD ./HAL/KEYBOARD.o
LOAD ./HAL/LED.o
LOAD ./HAL/MPR121.o
LOAD ./HAL/MSG_CP.o
LOAD ./HAL/OLED.o
LOAD ./HAL/OLEDFONT.o
LOAD ./HAL/OLED_UI.o
LOAD ./HAL/PS2.o
LOAD ./HAL/RTC.o
LOAD ./HAL/SLEEP.o
LOAD ./HAL/USB.o
LOAD ./HAL/WS2812.o
LOAD ./APP/main.o
LOAD ./APP/snake.o
LOAD E:\Project\tp78_v2\mounriver_project\BLE_CH582M\StdPeriphDriver\libISP583.a
LOAD E:\Project\tp78_v2\mounriver_project\BLE_CH582M\LIB\libCH58xBLE.a
LOAD d:/mounriver/mounriver_studio/toolchain/risc-v embedded gcc/bin/../lib/gcc/riscv-none-embed/8.2.0/rv32imac/ilp32\libgcc.a
LOAD d:/mounriver/mounriver_studio/toolchain/risc-v embedded gcc/bin/../lib/gcc/riscv-none-embed/8.2.0/../../../../riscv-none-embed/lib/rv32imac/ilp32\libg_nano.a
LOAD d:/mounriver/mounriver_studio/toolchain/risc-v embedded gcc/bin/../lib/gcc/riscv-none-embed/8.2.0/../../../../riscv-none-embed/lib/rv32imac/ilp32\libc_nano.a
LOAD d:/mounriver/mounriver_studio/toolchain/risc-v embedded gcc/bin/../lib/gcc/riscv-none-embed/8.2.0/rv32imac/ilp32\libgcc.a
START GROUP
LOAD d:/mounriver/mounriver_studio/toolchain/risc-v embedded gcc/bin/../lib/gcc/riscv-none-embed/8.2.0/rv32imac/ilp32\libgcc.a
LOAD d:/mounriver/mounriver_studio/toolchain/risc-v embedded gcc/bin/../lib/gcc/riscv-none-embed/8.2.0/../../../../riscv-none-embed/lib/rv32imac/ilp32\libc_nano.a
LOAD d:/mounriver/mounriver_studio/toolchain/risc-v embedded gcc/bin/../lib/gcc/riscv-none-embed/8.2.0/../../../../riscv-none-embed/lib/rv32imac/ilp32\libnosys.a
END GROUP
START GROUP
LOAD d:/mounriver/mounriver_studio/toolchain/risc-v embedded gcc/bin/../lib/gcc/riscv-none-embed/8.2.0/rv32imac/ilp32\libgcc.a
LOAD d:/mounriver/mounriver_studio/toolchain/risc-v embedded gcc/bin/../lib/gcc/riscv-none-embed/8.2.0/../../../../riscv-none-embed/lib/rv32imac/ilp32\libc_nano.a
LOAD d:/mounriver/mounriver_studio/toolchain/risc-v embedded gcc/bin/../lib/gcc/riscv-none-embed/8.2.0/../../../../riscv-none-embed/lib/rv32imac/ilp32\libnosys.a
END GROUP

.init           0x0000000000000000        0x4
                0x0000000000000000                _sinit = .
                0x0000000000000000                . = ALIGN (0x4)
 *(SORT_NONE(.init))
 .init          0x0000000000000000        0x4 ./Startup/startup_CH583.o
                0x0000000000000000                _start
                0x0000000000000004                . = ALIGN (0x4)
                0x0000000000000004                _einit = .

.highcodelalign
                0x0000000000000004        0x0
                0x0000000000000004                . = ALIGN (0x4)
                0x0000000000000004                PROVIDE (_highcode_lma = .)

.highcode       0x0000000020000000     0x1ff4 load address 0x0000000000000004
                0x0000000020000000                . = ALIGN (0x4)
                0x0000000020000000                PROVIDE (_highcode_vma_start = .)
 *(.vector)
 .vector        0x0000000020000000       0x90 ./Startup/startup_CH583.o
 *(SORT_NONE(.vector_handler))
 .vector_handler
                0x0000000020000090       0x36 ./Startup/startup_CH583.o
                0x0000000020000090                NMI_Handler
                0x0000000020000094                Ecall_M_Mode_Handler
                0x0000000020000096                Ecall_U_Mode_Handler
                0x0000000020000098                Break_Point_Handler
                0x000000002000009a                SysTick_Handler
                0x000000002000009c                SW_Handler
                0x000000002000009e                TMR0_IRQHandler
                0x00000000200000a4                SPI0_IRQHandler
                0x00000000200000a6                BB_IRQHandler
                0x00000000200000a8                LLE_IRQHandler
                0x00000000200000ac                USB2_IRQHandler
                0x00000000200000ae                TMR1_IRQHandler
                0x00000000200000b0                TMR2_IRQHandler
                0x00000000200000b2                UART0_IRQHandler
                0x00000000200000b4                UART1_IRQHandler
                0x00000000200000b8                ADC_IRQHandler
                0x00000000200000ba                I2C_IRQHandler
                0x00000000200000bc                PWMX_IRQHandler
                0x00000000200000be                TMR3_IRQHandler
                0x00000000200000c0                UART2_IRQHandler
                0x00000000200000c2                UART3_IRQHandler
                0x00000000200000c4                WDOG_BAT_IRQHandler
 *(.highcode)
 .highcode      0x00000000200000c6      0x1c6 ./StdPeriphDriver/CH58x_sys.o
                0x00000000200000c6                SetSysClock
                0x000000002000021c                HardFault_Handler
                0x0000000020000256                mDelayuS
                0x0000000020000264                mDelaymS
 .highcode      0x000000002000028c       0x7c ./HAL/CORE.o
                0x000000002000028c                APPJumpBoot
                0x00000000200002d6                SoftReset
                0x0000000020000306                GotoLowpower
 .highcode      0x0000000020000308       0x1a ./HAL/RTC.o
                0x0000000020000308                RTC_IRQHandler
 .highcode      0x0000000020000322        0xc ./HAL/USB.o
                0x0000000020000322                USB_IRQHandler
 .highcode      0x000000002000032e       0x1c ./APP/main.o
                0x000000002000032e                Main_Circulation
                0x0000000020000336                GPIOA_IRQHandler
                0x0000000020000346                GPIOB_IRQHandler
 .highcode      0x000000002000034a      0x426 E:\Project\tp78_v2\mounriver_project\BLE_CH582M\StdPeriphDriver\libISP583.a(ISP583.o)
                0x000000002000034a                FLASH_ROM_BEG
                0x000000002000035c                FLASH_ROM_END
                0x000000002000036a                FLASH_ROM_IN
                0x0000000020000378                FLASH_ROM_OUT
                0x0000000020000386                FLASH_ROM_ADDR
                0x00000000200003ce                FLASH_ROM_WAIT
                0x0000000020000406                FLASH_EEPROM_CMD
 .highcode      0x0000000020000770      0x44c E:\Project\tp78_v2\mounriver_project\BLE_CH582M\LIB\libCH58xBLE.a(tmos.o)
                0x0000000020000770                tmos_memcpy
                0x0000000020000790                tmos_memcpy_word
                0x00000000200007a8                tmos_memset
                0x00000000200007ba                tmos_strlen
                0x00000000200007ce                tmos_memdup
                0x0000000020000800                tmos_memcmp
                0x000000002000082e                tmos_revmemcpy
                0x000000002000084a                tmos_isbufset
                0x000000002000086c                tmos_proces_system_time
                0x00000000200009b6                TMOS_SystemProcess
 .highcode      0x0000000020000bbc       0x4c E:\Project\tp78_v2\mounriver_project\BLE_CH582M\LIB\libCH58xBLE.a(tmos_hw.o)
                0x0000000020000c06                TMOS_TimerIRQHandler
 .highcode      0x0000000020000c08      0x2c8 E:\Project\tp78_v2\mounriver_project\BLE_CH582M\LIB\libCH58xBLE.a(ll_connect.o)
                0x0000000020000c08                ll_connect_send_data
                0x0000000020000d30                ll_connect_recv_data
                0x0000000020000e10                ll_connect_event_continue
 .highcode      0x0000000020000ed0      0x310 E:\Project\tp78_v2\mounriver_project\BLE_CH582M\LIB\libCH58xBLE.a(ll_hop.o)
                0x0000000020000ed0                LL_HopGetChannel
                0x0000000020000f76                LL_HopGetChannel2
 .highcode      0x00000000200011e0       0x50 E:\Project\tp78_v2\mounriver_project\BLE_CH582M\LIB\libCH58xBLE.a(ll_whitelist.o)
                0x00000000200011e0                LL_WhitelistLookup
 .highcode      0x0000000020001230      0x1e0 E:\Project\tp78_v2\mounriver_project\BLE_CH582M\LIB\libCH58xBLE.a(aes.o)
                0x0000000020001230                AES_DevAESEnc
 .highcode      0x0000000020001410      0x14e E:\Project\tp78_v2\mounriver_project\BLE_CH582M\LIB\libCH58xBLE.a(bb.o)
                0x0000000020001410                BB_IRQLibHandler
 .highcode      0x000000002000155e      0x3ee E:\Project\tp78_v2\mounriver_project\BLE_CH582M\LIB\libCH58xBLE.a(ip.o)
                0x000000002000155e                ll_rx_wait_finish
                0x000000002000159c                ble_ll_chkcrc
                0x0000000020001666                ll_tx_wait_finish
                0x000000002000178a                BLE_CheckHoppingMap
 .highcode      0x000000002000194c      0x212 E:\Project\tp78_v2\mounriver_project\BLE_CH582M\LIB\libCH58xBLE.a(lle.o)
                0x000000002000194c                LLE_IRQLibHandler
 .highcode      0x0000000020001b5e      0x1d2 E:\Project\tp78_v2\mounriver_project\BLE_CH582M\LIB\libCH58xBLE.a(rf_fh.o)
                0x0000000020001b5e                RF_HopGetChannel
                0x0000000020001be0                RF_FrequencyHoppingGet
                0x0000000020001c96                RF_FrequencyHoppingChange
 .highcode      0x0000000020001d30       0x30 E:\Project\tp78_v2\mounriver_project\BLE_CH582M\LIB\libCH58xBLE.a(rfend.o)
                0x0000000020001d30                RFEND_WaitTune
 .highcode      0x0000000020001d60      0x1ba E:\Project\tp78_v2\mounriver_project\BLE_CH582M\LIB\libCH58xBLE.a(memory.o)
                0x0000000020001d60                tmos_memory_allocate
                0x0000000020001e32                tmos_memory_free
 .highcode      0x0000000020001f1a       0xd8 E:\Project\tp78_v2\mounriver_project\BLE_CH582M\LIB\libCH58xBLE.a(ll_resolvinglist.o)
                0x0000000020001f1a                LL_ResolvinglistPeerIdentifyAddressGetIrk
                0x0000000020001f6e                LL_ResolvinglistPeerRpaAddressGetIrk
                0x0000000020001fb0                LL_ResolvinglistLocalRpaAddressGetIrk
 *(.highcode.*)
                0x0000000020001ff4                . = ALIGN (0x4)
 *fill*         0x0000000020001ff2        0x2 
                0x0000000020001ff4                PROVIDE (_highcode_vma_end = .)

.text           0x0000000000001ff8    0x2750c
                0x0000000000001ff8                . = ALIGN (0x4)
 *(SORT_NONE(.handle_reset))
 .handle_reset  0x0000000000001ff8       0xae ./Startup/startup_CH583.o
                0x0000000000001ff8                handle_reset
 *(.text)
 .text          0x00000000000020a6       0xa8 d:/mounriver/mounriver_studio/toolchain/risc-v embedded gcc/bin/../lib/gcc/riscv-none-embed/8.2.0/../../../../riscv-none-embed/lib/rv32imac/ilp32\libg_nano.a(lib_a-memset.o)
                0x00000000000020a6                memset
 *(.text.*)
 .text.hidEmuEvtCB
                0x000000000000214e        0x2 ./TMOS/BLE.o
 .text.hidEmuStateCB
                0x0000000000002150      0x104 ./TMOS/BLE.o
 .text.hidEmuSendKbdReport
                0x0000000000002254       0x24 ./TMOS/BLE.o
 .text.hidEmuRptCB
                0x0000000000002278       0x78 ./TMOS/BLE.o
 .text.HidEmu_ProcessEvent
                0x00000000000022f0      0x208 ./TMOS/BLE.o
                0x00000000000022f0                HidEmu_ProcessEvent
 .text.FLASH_Read_DeviceID
                0x00000000000024f8       0x30 ./TMOS/BLE.o
                0x00000000000024f8                FLASH_Read_DeviceID
 .text.FLASH_Write_DeviceID
                0x0000000000002528       0x48 ./TMOS/BLE.o
                0x0000000000002528                FLASH_Write_DeviceID
 .text.HidEmu_Init
                0x0000000000002570       0xec ./TMOS/BLE.o
                0x0000000000002570                HidEmu_Init
 .text.SW_PaintedEgg_Process
                0x000000000000265c       0x80 ./TMOS/MCU.o
                0x000000000000265c                SW_PaintedEgg_Process
 .text.SW_OLED_UBStatus_Process
                0x00000000000026dc      0x122 ./TMOS/MCU.o
                0x00000000000026dc                SW_OLED_UBStatus_Process
 .text.HW_Battery_Process
                0x00000000000027fe       0x6e ./TMOS/MCU.o
                0x00000000000027fe                HW_Battery_Process
 .text.HW_WS2812_Process
                0x000000000000286c       0x10 ./TMOS/MCU.o
                0x000000000000286c                HW_WS2812_Process
 .text.Lib_Calibration_LSI
                0x000000000000287c        0x6 ./TMOS/MCU.o
                0x000000000000287c                Lib_Calibration_LSI
 .text.Lib_Read_Flash
                0x0000000000002882       0x1c ./TMOS/MCU.o
                0x0000000000002882                Lib_Read_Flash
 .text.Lib_Write_Flash
                0x000000000000289e       0x42 ./TMOS/MCU.o
                0x000000000000289e                Lib_Write_Flash
 .text.HAL_GetInterTempValue
                0x00000000000028e0       0x72 ./TMOS/MCU.o
                0x00000000000028e0                HAL_GetInterTempValue
 .text.HW_TouchBar_Process
                0x0000000000002952       0x4e ./TMOS/MCU.o
                0x0000000000002952                HW_TouchBar_Process
 .text.HID_VOL_Process
                0x00000000000029a0       0x3e ./TMOS/MCU.o
                0x00000000000029a0                HID_VOL_Process
 .text.HID_KEYBOARD_Process
                0x00000000000029de       0xfa ./TMOS/MCU.o
                0x00000000000029de                HID_KEYBOARD_Process
 .text.SW_OLED_Capslock_Process
                0x0000000000002ad8       0x58 ./TMOS/MCU.o
                0x0000000000002ad8                SW_OLED_Capslock_Process
 .text.HW_MSG_CP_Process
                0x0000000000002b30       0x9a ./TMOS/MCU.o
                0x0000000000002b30                HW_MSG_CP_Process
 .text.HAL_ProcessEvent
                0x0000000000002bca      0x222 ./TMOS/MCU.o
                0x0000000000002bca                HAL_ProcessEvent
 .text.HID_CapMouse_Process
                0x0000000000002dec       0x4e ./TMOS/MCU.o
                0x0000000000002dec                HID_CapMouse_Process
 .text.CH58X_BLEInit
                0x0000000000002e3a      0x12e ./TMOS/MCU.o
                0x0000000000002e3a                CH58X_BLEInit
 .text.HAL_Init
                0x0000000000002f68       0xfe ./TMOS/MCU.o
                0x0000000000002f68                HAL_Init
 .text.FLASH_Write_RForBLE
                0x0000000000003066       0x48 ./TMOS/RF_PHY.o
                0x0000000000003066                FLASH_Write_RForBLE
 .text.ADC_ExtSingleChSampInit
                0x00000000000030ae       0x24 ./StdPeriphDriver/CH58x_adc.o
                0x00000000000030ae                ADC_ExtSingleChSampInit
 .text.ADC_InterTSSampInit
                0x00000000000030d2       0x28 ./StdPeriphDriver/CH58x_adc.o
                0x00000000000030d2                ADC_InterTSSampInit
 .text.Calibration_LSI
                0x00000000000030fa      0x226 ./StdPeriphDriver/CH58x_clk.o
                0x00000000000030fa                Calibration_LSI
 .text.GPIOA_ModeCfg
                0x0000000000003320       0xa6 ./StdPeriphDriver/CH58x_gpio.o
                0x0000000000003320                GPIOA_ModeCfg
 .text.GPIOB_ModeCfg
                0x00000000000033c6       0xa6 ./StdPeriphDriver/CH58x_gpio.o
                0x00000000000033c6                GPIOB_ModeCfg
 .text.GPIOPinRemap
                0x000000000000346c       0x1a ./StdPeriphDriver/CH58x_gpio.o
                0x000000000000346c                GPIOPinRemap
 .text.I2C_Init
                0x0000000000003486      0x140 ./StdPeriphDriver/CH58x_i2c.o
                0x0000000000003486                I2C_Init
 .text.I2C_GenerateSTART
                0x00000000000035c6       0x22 ./StdPeriphDriver/CH58x_i2c.o
                0x00000000000035c6                I2C_GenerateSTART
 .text.I2C_GenerateSTOP
                0x00000000000035e8       0x22 ./StdPeriphDriver/CH58x_i2c.o
                0x00000000000035e8                I2C_GenerateSTOP
 .text.I2C_AcknowledgeConfig
                0x000000000000360a       0x22 ./StdPeriphDriver/CH58x_i2c.o
                0x000000000000360a                I2C_AcknowledgeConfig
 .text.I2C_SendData
                0x000000000000362c        0xa ./StdPeriphDriver/CH58x_i2c.o
                0x000000000000362c                I2C_SendData
 .text.I2C_ReceiveData
                0x0000000000003636        0xe ./StdPeriphDriver/CH58x_i2c.o
                0x0000000000003636                I2C_ReceiveData
 .text.I2C_Send7bitAddress
                0x0000000000003644       0x18 ./StdPeriphDriver/CH58x_i2c.o
                0x0000000000003644                I2C_Send7bitAddress
 .text.I2C_CheckEvent
                0x000000000000365c       0x20 ./StdPeriphDriver/CH58x_i2c.o
                0x000000000000365c                I2C_CheckEvent
 .text.I2C_GetFlagStatus
                0x000000000000367c       0x3a ./StdPeriphDriver/CH58x_i2c.o
                0x000000000000367c                I2C_GetFlagStatus
 .text.GetSysClock
                0x00000000000036b6       0x42 ./StdPeriphDriver/CH58x_sys.o
                0x00000000000036b6                GetSysClock
 .text.SYS_GetSysTickCnt
                0x00000000000036f8        0xa ./StdPeriphDriver/CH58x_sys.o
                0x00000000000036f8                SYS_GetSysTickCnt
 .text._write   0x0000000000003702       0x28 ./StdPeriphDriver/CH58x_sys.o
                0x0000000000003702                _write
 .text.TMR1_PWMInit
                0x000000000000372a       0x18 ./StdPeriphDriver/CH58x_timer1.o
                0x000000000000372a                TMR1_PWMInit
 .text.TMR1_DMACfg
                0x0000000000003742       0x20 ./StdPeriphDriver/CH58x_timer1.o
                0x0000000000003742                TMR1_DMACfg
 .text.UART3_BaudRateCfg
                0x0000000000003762       0x30 ./StdPeriphDriver/CH58x_uart3.o
                0x0000000000003762                UART3_BaudRateCfg
 .text.UART3_DefInit
                0x0000000000003792       0x32 ./StdPeriphDriver/CH58x_uart3.o
                0x0000000000003792                UART3_DefInit
 .text.USB_DeviceInit
                0x00000000000037c4       0x8e ./StdPeriphDriver/CH58x_usbdev.o
                0x00000000000037c4                USB_DeviceInit
 .text.DevEP1_IN_Deal
                0x0000000000003852       0x16 ./StdPeriphDriver/CH58x_usbdev.o
                0x0000000000003852                DevEP1_IN_Deal
 .text.DevEP2_IN_Deal
                0x0000000000003868       0x16 ./StdPeriphDriver/CH58x_usbdev.o
                0x0000000000003868                DevEP2_IN_Deal
 .text.DevEP3_IN_Deal
                0x000000000000387e       0x16 ./StdPeriphDriver/CH58x_usbdev.o
                0x000000000000387e                DevEP3_IN_Deal
 .text.DevEP4_IN_Deal
                0x0000000000003894       0x16 ./StdPeriphDriver/CH58x_usbdev.o
                0x0000000000003894                DevEP4_IN_Deal
 .text.battMeasure
                0x00000000000038aa       0x8a ./Profile/battservice.o
 .text.battWriteAttrCB
                0x0000000000003934       0x5e ./Profile/battservice.o
 .text.battReadAttrCB
                0x0000000000003992       0x72 ./Profile/battservice.o
 .text.battNotifyCB
                0x0000000000003a04       0x72 ./Profile/battservice.o
 .text.Batt_AddService
                0x0000000000003a76       0x2c ./Profile/battservice.o
                0x0000000000003a76                Batt_AddService
 .text.Batt_Register
                0x0000000000003aa2        0x6 ./Profile/battservice.o
                0x0000000000003aa2                Batt_Register
 .text.Batt_SetParameter
                0x0000000000003aa8       0x36 ./Profile/battservice.o
                0x0000000000003aa8                Batt_SetParameter
 .text.Batt_GetParameter
                0x0000000000003ade       0x66 ./Profile/battservice.o
                0x0000000000003ade                Batt_GetParameter
 .text.Batt_MeasLevel
                0x0000000000003b44       0x26 ./Profile/battservice.o
                0x0000000000003b44                Batt_MeasLevel
 .text.Batt_HandleConnStatusCB
                0x0000000000003b6a       0x3e ./Profile/battservice.o
                0x0000000000003b6a                Batt_HandleConnStatusCB
 .text.devInfo_ReadAttrCB
                0x0000000000003ba8      0x196 ./Profile/devinfoservice.o
 .text.DevInfo_AddService
                0x0000000000003d3e       0x18 ./Profile/devinfoservice.o
                0x0000000000003d3e                DevInfo_AddService
 .text.hidDevScanParamCB
                0x0000000000003d56        0x2 ./Profile/hiddev.o
 .text.hidDevRptByHandle
                0x0000000000003d58       0x30 ./Profile/hiddev.o
 .text.hidDevParamUpdateCB
                0x0000000000003d88       0x12 ./Profile/hiddev.o
 .text.hidDevInitialAdvertising
                0x0000000000003d9a       0x3c ./Profile/hiddev.o
 .text.hidDevPasscodeCB
                0x0000000000003dd6       0x28 ./Profile/hiddev.o
 .text.hidDevBattCB
                0x0000000000003dfe       0x30 ./Profile/hiddev.o
 .text.hidDevPairStateCB
                0x0000000000003e2e       0x28 ./Profile/hiddev.o
 .text.HidDev_ProcessEvent
                0x0000000000003e56       0xf0 ./Profile/hiddev.o
                0x0000000000003e56                HidDev_ProcessEvent
 .text.hidDevGapStateCB
                0x0000000000003f46      0x124 ./Profile/hiddev.o
 .text.HidDev_Init
                0x000000000000406a       0x6e ./Profile/hiddev.o
                0x000000000000406a                HidDev_Init
 .text.HidDev_Register
                0x00000000000040d8        0xa ./Profile/hiddev.o
                0x00000000000040d8                HidDev_Register
 .text.HidDev_RegisterReports
                0x00000000000040e2        0xa ./Profile/hiddev.o
                0x00000000000040e2                HidDev_RegisterReports
 .text.HidDev_Report
                0x00000000000040ec      0x12c ./Profile/hiddev.o
                0x00000000000040ec                HidDev_Report
 .text.HidDev_ReadAttrCB
                0x0000000000004218      0x106 ./Profile/hiddev.o
                0x0000000000004218                HidDev_ReadAttrCB
 .text.HidDev_WriteAttrCB
                0x000000000000431e      0x148 ./Profile/hiddev.o
                0x000000000000431e                HidDev_WriteAttrCB
 .text.Hid_AddService
                0x0000000000004466      0x136 ./Profile/hidkbmservice.o
                0x0000000000004466                Hid_AddService
 .text.Hid_SetParameter
                0x000000000000459c       0x5a ./Profile/hidkbmservice.o
                0x000000000000459c                Hid_SetParameter
 .text.Hid_GetParameter
                0x00000000000045f6       0x42 ./Profile/hidkbmservice.o
                0x00000000000045f6                Hid_GetParameter
 .text.scanParamReadAttrCB
                0x0000000000004638        0x4 ./Profile/scanparamservice.o
 .text.scanParamWriteAttrCB
                0x000000000000463c       0x66 ./Profile/scanparamservice.o
 .text.ScanParam_AddService
                0x00000000000046a2       0x2c ./Profile/scanparamservice.o
                0x00000000000046a2                ScanParam_AddService
 .text.ScanParam_Register
                0x00000000000046ce        0x6 ./Profile/scanparamservice.o
                0x00000000000046ce                ScanParam_Register
 .text.ScanParam_RefreshNotify
                0x00000000000046d4       0x5c ./Profile/scanparamservice.o
                0x00000000000046d4                ScanParam_RefreshNotify
 .text.ScanParam_HandleConnStatusCB
                0x0000000000004730       0x3e ./Profile/scanparamservice.o
                0x0000000000004730                ScanParam_HandleConnStatusCB
 .text.BATTERY_ADC_GetLevel
                0x000000000000476e       0x3a ./HAL/BATTERY.o
 .text.BATTERY_DMA_ENABLE
                0x00000000000047a8       0x26 ./HAL/BATTERY.o
                0x00000000000047a8                BATTERY_DMA_ENABLE
 .text.BATTERY_Init
                0x00000000000047ce       0x46 ./HAL/BATTERY.o
                0x00000000000047ce                BATTERY_Init
 .text.BATTERY_ADC_Calculation
                0x0000000000004814       0x42 ./HAL/BATTERY.o
                0x0000000000004814                BATTERY_ADC_Calculation
 .text.BATTERY_DrawBMP
                0x0000000000004856      0x178 ./HAL/BATTERY.o
                0x0000000000004856                BATTERY_DrawBMP
 .text.HW_I2C_WaitUntilTimeout
                0x00000000000049ce       0x46 ./HAL/HW_I2C.o
                0x00000000000049ce                HW_I2C_WaitUntilTimeout
 .text.HW_I2C_Init
                0x0000000000004a14       0x2a ./HAL/HW_I2C.o
                0x0000000000004a14                HW_I2C_Init
 .text.HW_I2C_WR_Reg
                0x0000000000004a3e       0xb2 ./HAL/HW_I2C.o
                0x0000000000004a3e                HW_I2C_WR_Reg
 .text.HW_I2C_RD_Reg
                0x0000000000004af0      0x10e ./HAL/HW_I2C.o
                0x0000000000004af0                HW_I2C_RD_Reg
 .text.HW_I2C_Muti_RD_Reg
                0x0000000000004bfe      0x12e ./HAL/HW_I2C.o
                0x0000000000004bfe                HW_I2C_Muti_RD_Reg
 .text.FLASH_Write_KeyArray
                0x0000000000004d2c       0x4c ./HAL/KEYBOARD.o
                0x0000000000004d2c                FLASH_Write_KeyArray
 .text.KEYBOARD_Reset
                0x0000000000004d78       0x8c ./HAL/KEYBOARD.o
                0x0000000000004d78                KEYBOARD_Reset
 .text.KEYBOARD_ChangeKey
                0x0000000000004e04       0x2e ./HAL/KEYBOARD.o
                0x0000000000004e04                KEYBOARD_ChangeKey
 .text.KEYBOARD_Custom_Function
                0x0000000000004e32      0x5ea ./HAL/KEYBOARD.o
                0x0000000000004e32                KEYBOARD_Custom_Function
 .text.KEYBOARD_Detection
                0x000000000000541c      0x3ce ./HAL/KEYBOARD.o
                0x000000000000541c                KEYBOARD_Detection
 .text.KEYBOARD_EnterPasskey
                0x00000000000057ea      0x124 ./HAL/KEYBOARD.o
                0x00000000000057ea                KEYBOARD_EnterPasskey
 .text.MPR121_ELE_to_Pin
                0x000000000000590e       0x28 ./HAL/MPR121.o
 .text.FLASH_Read_MPR121_ALG_Parameter
                0x0000000000005936       0x42 ./HAL/MPR121.o
                0x0000000000005936                FLASH_Read_MPR121_ALG_Parameter
 .text.MPR121_Init
                0x0000000000005978      0x36a ./HAL/MPR121.o
                0x0000000000005978                MPR121_Init
 .text.MPR121_ALG_Update_algListNode
                0x0000000000005ce2       0x10 ./HAL/MPR121.o
                0x0000000000005ce2                MPR121_ALG_Update_algListNode
 .text.MPR121_ALG_Judge_Cap_Mouse
                0x0000000000005cf2      0x1bc ./HAL/MPR121.o
                0x0000000000005cf2                MPR121_ALG_Judge_Cap_Mouse
 .text.OLED_Set_Pos
                0x0000000000005eae       0x4a ./HAL/OLED.o
                0x0000000000005eae                OLED_Set_Pos
 .text.OLED_Clear
                0x0000000000005ef8       0x62 ./HAL/OLED.o
                0x0000000000005ef8                OLED_Clear
 .text.OLED_ShowChar
                0x0000000000005f5a       0x64 ./HAL/OLED.o
                0x0000000000005f5a                OLED_ShowChar
 .text.OLED_ShowNum
                0x0000000000005fbe       0x9e ./HAL/OLED.o
                0x0000000000005fbe                OLED_ShowNum
 .text.OLED_ShowString
                0x000000000000605c       0x54 ./HAL/OLED.o
                0x000000000000605c                OLED_ShowString
 .text.OLED_DrawBMP
                0x00000000000060b0       0x6e ./HAL/OLED.o
                0x00000000000060b0                OLED_DrawBMP
 .text.OLED_Clr
                0x000000000000611e       0x56 ./HAL/OLED.o
                0x000000000000611e                OLED_Clr
 .text.OLED_Midx
                0x0000000000006174       0x22 ./HAL/OLED.o
                0x0000000000006174                OLED_Midx
 .text.HAL_OLED_Init
                0x0000000000006196      0x19e ./HAL/OLED.o
                0x0000000000006196                HAL_OLED_Init
 .text.OLED_UI_ShowOK
                0x0000000000006334       0x5c ./HAL/OLED_UI.o
                0x0000000000006334                OLED_UI_ShowOK
 .text.OLED_UI_ShowCapslock
                0x0000000000006390       0x5a ./HAL/OLED_UI.o
                0x0000000000006390                OLED_UI_ShowCapslock
 .text.OLED_UI_printf
                0x00000000000063ea       0xa6 ./HAL/OLED_UI.o
                0x00000000000063ea                OLED_UI_printf
 .text.OLED_UI_add_SHOWSTRING_task
                0x0000000000006490       0x9e ./HAL/OLED_UI.o
                0x0000000000006490                OLED_UI_add_SHOWSTRING_task
 .text.OLED_UI_add_SHOWINFO_task
                0x000000000000652e       0x84 ./HAL/OLED_UI.o
                0x000000000000652e                OLED_UI_add_SHOWINFO_task
 .text.OLED_UI_add_CANCELINFO_delay_task
                0x00000000000065b2       0x2a ./HAL/OLED_UI.o
                0x00000000000065b2                OLED_UI_add_CANCELINFO_delay_task
 .text.OLED_UI_draw_thread_callback
                0x00000000000065dc      0x154 ./HAL/OLED_UI.o
                0x00000000000065dc                OLED_UI_draw_thread_callback
 .text.HAL_TimeInit
                0x0000000000006730       0x3e ./HAL/RTC.o
                0x0000000000006730                HAL_TimeInit
 .text.USB_ProcessEvent
                0x000000000000676e       0xf6 ./HAL/USB.o
                0x000000000000676e                USB_ProcessEvent
 .text.HAL_USBInit
                0x0000000000006864       0x70 ./HAL/USB.o
                0x0000000000006864                HAL_USBInit
 .text.DevEP1_OUT_Deal
                0x00000000000068d4       0x2a ./HAL/USB.o
                0x00000000000068d4                DevEP1_OUT_Deal
 .text.DevEP2_OUT_Deal
                0x00000000000068fe       0x2a ./HAL/USB.o
                0x00000000000068fe                DevEP2_OUT_Deal
 .text.DevEP3_OUT_Deal
                0x0000000000006928       0x2a ./HAL/USB.o
                0x0000000000006928                DevEP3_OUT_Deal
 .text.DevEP4_OUT_Deal
                0x0000000000006952      0x268 ./HAL/USB.o
                0x0000000000006952                DevEP4_OUT_Deal
 .text.USB_DevTransProcess
                0x0000000000006bba      0x57a ./HAL/USB.o
                0x0000000000006bba                USB_DevTransProcess
 .text.WS2812_Style_Off
                0x0000000000007134       0x1c ./HAL/WS2812.o
                0x0000000000007134                WS2812_Style_Off
 .text.WS2812_Style_Breath
                0x0000000000007150       0xf2 ./HAL/WS2812.o
                0x0000000000007150                WS2812_Style_Breath
 .text.WS2812_Style_Waterful
                0x0000000000007242       0xa8 ./HAL/WS2812.o
                0x0000000000007242                WS2812_Style_Waterful
 .text.WS2812_Style_Touch
                0x00000000000072ea       0xcc ./HAL/WS2812.o
                0x00000000000072ea                WS2812_Style_Touch
 .text.WS2812_Style_Rainbow
                0x00000000000073b6      0x33c ./HAL/WS2812.o
                0x00000000000073b6                WS2812_Style_Rainbow
 .text.FLASH_Read_LEDStyle
                0x00000000000076f2       0x8c ./HAL/WS2812.o
                0x00000000000076f2                FLASH_Read_LEDStyle
 .text.FLASH_Write_LEDStyle
                0x000000000000777e       0x48 ./HAL/WS2812.o
                0x000000000000777e                FLASH_Write_LEDStyle
 .text.WS2812_PWM_Init
                0x00000000000077c6       0x4a ./HAL/WS2812.o
                0x00000000000077c6                WS2812_PWM_Init
 .text.WS2812_Style_Custom
                0x0000000000007810       0xb0 ./HAL/WS2812.o
                0x0000000000007810                WS2812_Style_Custom
 .text.WS2812_Send
                0x00000000000078c0       0x62 ./HAL/WS2812.o
                0x00000000000078c0                WS2812_Send
 .text.startup.main
                0x0000000000007922       0xa6 ./APP/main.o
                0x0000000000007922                main
 .text.ProduceFood
                0x00000000000079c8       0xaa ./APP/snake.o
 .text.Snake_Init
                0x0000000000007a72       0x6a ./APP/snake.o
                0x0000000000007a72                Snake_Init
 .text.MoveSnake
                0x0000000000007adc      0x238 ./APP/snake.o
                0x0000000000007adc                MoveSnake
 .text.tmos_msg_enqueue
                0x0000000000007d14       0x1e E:\Project\tp78_v2\mounriver_project\BLE_CH582M\LIB\libCH58xBLE.a(message.o)
                0x0000000000007d14                tmos_msg_enqueue
 .text.tmos_msg_deallocate
                0x0000000000007d32       0x2c E:\Project\tp78_v2\mounriver_project\BLE_CH582M\LIB\libCH58xBLE.a(message.o)
                0x0000000000007d32                tmos_msg_deallocate
 .text.tmos_msg_allocate
                0x0000000000007d5e       0x46 E:\Project\tp78_v2\mounriver_project\BLE_CH582M\LIB\libCH58xBLE.a(message.o)
                0x0000000000007d5e                tmos_msg_allocate
 .text.tmos_msg_receive
                0x0000000000007da4       0x70 E:\Project\tp78_v2\mounriver_project\BLE_CH582M\LIB\libCH58xBLE.a(message.o)
                0x0000000000007da4                tmos_msg_receive
 .text.tmos_msg_send
                0x0000000000007e14       0x66 E:\Project\tp78_v2\mounriver_project\BLE_CH582M\LIB\libCH58xBLE.a(message.o)
                0x0000000000007e14                tmos_msg_send
 .text.tmos_msg_init
                0x0000000000007e7a        0xa E:\Project\tp78_v2\mounriver_project\BLE_CH582M\LIB\libCH58xBLE.a(message.o)
                0x0000000000007e7a                tmos_msg_init
 .text.tmosFindTask
                0x0000000000007e84       0x24 E:\Project\tp78_v2\mounriver_project\BLE_CH582M\LIB\libCH58xBLE.a(tmos.o)
 .text.TMOS_CB_PeriodicProcessEvent
                0x0000000000007ea8       0x86 E:\Project\tp78_v2\mounriver_project\BLE_CH582M\LIB\libCH58xBLE.a(tmos.o)
                0x0000000000007ea8                TMOS_CB_PeriodicProcessEvent
 .text.TMOS_CB_ProcessEvent
                0x0000000000007f2e       0x84 E:\Project\tp78_v2\mounriver_project\BLE_CH582M\LIB\libCH58xBLE.a(tmos.o)
                0x0000000000007f2e                TMOS_CB_ProcessEvent
 .text.tmos_rand
                0x0000000000007fb2       0x52 E:\Project\tp78_v2\mounriver_project\BLE_CH582M\LIB\libCH58xBLE.a(tmos.o)
                0x0000000000007fb2                tmos_rand
 .text.tmos_proces_sleep
                0x0000000000008004      0x132 E:\Project\tp78_v2\mounriver_project\BLE_CH582M\LIB\libCH58xBLE.a(tmos.o)
                0x0000000000008004                tmos_proces_sleep
 .text.tmos_start_periodic_callback_task
                0x0000000000008136       0xfc E:\Project\tp78_v2\mounriver_project\BLE_CH582M\LIB\libCH58xBLE.a(tmos.o)
                0x0000000000008136                tmos_start_periodic_callback_task
 .text.tmos_set_event
                0x0000000000008232       0x2e E:\Project\tp78_v2\mounriver_project\BLE_CH582M\LIB\libCH58xBLE.a(tmos.o)
                0x0000000000008232                tmos_set_event
 .text.tmos_clear_event
                0x0000000000008260       0x32 E:\Project\tp78_v2\mounriver_project\BLE_CH582M\LIB\libCH58xBLE.a(tmos.o)
                0x0000000000008260                tmos_clear_event
 .text.tmos_update_callback_timer
                0x0000000000008292       0xb8 E:\Project\tp78_v2\mounriver_project\BLE_CH582M\LIB\libCH58xBLE.a(tmos.o)
                0x0000000000008292                tmos_update_callback_timer
 .text.tmos_start_task
                0x000000000000834a       0xe2 E:\Project\tp78_v2\mounriver_project\BLE_CH582M\LIB\libCH58xBLE.a(tmos.o)
                0x000000000000834a                tmos_start_task
 .text.tmos_start_callback_task
                0x000000000000842c       0x9a E:\Project\tp78_v2\mounriver_project\BLE_CH582M\LIB\libCH58xBLE.a(tmos.o)
                0x000000000000842c                tmos_start_callback_task
 .text.tmos_start_reload_task
                0x00000000000084c6       0x4a E:\Project\tp78_v2\mounriver_project\BLE_CH582M\LIB\libCH58xBLE.a(tmos.o)
                0x00000000000084c6                tmos_start_reload_task
 .text.tmos_stop_task
                0x0000000000008510       0x52 E:\Project\tp78_v2\mounriver_project\BLE_CH582M\LIB\libCH58xBLE.a(tmos.o)
                0x0000000000008510                tmos_stop_task
 .text.tmos_stop_callback_task
                0x0000000000008562       0x5c E:\Project\tp78_v2\mounriver_project\BLE_CH582M\LIB\libCH58xBLE.a(tmos.o)
                0x0000000000008562                tmos_stop_callback_task
 .text.tmos_get_task_timer
                0x00000000000085be       0x66 E:\Project\tp78_v2\mounriver_project\BLE_CH582M\LIB\libCH58xBLE.a(tmos.o)
                0x00000000000085be                tmos_get_task_timer
 .text.TMOS_TimerRegister
                0x0000000000008624       0x1e E:\Project\tp78_v2\mounriver_project\BLE_CH582M\LIB\libCH58xBLE.a(tmos.o)
                0x0000000000008624                TMOS_TimerRegister
 .text.TMOS_ProcessRegister
                0x0000000000008642       0x16 E:\Project\tp78_v2\mounriver_project\BLE_CH582M\LIB\libCH58xBLE.a(tmos.o)
                0x0000000000008642                TMOS_ProcessRegister
 .text.TMOS_Init
                0x0000000000008658       0xf8 E:\Project\tp78_v2\mounriver_project\BLE_CH582M\LIB\libCH58xBLE.a(tmos.o)
                0x0000000000008658                TMOS_Init
 .text.TMOS_ProcessEventRegister
                0x0000000000008750       0x3c E:\Project\tp78_v2\mounriver_project\BLE_CH582M\LIB\libCH58xBLE.a(tmos.o)
                0x0000000000008750                TMOS_ProcessEventRegister
 .text.BLE_LibInit
                0x000000000000878c      0x178 E:\Project\tp78_v2\mounriver_project\BLE_CH582M\LIB\libCH58xBLE.a(tmos.o)
                0x000000000000878c                BLE_LibInit
 .text.clockGetTickValve
                0x0000000000008904       0x56 E:\Project\tp78_v2\mounriver_project\BLE_CH582M\LIB\libCH58xBLE.a(tmos_hw.o)
 .text.ll_get_sca_divisor
                0x000000000000895a       0x40 E:\Project\tp78_v2\mounriver_project\BLE_CH582M\LIB\libCH58xBLE.a(tmos_hw.o)
                0x000000000000895a                ll_get_sca_divisor
 .text.ll_get_sca_own
                0x000000000000899a       0x46 E:\Project\tp78_v2\mounriver_project\BLE_CH582M\LIB\libCH58xBLE.a(tmos_hw.o)
                0x000000000000899a                ll_get_sca_own
 .text.ble_ll_common_rand8
                0x00000000000089e0       0x24 E:\Project\tp78_v2\mounriver_project\BLE_CH582M\LIB\libCH58xBLE.a(tmos_hw.o)
                0x00000000000089e0                ble_ll_common_rand8
 .text.ble_ll_common_rand16
                0x0000000000008a04       0x24 E:\Project\tp78_v2\mounriver_project\BLE_CH582M\LIB\libCH58xBLE.a(tmos_hw.o)
                0x0000000000008a04                ble_ll_common_rand16
 .text.ble_ll_common_rand32
                0x0000000000008a28       0x20 E:\Project\tp78_v2\mounriver_project\BLE_CH582M\LIB\libCH58xBLE.a(tmos_hw.o)
                0x0000000000008a28                ble_ll_common_rand32
 .text.TMOS_TempSample
                0x0000000000008a48       0x62 E:\Project\tp78_v2\mounriver_project\BLE_CH582M\LIB\libCH58xBLE.a(tmos_hw.o)
                0x0000000000008a48                TMOS_TempSample
 .text.TMOS_TimerInit
                0x0000000000008aaa       0xca E:\Project\tp78_v2\mounriver_project\BLE_CH582M\LIB\libCH58xBLE.a(tmos_hw.o)
                0x0000000000008aaa                TMOS_TimerInit
 .text.tmos_snv_init
                0x0000000000008b74       0xc0 E:\Project\tp78_v2\mounriver_project\BLE_CH582M\LIB\libCH58xBLE.a(tmos_snv.o)
                0x0000000000008b74                tmos_snv_init
 .text.tmos_snv_clear
                0x0000000000008c34       0xb2 E:\Project\tp78_v2\mounriver_project\BLE_CH582M\LIB\libCH58xBLE.a(tmos_snv.o)
                0x0000000000008c34                tmos_snv_clear
 .text.tmos_snv_read
                0x0000000000008ce6      0x292 E:\Project\tp78_v2\mounriver_project\BLE_CH582M\LIB\libCH58xBLE.a(tmos_snv.o)
                0x0000000000008ce6                tmos_snv_read
 .text.tmos_snv_notify
                0x0000000000008f78       0x5a E:\Project\tp78_v2\mounriver_project\BLE_CH582M\LIB\libCH58xBLE.a(tmos_snv.o)
                0x0000000000008f78                tmos_snv_notify
 .text.tmos_snv_write
                0x0000000000008fd2      0x2ce E:\Project\tp78_v2\mounriver_project\BLE_CH582M\LIB\libCH58xBLE.a(tmos_snv.o)
                0x0000000000008fd2                tmos_snv_write
 .text.tmos_snv_compact
                0x00000000000092a0        0x4 E:\Project\tp78_v2\mounriver_project\BLE_CH582M\LIB\libCH58xBLE.a(tmos_snv.o)
                0x00000000000092a0                tmos_snv_compact
 .text.disconnectNext
                0x00000000000092a4       0x22 E:\Project\tp78_v2\mounriver_project\BLE_CH582M\LIB\libCH58xBLE.a(gap.o)
 .text.GAP_ParamInit
                0x00000000000092c6      0x14e E:\Project\tp78_v2\mounriver_project\BLE_CH582M\LIB\libCH58xBLE.a(gap.o)
                0x00000000000092c6                GAP_ParamInit
 .text.sendTerminateEvent
                0x0000000000009414       0x58 E:\Project\tp78_v2\mounriver_project\BLE_CH582M\LIB\libCH58xBLE.a(gap.o)
                0x0000000000009414                sendTerminateEvent
 .text.gapRegisterCentral
                0x000000000000946c        0x6 E:\Project\tp78_v2\mounriver_project\BLE_CH582M\LIB\libCH58xBLE.a(gap.o)
                0x000000000000946c                gapRegisterCentral
 .text.gapRegisterCentralConn
                0x0000000000009472        0x6 E:\Project\tp78_v2\mounriver_project\BLE_CH582M\LIB\libCH58xBLE.a(gap.o)
                0x0000000000009472                gapRegisterCentralConn
 .text.gapRegisterPeripheral
                0x0000000000009478        0x6 E:\Project\tp78_v2\mounriver_project\BLE_CH582M\LIB\libCH58xBLE.a(gap.o)
                0x0000000000009478                gapRegisterPeripheral
 .text.gapRegisterPeripheralConn
                0x000000000000947e        0x6 E:\Project\tp78_v2\mounriver_project\BLE_CH582M\LIB\libCH58xBLE.a(gap.o)
                0x000000000000947e                gapRegisterPeripheralConn
 .text.smGenerateRandBuf
                0x0000000000009484       0x56 E:\Project\tp78_v2\mounriver_project\BLE_CH582M\LIB\libCH58xBLE.a(gap.o)
                0x0000000000009484                smGenerateRandBuf
 .text.gapL2capConnParamUpdateReq
                0x00000000000094da       0x36 E:\Project\tp78_v2\mounriver_project\BLE_CH582M\LIB\libCH58xBLE.a(gap.o)
                0x00000000000094da                gapL2capConnParamUpdateReq
 .text.gapValidADType
                0x0000000000009510       0x16 E:\Project\tp78_v2\mounriver_project\BLE_CH582M\LIB\libCH58xBLE.a(gap.o)
                0x0000000000009510                gapValidADType
 .text.gapFindADType
                0x0000000000009526       0x94 E:\Project\tp78_v2\mounriver_project\BLE_CH582M\LIB\libCH58xBLE.a(gap.o)
                0x0000000000009526                gapFindADType
 .text.GAP_SecParamsInit
                0x00000000000095ba       0xae E:\Project\tp78_v2\mounriver_project\BLE_CH582M\LIB\libCH58xBLE.a(gap.o)
                0x00000000000095ba                GAP_SecParamsInit
 .text.GAP_ParamsInit
                0x0000000000009668       0x50 E:\Project\tp78_v2\mounriver_project\BLE_CH582M\LIB\libCH58xBLE.a(gap.o)
                0x0000000000009668                GAP_ParamsInit
 .text.gapAddAddrAdj
                0x00000000000096b8       0x48 E:\Project\tp78_v2\mounriver_project\BLE_CH582M\LIB\libCH58xBLE.a(gap.o)
                0x00000000000096b8                gapAddAddrAdj
 .text.gapDetermineAddrType
                0x0000000000009700       0x28 E:\Project\tp78_v2\mounriver_project\BLE_CH582M\LIB\libCH58xBLE.a(gap.o)
                0x0000000000009700                gapDetermineAddrType
 .text.gapFreeAuthLink
                0x0000000000009728       0x4a E:\Project\tp78_v2\mounriver_project\BLE_CH582M\LIB\libCH58xBLE.a(gap.o)
                0x0000000000009728                gapFreeAuthLink
 .text.gapGetDevAddress
                0x0000000000009772       0x24 E:\Project\tp78_v2\mounriver_project\BLE_CH582M\LIB\libCH58xBLE.a(gap.o)
                0x0000000000009772                gapGetDevAddress
 .text.gapGetDevAddressMode
                0x0000000000009796        0xa E:\Project\tp78_v2\mounriver_project\BLE_CH582M\LIB\libCH58xBLE.a(gap.o)
                0x0000000000009796                gapGetDevAddressMode
 .text.gapGetIRK
                0x00000000000097a0        0xc E:\Project\tp78_v2\mounriver_project\BLE_CH582M\LIB\libCH58xBLE.a(gap.o)
                0x00000000000097a0                gapGetIRK
 .text.gapGetSRK
                0x00000000000097ac        0xc E:\Project\tp78_v2\mounriver_project\BLE_CH582M\LIB\libCH58xBLE.a(gap.o)
                0x00000000000097ac                gapGetSRK
 .text.gapGetSignCounter
                0x00000000000097b8        0xe E:\Project\tp78_v2\mounriver_project\BLE_CH582M\LIB\libCH58xBLE.a(gap.o)
                0x00000000000097b8                gapGetSignCounter
 .text.gapIncSignCounter
                0x00000000000097c6       0x28 E:\Project\tp78_v2\mounriver_project\BLE_CH582M\LIB\libCH58xBLE.a(gap.o)
                0x00000000000097c6                gapIncSignCounter
 .text.gapProcessConnEvt
                0x00000000000097ee       0x48 E:\Project\tp78_v2\mounriver_project\BLE_CH582M\LIB\libCH58xBLE.a(gap.o)
                0x00000000000097ee                gapProcessConnEvt
 .text.gapProcessDisconnectCompleteEvt
                0x0000000000009836       0xaa E:\Project\tp78_v2\mounriver_project\BLE_CH582M\LIB\libCH58xBLE.a(gap.o)
                0x0000000000009836                gapProcessDisconnectCompleteEvt
 .text.sendAuthEvent
                0x00000000000098e0      0x120 E:\Project\tp78_v2\mounriver_project\BLE_CH582M\LIB\libCH58xBLE.a(gap.o)
                0x00000000000098e0                sendAuthEvent
 .text.gapSendBondCompleteEvent
                0x0000000000009a00       0x74 E:\Project\tp78_v2\mounriver_project\BLE_CH582M\LIB\libCH58xBLE.a(gap.o)
                0x0000000000009a00                gapSendBondCompleteEvent
 .text.gapSendPairingReqEvent
                0x0000000000009a74       0x96 E:\Project\tp78_v2\mounriver_project\BLE_CH582M\LIB\libCH58xBLE.a(gap.o)
                0x0000000000009a74                gapSendPairingReqEvent
 .text.gapSendSlaveSecurityReqEvent
                0x0000000000009b0a       0x68 E:\Project\tp78_v2\mounriver_project\BLE_CH582M\LIB\libCH58xBLE.a(gap.o)
                0x0000000000009b0a                gapSendSlaveSecurityReqEvent
 .text.gapSendDeviceInitDoneEvent
                0x0000000000009b72       0x88 E:\Project\tp78_v2\mounriver_project\BLE_CH582M\LIB\libCH58xBLE.a(gap.o)
                0x0000000000009b72                gapSendDeviceInitDoneEvent
 .text.gapSendLinkUpdateEvent
                0x0000000000009bfa       0xb2 E:\Project\tp78_v2\mounriver_project\BLE_CH582M\LIB\libCH58xBLE.a(gap.o)
                0x0000000000009bfa                gapSendLinkUpdateEvent
 .text.gapSendPhyUpdateEvent
                0x0000000000009cac       0x58 E:\Project\tp78_v2\mounriver_project\BLE_CH582M\LIB\libCH58xBLE.a(gap.o)
                0x0000000000009cac                gapSendPhyUpdateEvent
 .text.gapSendEstLinkEvent
                0x0000000000009d04       0xbc E:\Project\tp78_v2\mounriver_project\BLE_CH582M\LIB\libCH58xBLE.a(gap.o)
                0x0000000000009d04                gapSendEstLinkEvent
 .text.gapProcessNewAddr
                0x0000000000009dc0       0x3e E:\Project\tp78_v2\mounriver_project\BLE_CH582M\LIB\libCH58xBLE.a(gap.o)
                0x0000000000009dc0                gapProcessNewAddr
 .text.gapProcessRandomAddrComplete
                0x0000000000009dfe       0xb6 E:\Project\tp78_v2\mounriver_project\BLE_CH582M\LIB\libCH58xBLE.a(gap.o)
                0x0000000000009dfe                gapProcessRandomAddrComplete
 .text.GAP_Authenticate
                0x0000000000009eb4       0xde E:\Project\tp78_v2\mounriver_project\BLE_CH582M\LIB\libCH58xBLE.a(gap.o)
                0x0000000000009eb4                GAP_Authenticate
 .text.GAP_Bond
                0x0000000000009f92       0xaa E:\Project\tp78_v2\mounriver_project\BLE_CH582M\LIB\libCH58xBLE.a(gap.o)
                0x0000000000009f92                GAP_Bond
 .text.GAP_GetParamValue
                0x000000000000a03c       0x20 E:\Project\tp78_v2\mounriver_project\BLE_CH582M\LIB\libCH58xBLE.a(gap.o)
                0x000000000000a03c                GAP_GetParamValue
 .text.GAP_PasscodeUpdate
                0x000000000000a05c       0x54 E:\Project\tp78_v2\mounriver_project\BLE_CH582M\LIB\libCH58xBLE.a(gap.o)
                0x000000000000a05c                GAP_PasscodeUpdate
 .text.GAP_RegisterForMsgs
                0x000000000000a0b0        0xa E:\Project\tp78_v2\mounriver_project\BLE_CH582M\LIB\libCH58xBLE.a(gap.o)
                0x000000000000a0b0                GAP_RegisterForMsgs
 .text.GAP_ResolvePrivateAddr
                0x000000000000a0ba        0x4 E:\Project\tp78_v2\mounriver_project\BLE_CH582M\LIB\libCH58xBLE.a(gap.o)
                0x000000000000a0ba                GAP_ResolvePrivateAddr
 .text.gapPairingCompleteCB
                0x000000000000a0be      0x18c E:\Project\tp78_v2\mounriver_project\BLE_CH582M\LIB\libCH58xBLE.a(gap.o)
                0x000000000000a0be                gapPairingCompleteCB
 .text.gapPasskeyNeededCB
                0x000000000000a24a       0x8e E:\Project\tp78_v2\mounriver_project\BLE_CH582M\LIB\libCH58xBLE.a(gap.o)
                0x000000000000a24a                gapPasskeyNeededCB
 .text.gapFreeEstLink
                0x000000000000a2d8       0x20 E:\Project\tp78_v2\mounriver_project\BLE_CH582M\LIB\libCH58xBLE.a(gap.o)
                0x000000000000a2d8                gapFreeEstLink
 .text.gapUpdateConnSignCounter
                0x000000000000a2f8       0x7a E:\Project\tp78_v2\mounriver_project\BLE_CH582M\LIB\libCH58xBLE.a(gap.o)
                0x000000000000a2f8                gapUpdateConnSignCounter
 .text.GAP_SendSlaveSecurityRequest
                0x000000000000a372       0x4c E:\Project\tp78_v2\mounriver_project\BLE_CH582M\LIB\libCH58xBLE.a(gap.o)
                0x000000000000a372                GAP_SendSlaveSecurityRequest
 .text.GAP_Signable
                0x000000000000a3be       0x6a E:\Project\tp78_v2\mounriver_project\BLE_CH582M\LIB\libCH58xBLE.a(gap.o)
                0x000000000000a3be                GAP_Signable
 .text.GAP_TerminateAuth
                0x000000000000a428       0x2a E:\Project\tp78_v2\mounriver_project\BLE_CH582M\LIB\libCH58xBLE.a(gap.o)
                0x000000000000a428                GAP_TerminateAuth
 .text.GAP_NumActiveConnections
                0x000000000000a452        0x4 E:\Project\tp78_v2\mounriver_project\BLE_CH582M\LIB\libCH58xBLE.a(gap.o)
                0x000000000000a452                GAP_NumActiveConnections
 .text.GAP_TerminateLinkReq
                0x000000000000a456       0x8e E:\Project\tp78_v2\mounriver_project\BLE_CH582M\LIB\libCH58xBLE.a(gap.o)
                0x000000000000a456                GAP_TerminateLinkReq
 .text.GAP_SetParamValue
                0x000000000000a4e4       0x68 E:\Project\tp78_v2\mounriver_project\BLE_CH582M\LIB\libCH58xBLE.a(gap.o)
                0x000000000000a4e4                GAP_SetParamValue
 .text.GAP_Init
                0x000000000000a54c       0x48 E:\Project\tp78_v2\mounriver_project\BLE_CH582M\LIB\libCH58xBLE.a(gap.o)
                0x000000000000a54c                GAP_Init
 .text.GAP_ProcessEvent
                0x000000000000a594      0x664 E:\Project\tp78_v2\mounriver_project\BLE_CH582M\LIB\libCH58xBLE.a(gap.o)
                0x000000000000a594                GAP_ProcessEvent
 .text.gapSendScanEnable
                0x000000000000abf8       0x3a E:\Project\tp78_v2\mounriver_project\BLE_CH582M\LIB\libCH58xBLE.a(gap_central.o)
 .text.gapCentProcessConnEvt
                0x000000000000ac32      0x15c E:\Project\tp78_v2\mounriver_project\BLE_CH582M\LIB\libCH58xBLE.a(gap_central.o)
                0x000000000000ac32                gapCentProcessConnEvt
 .text.gapProcessScanningPeriodicAdvEvt
                0x000000000000ad8e       0xa0 E:\Project\tp78_v2\mounriver_project\BLE_CH582M\LIB\libCH58xBLE.a(gap_central.o)
                0x000000000000ad8e                gapProcessScanningPeriodicAdvEvt
 .text.gapCancelLinkReq
                0x000000000000ae2e       0x38 E:\Project\tp78_v2\mounriver_project\BLE_CH582M\LIB\libCH58xBLE.a(gap_central.o)
                0x000000000000ae2e                gapCancelLinkReq
 .text.gapProcessAdvertDevInfo
                0x000000000000ae66      0x248 E:\Project\tp78_v2\mounriver_project\BLE_CH582M\LIB\libCH58xBLE.a(gap_central.o)
                0x000000000000ae66                gapProcessAdvertDevInfo
 .text.gapProcessExtAdvertDevInfo
                0x000000000000b0ae      0x260 E:\Project\tp78_v2\mounriver_project\BLE_CH582M\LIB\libCH58xBLE.a(gap_central.o)
                0x000000000000b0ae                gapProcessExtAdvertDevInfo
 .text.gapProcessPeriodicAdvertisingSyncEstablishedEvt
                0x000000000000b30e       0x9e E:\Project\tp78_v2\mounriver_project\BLE_CH582M\LIB\libCH58xBLE.a(gap_central.o)
                0x000000000000b30e                gapProcessPeriodicAdvertisingSyncEstablishedEvt
 .text.gapProcessPeriodicAdvertisingSyncLostEvt
                0x000000000000b3ac       0x56 E:\Project\tp78_v2\mounriver_project\BLE_CH582M\LIB\libCH58xBLE.a(gap_central.o)
                0x000000000000b3ac                gapProcessPeriodicAdvertisingSyncLostEvt
 .text.gapFreeScanRecs
                0x000000000000b402       0xa6 E:\Project\tp78_v2\mounriver_project\BLE_CH582M\LIB\libCH58xBLE.a(gap_central.o)
                0x000000000000b402                gapFreeScanRecs
 .text.gapSendDevDiscEvent
                0x000000000000b4a8      0x126 E:\Project\tp78_v2\mounriver_project\BLE_CH582M\LIB\libCH58xBLE.a(gap_central.o)
                0x000000000000b4a8                gapSendDevDiscEvent
 .text.gapSetScanParamStatus
                0x000000000000b5ce       0x58 E:\Project\tp78_v2\mounriver_project\BLE_CH582M\LIB\libCH58xBLE.a(gap_central.o)
 .text.gapCentProcessHCICmdEvt
                0x000000000000b626       0x3e E:\Project\tp78_v2\mounriver_project\BLE_CH582M\LIB\libCH58xBLE.a(gap_central.o)
                0x000000000000b626                gapCentProcessHCICmdEvt
 .text.gapProcessScanningEvt
                0x000000000000b664      0x110 E:\Project\tp78_v2\mounriver_project\BLE_CH582M\LIB\libCH58xBLE.a(gap_central.o)
                0x000000000000b664                gapProcessScanningEvt
 .text.gapProcessScanningDirectEvt
                0x000000000000b774       0xfe E:\Project\tp78_v2\mounriver_project\BLE_CH582M\LIB\libCH58xBLE.a(gap_central.o)
                0x000000000000b774                gapProcessScanningDirectEvt
 .text.gapProcessScanningExtAdvEvt
                0x000000000000b872      0x26a E:\Project\tp78_v2\mounriver_project\BLE_CH582M\LIB\libCH58xBLE.a(gap_central.o)
                0x000000000000b872                gapProcessScanningExtAdvEvt
 .text.GAP_CentConnRegister
                0x000000000000badc       0x1a E:\Project\tp78_v2\mounriver_project\BLE_CH582M\LIB\libCH58xBLE.a(gap_central.o)
                0x000000000000badc                GAP_CentConnRegister
 .text.GAP_CentralParamInit
                0x000000000000baf6       0x6e E:\Project\tp78_v2\mounriver_project\BLE_CH582M\LIB\libCH58xBLE.a(gap_central.o)
                0x000000000000baf6                GAP_CentralParamInit
 .text.GAP_CentDevMgrInit
                0x000000000000bb64       0x9c E:\Project\tp78_v2\mounriver_project\BLE_CH582M\LIB\libCH58xBLE.a(gap_central.o)
                0x000000000000bb64                GAP_CentDevMgrInit
 .text.gapFreeAdvertState
                0x000000000000bc00       0x20 E:\Project\tp78_v2\mounriver_project\BLE_CH582M\LIB\libCH58xBLE.a(gap_peripheral.o)
 .text.gapSetPeriodicAdvParams
                0x000000000000bc20       0x30 E:\Project\tp78_v2\mounriver_project\BLE_CH582M\LIB\libCH58xBLE.a(gap_peripheral.o)
 .text.gapSetAdvParams
                0x000000000000bc50       0xfc E:\Project\tp78_v2\mounriver_project\BLE_CH582M\LIB\libCH58xBLE.a(gap_peripheral.o)
 .text.gapPeriProcessConnEvt
                0x000000000000bd4c       0xd0 E:\Project\tp78_v2\mounriver_project\BLE_CH582M\LIB\libCH58xBLE.a(gap_peripheral.o)
 .text.gapWriteAdvDataStatus
                0x000000000000be1c       0x54 E:\Project\tp78_v2\mounriver_project\BLE_CH582M\LIB\libCH58xBLE.a(gap_peripheral.o)
 .text.GAP_MakeDiscoverable
                0x000000000000be70      0x174 E:\Project\tp78_v2\mounriver_project\BLE_CH582M\LIB\libCH58xBLE.a(gap_peripheral.o)
                0x000000000000be70                GAP_MakeDiscoverable
 .text.GAP_EndDiscoverable
                0x000000000000bfe4       0x66 E:\Project\tp78_v2\mounriver_project\BLE_CH582M\LIB\libCH58xBLE.a(gap_peripheral.o)
                0x000000000000bfe4                GAP_EndDiscoverable
 .text.gapProcessAdvertisingEvt
                0x000000000000c04a      0x118 E:\Project\tp78_v2\mounriver_project\BLE_CH582M\LIB\libCH58xBLE.a(gap_peripheral.o)
 .text.GAP_MakePeriodic
                0x000000000000c162       0x26 E:\Project\tp78_v2\mounriver_project\BLE_CH582M\LIB\libCH58xBLE.a(gap_peripheral.o)
                0x000000000000c162                GAP_MakePeriodic
 .text.GAP_EndPeriodic
                0x000000000000c188        0xc E:\Project\tp78_v2\mounriver_project\BLE_CH582M\LIB\libCH58xBLE.a(gap_peripheral.o)
                0x000000000000c188                GAP_EndPeriodic
 .text.GAP_SetAdvertisingAdvData
                0x000000000000c194      0x102 E:\Project\tp78_v2\mounriver_project\BLE_CH582M\LIB\libCH58xBLE.a(gap_peripheral.o)
                0x000000000000c194                GAP_SetAdvertisingAdvData
 .text.GAP_SetAdvertisingRspData
                0x000000000000c296      0x102 E:\Project\tp78_v2\mounriver_project\BLE_CH582M\LIB\libCH58xBLE.a(gap_peripheral.o)
                0x000000000000c296                GAP_SetAdvertisingRspData
 .text.GAP_SetPeriodicAdvertisingData
                0x000000000000c398       0xc6 E:\Project\tp78_v2\mounriver_project\BLE_CH582M\LIB\libCH58xBLE.a(gap_peripheral.o)
                0x000000000000c398                GAP_SetPeriodicAdvertisingData
 .text.GAP_GetAdvertisingAdvData
                0x000000000000c45e       0x26 E:\Project\tp78_v2\mounriver_project\BLE_CH582M\LIB\libCH58xBLE.a(gap_peripheral.o)
                0x000000000000c45e                GAP_GetAdvertisingAdvData
 .text.GAP_GetAdvertisingRspData
                0x000000000000c484       0x34 E:\Project\tp78_v2\mounriver_project\BLE_CH582M\LIB\libCH58xBLE.a(gap_peripheral.o)
                0x000000000000c484                GAP_GetAdvertisingRspData
 .text.GAP_GetPeriodicAdvertisingData
                0x000000000000c4b8       0x34 E:\Project\tp78_v2\mounriver_project\BLE_CH582M\LIB\libCH58xBLE.a(gap_peripheral.o)
                0x000000000000c4b8                GAP_GetPeriodicAdvertisingData
 .text.GAP_ConfigDeviceAddr
                0x000000000000c4ec      0x124 E:\Project\tp78_v2\mounriver_project\BLE_CH582M\LIB\libCH58xBLE.a(gap_peripheral.o)
                0x000000000000c4ec                GAP_ConfigDeviceAddr
 .text.GAP_PeriConnRegister
                0x000000000000c610       0x2e E:\Project\tp78_v2\mounriver_project\BLE_CH582M\LIB\libCH58xBLE.a(gap_peripheral.o)
                0x000000000000c610                GAP_PeriConnRegister
 .text.GAP_PeripheralParamInit
                0x000000000000c63e       0x58 E:\Project\tp78_v2\mounriver_project\BLE_CH582M\LIB\libCH58xBLE.a(gap_peripheral.o)
                0x000000000000c63e                GAP_PeripheralParamInit
 .text.gapSendMakeDiscEvent
                0x000000000000c696       0x50 E:\Project\tp78_v2\mounriver_project\BLE_CH582M\LIB\libCH58xBLE.a(gap_peripheral.o)
                0x000000000000c696                gapSendMakeDiscEvent
 .text.gapWriteAdvEnableStatus
                0x000000000000c6e6      0x110 E:\Project\tp78_v2\mounriver_project\BLE_CH582M\LIB\libCH58xBLE.a(gap_peripheral.o)
 .text.gapSendMakePeriodicEvent
                0x000000000000c7f6       0x3a E:\Project\tp78_v2\mounriver_project\BLE_CH582M\LIB\libCH58xBLE.a(gap_peripheral.o)
                0x000000000000c7f6                gapSendMakePeriodicEvent
 .text.gapPeriProcessHCICmdCompleteEvt
                0x000000000000c830      0x18e E:\Project\tp78_v2\mounriver_project\BLE_CH582M\LIB\libCH58xBLE.a(gap_peripheral.o)
 .text.GAP_PeriDevMgrInit
                0x000000000000c9be       0x2e E:\Project\tp78_v2\mounriver_project\BLE_CH582M\LIB\libCH58xBLE.a(gap_peripheral.o)
                0x000000000000c9be                GAP_PeriDevMgrInit
 .text.ggs_SetAttrWPermit
                0x000000000000c9ec       0x68 E:\Project\tp78_v2\mounriver_project\BLE_CH582M\LIB\libCH58xBLE.a(gapgattserver.o)
 .text.ggs_ReadAttrCB
                0x000000000000ca54      0x156 E:\Project\tp78_v2\mounriver_project\BLE_CH582M\LIB\libCH58xBLE.a(gapgattserver.o)
 .text.ggs_WriteAttrCB
                0x000000000000cbaa      0x15c E:\Project\tp78_v2\mounriver_project\BLE_CH582M\LIB\libCH58xBLE.a(gapgattserver.o)
 .text.GGS_ParamInit
                0x000000000000cd06      0x23a E:\Project\tp78_v2\mounriver_project\BLE_CH582M\LIB\libCH58xBLE.a(gapgattserver.o)
                0x000000000000cd06                GGS_ParamInit
 .text.GGS_SetParameter
                0x000000000000cf40       0xe2 E:\Project\tp78_v2\mounriver_project\BLE_CH582M\LIB\libCH58xBLE.a(gapgattserver.o)
                0x000000000000cf40                GGS_SetParameter
 .text.GGS_AddService
                0x000000000000d022       0x2c E:\Project\tp78_v2\mounriver_project\BLE_CH582M\LIB\libCH58xBLE.a(gapgattserver.o)
                0x000000000000d022                GGS_AddService
 .text.GAP_DeviceInit
                0x000000000000d04e       0xd8 E:\Project\tp78_v2\mounriver_project\BLE_CH582M\LIB\libCH58xBLE.a(gapgattserver.o)
                0x000000000000d04e                GAP_DeviceInit
 .text.gattGetPayload
                0x000000000000d126       0x7e E:\Project\tp78_v2\mounriver_project\BLE_CH582M\LIB\libCH58xBLE.a(gatt.o)
                0x000000000000d126                gattGetPayload
 .text.gattNotifyEvent
                0x000000000000d1a4       0x84 E:\Project\tp78_v2\mounriver_project\BLE_CH582M\LIB\libCH58xBLE.a(gatt.o)
                0x000000000000d1a4                gattNotifyEvent
 .text.gattSendFlowCtrlEvt
                0x000000000000d228       0x52 E:\Project\tp78_v2\mounriver_project\BLE_CH582M\LIB\libCH58xBLE.a(gatt.o)
                0x000000000000d228                gattSendFlowCtrlEvt
 .text.gattStartTimer
                0x000000000000d27a        0xc E:\Project\tp78_v2\mounriver_project\BLE_CH582M\LIB\libCH58xBLE.a(gatt.o)
                0x000000000000d27a                gattStartTimer
 .text.gattStopTimer
                0x000000000000d286       0x32 E:\Project\tp78_v2\mounriver_project\BLE_CH582M\LIB\libCH58xBLE.a(gatt.o)
                0x000000000000d286                gattStopTimer
 .text.GATT_AppCompletedMsg
                0x000000000000d2b8       0x30 E:\Project\tp78_v2\mounriver_project\BLE_CH582M\LIB\libCH58xBLE.a(gatt.o)
                0x000000000000d2b8                GATT_AppCompletedMsg
 .text.GATT_NotifyEvent
                0x000000000000d2e8       0x56 E:\Project\tp78_v2\mounriver_project\BLE_CH582M\LIB\libCH58xBLE.a(gatt.o)
                0x000000000000d2e8                GATT_NotifyEvent
 .text.gattRegisterServer
                0x000000000000d33e        0x6 E:\Project\tp78_v2\mounriver_project\BLE_CH582M\LIB\libCH58xBLE.a(gatt.o)
                0x000000000000d33e                gattRegisterServer
 .text.GATT_UpdateMTU
                0x000000000000d344       0x5a E:\Project\tp78_v2\mounriver_project\BLE_CH582M\LIB\libCH58xBLE.a(gatt.o)
                0x000000000000d344                GATT_UpdateMTU
 .text.GATT_bm_alloc
                0x000000000000d39e       0xe8 E:\Project\tp78_v2\mounriver_project\BLE_CH582M\LIB\libCH58xBLE.a(gatt.o)
                0x000000000000d39e                GATT_bm_alloc
 .text.GATT_ServiceChangedInd
                0x000000000000d486       0x94 E:\Project\tp78_v2\mounriver_project\BLE_CH582M\LIB\libCH58xBLE.a(gatt.o)
                0x000000000000d486                GATT_ServiceChangedInd
 .text.GATT_bm_free
                0x000000000000d51a       0x1c E:\Project\tp78_v2\mounriver_project\BLE_CH582M\LIB\libCH58xBLE.a(gatt.o)
                0x000000000000d51a                GATT_bm_free
 .text.GATT_Init
                0x000000000000d536       0x2a E:\Project\tp78_v2\mounriver_project\BLE_CH582M\LIB\libCH58xBLE.a(gatt.o)
                0x000000000000d536                GATT_Init
 .text.GATT_ProcessEvent
                0x000000000000d560      0x13a E:\Project\tp78_v2\mounriver_project\BLE_CH582M\LIB\libCH58xBLE.a(gatt.o)
                0x000000000000d560                GATT_ProcessEvent
 .text.gattProcessExchangeMTUReq
                0x000000000000d69a        0x4 E:\Project\tp78_v2\mounriver_project\BLE_CH582M\LIB\libCH58xBLE.a(gattservapp.o)
 .text.gattServApp_FindCharCfgItem
                0x000000000000d69e       0x24 E:\Project\tp78_v2\mounriver_project\BLE_CH582M\LIB\libCH58xBLE.a(gattservapp.o)
 .text.gattServerHandleTimerCB
                0x000000000000d6c2       0x3c E:\Project\tp78_v2\mounriver_project\BLE_CH582M\LIB\libCH58xBLE.a(gattservapp.o)
 .text.gattProcessExecuteWriteReq
                0x000000000000d6fe        0x4 E:\Project\tp78_v2\mounriver_project\BLE_CH582M\LIB\libCH58xBLE.a(gattservapp.o)
 .text.GATTServApp_ParamInit
                0x000000000000d702       0xd8 E:\Project\tp78_v2\mounriver_project\BLE_CH582M\LIB\libCH58xBLE.a(gattservapp.o)
                0x000000000000d702                GATTServApp_ParamInit
 .text.GATTServApp_ReadCharCfg
                0x000000000000d7da       0x18 E:\Project\tp78_v2\mounriver_project\BLE_CH582M\LIB\libCH58xBLE.a(gattservapp.o)
                0x000000000000d7da                GATTServApp_ReadCharCfg
 .text.GATTServApp_WriteCharCfg
                0x000000000000d7f2       0x3c E:\Project\tp78_v2\mounriver_project\BLE_CH582M\LIB\libCH58xBLE.a(gattservapp.o)
                0x000000000000d7f2                GATTServApp_WriteCharCfg
 .text.GATTServApp_ProcessCCCWriteReq
                0x000000000000d82e       0x60 E:\Project\tp78_v2\mounriver_project\BLE_CH582M\LIB\libCH58xBLE.a(gattservapp.o)
                0x000000000000d82e                GATTServApp_ProcessCCCWriteReq
 .text.gattServApp_WriteAttrCB
                0x000000000000d88e       0x34 E:\Project\tp78_v2\mounriver_project\BLE_CH582M\LIB\libCH58xBLE.a(gattservapp.o)
                0x000000000000d88e                gattServApp_WriteAttrCB
 .text.GATTServApp_SendCCCUpdatedEvent
                0x000000000000d8c2       0x5e E:\Project\tp78_v2\mounriver_project\BLE_CH582M\LIB\libCH58xBLE.a(gattservapp.o)
                0x000000000000d8c2                GATTServApp_SendCCCUpdatedEvent
 .text.GATTServApp_SendServiceChangedInd
                0x000000000000d920       0x38 E:\Project\tp78_v2\mounriver_project\BLE_CH582M\LIB\libCH58xBLE.a(gattservapp.o)
                0x000000000000d920                GATTServApp_SendServiceChangedInd
 .text.gattServApp_ClearPrepareWriteQ
                0x000000000000d958       0x50 E:\Project\tp78_v2\mounriver_project\BLE_CH582M\LIB\libCH58xBLE.a(gattservapp.o)
                0x000000000000d958                gattServApp_ClearPrepareWriteQ
 .text.gattServApp_FindPrepareWriteQ
                0x000000000000d9a8       0x32 E:\Project\tp78_v2\mounriver_project\BLE_CH582M\LIB\libCH58xBLE.a(gattservapp.o)
                0x000000000000d9a8                gattServApp_FindPrepareWriteQ
 .text.gattServApp_FindServiceCBs
                0x000000000000d9da       0x18 E:\Project\tp78_v2\mounriver_project\BLE_CH582M\LIB\libCH58xBLE.a(gattservapp.o)
                0x000000000000d9da                gattServApp_FindServiceCBs
 .text.gattServApp_FindAuthorizeAttrCB
                0x000000000000d9f2       0x16 E:\Project\tp78_v2\mounriver_project\BLE_CH582M\LIB\libCH58xBLE.a(gattservapp.o)
                0x000000000000d9f2                gattServApp_FindAuthorizeAttrCB
 .text.gattServApp_IsWriteLong
                0x000000000000da08       0xea E:\Project\tp78_v2\mounriver_project\BLE_CH582M\LIB\libCH58xBLE.a(gattservapp.o)
                0x000000000000da08                gattServApp_IsWriteLong
 .text.gattFindService
                0x000000000000daf2       0x1c E:\Project\tp78_v2\mounriver_project\BLE_CH582M\LIB\libCH58xBLE.a(gattservapp.o)
                0x000000000000daf2                gattFindService
 .text.GATT_ServiceNumAttrs
                0x000000000000db0e       0x18 E:\Project\tp78_v2\mounriver_project\BLE_CH582M\LIB\libCH58xBLE.a(gattservapp.o)
                0x000000000000db0e                GATT_ServiceNumAttrs
 .text.GATT_ServiceEncKeySize
                0x000000000000db26       0x18 E:\Project\tp78_v2\mounriver_project\BLE_CH582M\LIB\libCH58xBLE.a(gattservapp.o)
                0x000000000000db26                GATT_ServiceEncKeySize
 .text.GATT_VerifyWritePermissions.part.7
                0x000000000000db3e       0x2e E:\Project\tp78_v2\mounriver_project\BLE_CH582M\LIB\libCH58xBLE.a(gattservapp.o)
 .text.gattResetServerInfo
                0x000000000000db6c       0x1c E:\Project\tp78_v2\mounriver_project\BLE_CH582M\LIB\libCH58xBLE.a(gattservapp.o)
                0x000000000000db6c                gattResetServerInfo
 .text.gattFindServerInfo
                0x000000000000db88       0x32 E:\Project\tp78_v2\mounriver_project\BLE_CH582M\LIB\libCH58xBLE.a(gattservapp.o)
                0x000000000000db88                gattFindServerInfo
 .text.gattServerHandleConnStatusCB
                0x000000000000dbba       0x98 E:\Project\tp78_v2\mounriver_project\BLE_CH582M\LIB\libCH58xBLE.a(gattservapp.o)
                0x000000000000dbba                gattServerHandleConnStatusCB
 .text.gattServerProcessMsgCB
                0x000000000000dc52      0x1c0 E:\Project\tp78_v2\mounriver_project\BLE_CH582M\LIB\libCH58xBLE.a(gattservapp.o)
                0x000000000000dc52                gattServerProcessMsgCB
 .text.gattServerNotifyTxCB
                0x000000000000de12       0x28 E:\Project\tp78_v2\mounriver_project\BLE_CH582M\LIB\libCH58xBLE.a(gattservapp.o)
 .text.GATT_FindHandle
                0x000000000000de3a       0x4a E:\Project\tp78_v2\mounriver_project\BLE_CH582M\LIB\libCH58xBLE.a(gattservapp.o)
                0x000000000000de3a                GATT_FindHandle
 .text.GATTServApp_WriteAttr
                0x000000000000de84       0xa8 E:\Project\tp78_v2\mounriver_project\BLE_CH582M\LIB\libCH58xBLE.a(gattservapp.o)
                0x000000000000de84                GATTServApp_WriteAttr
 .text.gattServApp_ProcessExecuteWriteReq
                0x000000000000df2c      0x100 E:\Project\tp78_v2\mounriver_project\BLE_CH582M\LIB\libCH58xBLE.a(gattservapp.o)
                0x000000000000df2c                gattServApp_ProcessExecuteWriteReq
 .text.GATTServApp_UpdateCharCfg
                0x000000000000e02c       0x1e E:\Project\tp78_v2\mounriver_project\BLE_CH582M\LIB\libCH58xBLE.a(gattservapp.o)
                0x000000000000e02c                GATTServApp_UpdateCharCfg
 .text.gattServApp_ProcessPrepareWriteReq
                0x000000000000e04a      0x10e E:\Project\tp78_v2\mounriver_project\BLE_CH582M\LIB\libCH58xBLE.a(gattservapp.o)
                0x000000000000e04a                gattServApp_ProcessPrepareWriteReq
 .text.gattServApp_ProcessWriteReq
                0x000000000000e158       0xb0 E:\Project\tp78_v2\mounriver_project\BLE_CH582M\LIB\libCH58xBLE.a(gattservapp.o)
                0x000000000000e158                gattServApp_ProcessWriteReq
 .text.GATT_Indication
                0x000000000000e208       0xa4 E:\Project\tp78_v2\mounriver_project\BLE_CH582M\LIB\libCH58xBLE.a(gattservapp.o)
                0x000000000000e208                GATT_Indication
 .text.GATT_FindHandleUUID
                0x000000000000e2ac       0x94 E:\Project\tp78_v2\mounriver_project\BLE_CH582M\LIB\libCH58xBLE.a(gattservapp.o)
                0x000000000000e2ac                GATT_FindHandleUUID
 .text.gattProcessReadByGrpTypeReq
                0x000000000000e340       0x60 E:\Project\tp78_v2\mounriver_project\BLE_CH582M\LIB\libCH58xBLE.a(gattservapp.o)
 .text.gattProcessReadByTypeReq
                0x000000000000e3a0       0x34 E:\Project\tp78_v2\mounriver_project\BLE_CH582M\LIB\libCH58xBLE.a(gattservapp.o)
 .text.gattProcessFindByTypeValueReq
                0x000000000000e3d4       0x34 E:\Project\tp78_v2\mounriver_project\BLE_CH582M\LIB\libCH58xBLE.a(gattservapp.o)
 .text.gattProcessFindInfoReq
                0x000000000000e408      0x1aa E:\Project\tp78_v2\mounriver_project\BLE_CH582M\LIB\libCH58xBLE.a(gattservapp.o)
 .text.GATT_Notification
                0x000000000000e5b2       0x70 E:\Project\tp78_v2\mounriver_project\BLE_CH582M\LIB\libCH58xBLE.a(gattservapp.o)
                0x000000000000e5b2                GATT_Notification
 .text.GATT_VerifyWritePermissions
                0x000000000000e622       0x6a E:\Project\tp78_v2\mounriver_project\BLE_CH582M\LIB\libCH58xBLE.a(gattservapp.o)
                0x000000000000e622                GATT_VerifyWritePermissions
 .text.gattProcessWriteReq
                0x000000000000e68c       0x36 E:\Project\tp78_v2\mounriver_project\BLE_CH582M\LIB\libCH58xBLE.a(gattservapp.o)
 .text.GATT_VerifyPrepareWritePermissions
                0x000000000000e6c2       0x56 E:\Project\tp78_v2\mounriver_project\BLE_CH582M\LIB\libCH58xBLE.a(gattservapp.o)
                0x000000000000e6c2                GATT_VerifyPrepareWritePermissions
 .text.gattProcessPrepareWriteReq
                0x000000000000e718       0x36 E:\Project\tp78_v2\mounriver_project\BLE_CH582M\LIB\libCH58xBLE.a(gattservapp.o)
 .text.GATT_FindNextAttr
                0x000000000000e74e       0xc2 E:\Project\tp78_v2\mounriver_project\BLE_CH582M\LIB\libCH58xBLE.a(gattservapp.o)
                0x000000000000e74e                GATT_FindNextAttr
 .text.GATTServApp_ReadAttr
                0x000000000000e810      0x2ea E:\Project\tp78_v2\mounriver_project\BLE_CH582M\LIB\libCH58xBLE.a(gattservapp.o)
                0x000000000000e810                GATTServApp_ReadAttr
 .text.gattServApp_ProcessReadMultiReq
                0x000000000000eafa      0x16e E:\Project\tp78_v2\mounriver_project\BLE_CH582M\LIB\libCH58xBLE.a(gattservapp.o)
                0x000000000000eafa                gattServApp_ProcessReadMultiReq
 .text.gattServApp_ProcessFindByTypeValueReq
                0x000000000000ec68      0x1a0 E:\Project\tp78_v2\mounriver_project\BLE_CH582M\LIB\libCH58xBLE.a(gattservapp.o)
                0x000000000000ec68                gattServApp_ProcessFindByTypeValueReq
 .text.GATT_VerifyReadPermissions
                0x000000000000ee08       0x68 E:\Project\tp78_v2\mounriver_project\BLE_CH582M\LIB\libCH58xBLE.a(gattservapp.o)
                0x000000000000ee08                GATT_VerifyReadPermissions
 .text.gattProcessReadMultiReq
                0x000000000000ee70       0xae E:\Project\tp78_v2\mounriver_project\BLE_CH582M\LIB\libCH58xBLE.a(gattservapp.o)
 .text.gattProcessReadReq
                0x000000000000ef1e       0x30 E:\Project\tp78_v2\mounriver_project\BLE_CH582M\LIB\libCH58xBLE.a(gattservapp.o)
 .text.gattServApp_ProcessReadByGrpTypeReq
                0x000000000000ef4e      0x21c E:\Project\tp78_v2\mounriver_project\BLE_CH582M\LIB\libCH58xBLE.a(gattservapp.o)
                0x000000000000ef4e                gattServApp_ProcessReadByGrpTypeReq
 .text.gattServApp_ProcessReadByTypeReq
                0x000000000000f16a      0x1ae E:\Project\tp78_v2\mounriver_project\BLE_CH582M\LIB\libCH58xBLE.a(gattservapp.o)
                0x000000000000f16a                gattServApp_ProcessReadByTypeReq
 .text.GATT_RegisterService
                0x000000000000f318       0xee E:\Project\tp78_v2\mounriver_project\BLE_CH582M\LIB\libCH58xBLE.a(gattservapp.o)
                0x000000000000f318                GATT_RegisterService
 .text.GATTServApp_RegisterService
                0x000000000000f406       0x7c E:\Project\tp78_v2\mounriver_project\BLE_CH582M\LIB\libCH58xBLE.a(gattservapp.o)
                0x000000000000f406                GATTServApp_RegisterService
 .text.GATTServApp_AddService
                0x000000000000f482       0x2c E:\Project\tp78_v2\mounriver_project\BLE_CH582M\LIB\libCH58xBLE.a(gattservapp.o)
                0x000000000000f482                GATTServApp_AddService
 .text.GATTServApp_RegisterForMsg
                0x000000000000f4ae        0x6 E:\Project\tp78_v2\mounriver_project\BLE_CH582M\LIB\libCH58xBLE.a(gattservapp.o)
                0x000000000000f4ae                GATTServApp_RegisterForMsg
 .text.GATTServApp_InitCharCfg
                0x000000000000f4b4       0x3e E:\Project\tp78_v2\mounriver_project\BLE_CH582M\LIB\libCH58xBLE.a(gattservapp.o)
                0x000000000000f4b4                GATTServApp_InitCharCfg
 .text.gattServApp_HandleConnStatusCB
                0x000000000000f4f2       0x74 E:\Project\tp78_v2\mounriver_project\BLE_CH582M\LIB\libCH58xBLE.a(gattservapp.o)
                0x000000000000f4f2                gattServApp_HandleConnStatusCB
 .text.GATT_InitServer
                0x000000000000f566       0xac E:\Project\tp78_v2\mounriver_project\BLE_CH582M\LIB\libCH58xBLE.a(gattservapp.o)
                0x000000000000f566                GATT_InitServer
 .text.GATTServApp_Init
                0x000000000000f612       0x4a E:\Project\tp78_v2\mounriver_project\BLE_CH582M\LIB\libCH58xBLE.a(gattservapp.o)
                0x000000000000f612                GATTServApp_Init
 .text.GATTServApp_ProcessEvent
                0x000000000000f65c      0x36a E:\Project\tp78_v2\mounriver_project\BLE_CH582M\LIB\libCH58xBLE.a(gattservapp.o)
                0x000000000000f65c                GATTServApp_ProcessEvent
 .text.l2capAllocConnChannel
                0x000000000000f9c6       0xe0 E:\Project\tp78_v2\mounriver_project\BLE_CH582M\LIB\libCH58xBLE.a(l2cap.o)
                0x000000000000f9c6                l2capAllocConnChannel
 .text.l2capFindLocalCID
                0x000000000000faa6       0x2c E:\Project\tp78_v2\mounriver_project\BLE_CH582M\LIB\libCH58xBLE.a(l2cap.o)
                0x000000000000faa6                l2capFindLocalCID
 .text.l2capFindLocalId
                0x000000000000fad2       0x30 E:\Project\tp78_v2\mounriver_project\BLE_CH582M\LIB\libCH58xBLE.a(l2cap.o)
                0x000000000000fad2                l2capFindLocalId
 .text.l2capFindPsm
                0x000000000000fb02       0x30 E:\Project\tp78_v2\mounriver_project\BLE_CH582M\LIB\libCH58xBLE.a(l2cap.o)
                0x000000000000fb02                l2capFindPsm
 .text.l2capFindRemoteCID
                0x000000000000fb32       0x3c E:\Project\tp78_v2\mounriver_project\BLE_CH582M\LIB\libCH58xBLE.a(l2cap.o)
                0x000000000000fb32                l2capFindRemoteCID
 .text.l2capFreeChannel
                0x000000000000fb6e       0x4e E:\Project\tp78_v2\mounriver_project\BLE_CH582M\LIB\libCH58xBLE.a(l2cap.o)
                0x000000000000fb6e                l2capFreeChannel
 .text.l2capDisconnectChannel
                0x000000000000fbbc       0x28 E:\Project\tp78_v2\mounriver_project\BLE_CH582M\LIB\libCH58xBLE.a(l2cap.o)
                0x000000000000fbbc                l2capDisconnectChannel
 .text.l2capHandleTimerCB
                0x000000000000fbe4       0x2c E:\Project\tp78_v2\mounriver_project\BLE_CH582M\LIB\libCH58xBLE.a(l2cap.o)
                0x000000000000fbe4                l2capHandleTimerCB
 .text.l2capFreePendingPkt
                0x000000000000fc10       0x58 E:\Project\tp78_v2\mounriver_project\BLE_CH582M\LIB\libCH58xBLE.a(l2cap.o)
                0x000000000000fc10                l2capFreePendingPkt
 .text.l2capGetCoChannelInfo
                0x000000000000fc68       0x86 E:\Project\tp78_v2\mounriver_project\BLE_CH582M\LIB\libCH58xBLE.a(l2cap.o)
                0x000000000000fc68                l2capGetCoChannelInfo
 .text.l2capNumActiveChannnels
                0x000000000000fcee       0x48 E:\Project\tp78_v2\mounriver_project\BLE_CH582M\LIB\libCH58xBLE.a(l2cap.o)
                0x000000000000fcee                l2capNumActiveChannnels
 .text.l2capStartTimer
                0x000000000000fd36       0x1a E:\Project\tp78_v2\mounriver_project\BLE_CH582M\LIB\libCH58xBLE.a(l2cap.o)
                0x000000000000fd36                l2capStartTimer
 .text.l2capStopTimer
                0x000000000000fd50       0x1e E:\Project\tp78_v2\mounriver_project\BLE_CH582M\LIB\libCH58xBLE.a(l2cap.o)
                0x000000000000fd50                l2capStopTimer
 .text.l2capDisconnectAllChannels
                0x000000000000fd6e       0xdc E:\Project\tp78_v2\mounriver_project\BLE_CH582M\LIB\libCH58xBLE.a(l2cap.o)
                0x000000000000fd6e                l2capDisconnectAllChannels
 .text.l2capHandleConnStatusCB
                0x000000000000fe4a       0x3c E:\Project\tp78_v2\mounriver_project\BLE_CH582M\LIB\libCH58xBLE.a(l2cap.o)
                0x000000000000fe4a                l2capHandleConnStatusCB
 .text.l2capHandleRxError
                0x000000000000fe86        0x6 E:\Project\tp78_v2\mounriver_project\BLE_CH582M\LIB\libCH58xBLE.a(l2cap.o)
                0x000000000000fe86                l2capHandleRxError
 .text.L2CAP_GetMTU
                0x000000000000fe8c        0x6 E:\Project\tp78_v2\mounriver_project\BLE_CH582M\LIB\libCH58xBLE.a(l2cap.o)
                0x000000000000fe8c                L2CAP_GetMTU
 .text.L2CAP_HostNumCompletedPkts
                0x000000000000fe92       0x28 E:\Project\tp78_v2\mounriver_project\BLE_CH582M\LIB\libCH58xBLE.a(l2cap.o)
                0x000000000000fe92                L2CAP_HostNumCompletedPkts
 .text.L2CAP_ParseConnectReq
                0x000000000000feba       0x5e E:\Project\tp78_v2\mounriver_project\BLE_CH582M\LIB\libCH58xBLE.a(l2cap.o)
                0x000000000000feba                L2CAP_ParseConnectReq
 .text.L2CAP_ParseFlowCtrlCredit
                0x000000000000ff18       0x2e E:\Project\tp78_v2\mounriver_project\BLE_CH582M\LIB\libCH58xBLE.a(l2cap.o)
                0x000000000000ff18                L2CAP_ParseFlowCtrlCredit
 .text.L2CAP_RegisterApp
                0x000000000000ff46       0x30 E:\Project\tp78_v2\mounriver_project\BLE_CH582M\LIB\libCH58xBLE.a(l2cap.o)
                0x000000000000ff46                L2CAP_RegisterApp
 .text.L2CAP_SetBufSize
                0x000000000000ff76       0x1e E:\Project\tp78_v2\mounriver_project\BLE_CH582M\LIB\libCH58xBLE.a(l2cap.o)
                0x000000000000ff76                L2CAP_SetBufSize
 .text.L2CAP_bm_alloc
                0x000000000000ff94       0x2a E:\Project\tp78_v2\mounriver_project\BLE_CH582M\LIB\libCH58xBLE.a(l2cap.o)
                0x000000000000ff94                L2CAP_bm_alloc
 .text.L2CAP_Init
                0x000000000000ffbe      0x112 E:\Project\tp78_v2\mounriver_project\BLE_CH582M\LIB\libCH58xBLE.a(l2cap.o)
                0x000000000000ffbe                L2CAP_Init
 .text.L2CAP_ProcessEvent
                0x00000000000100d0       0xd4 E:\Project\tp78_v2\mounriver_project\BLE_CH582M\LIB\libCH58xBLE.a(l2cap.o)
                0x00000000000100d0                L2CAP_ProcessEvent
 .text.l2capParseCmdReject
                0x00000000000101a4       0x5e E:\Project\tp78_v2\mounriver_project\BLE_CH582M\LIB\libCH58xBLE.a(l2cap_input.o)
                0x00000000000101a4                l2capParseCmdReject
 .text.l2capParseDisconnectReq
                0x0000000000010202       0x2e E:\Project\tp78_v2\mounriver_project\BLE_CH582M\LIB\libCH58xBLE.a(l2cap_input.o)
                0x0000000000010202                l2capParseDisconnectReq
 .text.l2capParseDisconnectRsp
                0x0000000000010230       0x2e E:\Project\tp78_v2\mounriver_project\BLE_CH582M\LIB\libCH58xBLE.a(l2cap_input.o)
                0x0000000000010230                l2capParseDisconnectRsp
 .text.L2CAP_ParseParamUpdateReq
                0x000000000001025e       0x4e E:\Project\tp78_v2\mounriver_project\BLE_CH582M\LIB\libCH58xBLE.a(l2cap_input.o)
                0x000000000001025e                L2CAP_ParseParamUpdateReq
 .text.l2capParseParamUpdateRsp
                0x00000000000102ac       0x1e E:\Project\tp78_v2\mounriver_project\BLE_CH582M\LIB\libCH58xBLE.a(l2cap_input.o)
                0x00000000000102ac                l2capParseParamUpdateRsp
 .text.l2capProcessConnectReq
                0x00000000000102ca       0xfc E:\Project\tp78_v2\mounriver_project\BLE_CH582M\LIB\libCH58xBLE.a(l2cap_input.o)
                0x00000000000102ca                l2capProcessConnectReq
 .text.l2capParseConnectRsp
                0x00000000000103c6       0x5e E:\Project\tp78_v2\mounriver_project\BLE_CH582M\LIB\libCH58xBLE.a(l2cap_input.o)
                0x00000000000103c6                l2capParseConnectRsp
 .text.l2capParseSignalHdr
                0x0000000000010424       0x22 E:\Project\tp78_v2\mounriver_project\BLE_CH582M\LIB\libCH58xBLE.a(l2cap_input.o)
                0x0000000000010424                l2capParseSignalHdr
 .text.l2capParsePacket
                0x0000000000010446       0x8c E:\Project\tp78_v2\mounriver_project\BLE_CH582M\LIB\libCH58xBLE.a(l2cap_input.o)
                0x0000000000010446                l2capParsePacket
 .text.l2capProcessReq
                0x00000000000104d2      0x15e E:\Project\tp78_v2\mounriver_project\BLE_CH582M\LIB\libCH58xBLE.a(l2cap_input.o)
                0x00000000000104d2                l2capProcessReq
 .text.l2capProcessRsp
                0x0000000000010630      0x150 E:\Project\tp78_v2\mounriver_project\BLE_CH582M\LIB\libCH58xBLE.a(l2cap_input.o)
                0x0000000000010630                l2capProcessRsp
 .text.l2capProcessRxData
                0x0000000000010780       0xf8 E:\Project\tp78_v2\mounriver_project\BLE_CH582M\LIB\libCH58xBLE.a(l2cap_input.o)
                0x0000000000010780                l2capProcessRxData
 .text.l2capNotifyData
                0x0000000000010878       0x5e E:\Project\tp78_v2\mounriver_project\BLE_CH582M\LIB\libCH58xBLE.a(l2cap_output.o)
                0x0000000000010878                l2capNotifyData
 .text.l2capNotifySignal
                0x00000000000108d6       0x7a E:\Project\tp78_v2\mounriver_project\BLE_CH582M\LIB\libCH58xBLE.a(l2cap_output.o)
                0x00000000000108d6                l2capNotifySignal
 .text.l2capNotifyCreditEvt
                0x0000000000010950       0xa4 E:\Project\tp78_v2\mounriver_project\BLE_CH582M\LIB\libCH58xBLE.a(l2cap_output.o)
                0x0000000000010950                l2capNotifyCreditEvt
 .text.l2capNotifyChannelEstEvt
                0x00000000000109f4       0x5c E:\Project\tp78_v2\mounriver_project\BLE_CH582M\LIB\libCH58xBLE.a(l2cap_output.o)
                0x00000000000109f4                l2capNotifyChannelEstEvt
 .text.l2capNotifyChannelTermEvt
                0x0000000000010a50       0x3e E:\Project\tp78_v2\mounriver_project\BLE_CH582M\LIB\libCH58xBLE.a(l2cap_output.o)
                0x0000000000010a50                l2capNotifyChannelTermEvt
 .text.l2capNotifyEvent
                0x0000000000010a8e       0x66 E:\Project\tp78_v2\mounriver_project\BLE_CH582M\LIB\libCH58xBLE.a(l2cap_output.o)
                0x0000000000010a8e                l2capNotifyEvent
 .text.l2capStoreFCPkt
                0x0000000000010af4       0x32 E:\Project\tp78_v2\mounriver_project\BLE_CH582M\LIB\libCH58xBLE.a(l2cap_output.o)
                0x0000000000010af4                l2capStoreFCPkt
 .text.l2capFreeTxSDU
                0x0000000000010b26       0x9e E:\Project\tp78_v2\mounriver_project\BLE_CH582M\LIB\libCH58xBLE.a(l2cap_output.o)
                0x0000000000010b26                l2capFreeTxSDU
 .text.l2capReassembleSegment
                0x0000000000010bc4      0x178 E:\Project\tp78_v2\mounriver_project\BLE_CH582M\LIB\libCH58xBLE.a(l2cap_output.o)
                0x0000000000010bc4                l2capReassembleSegment
 .text.l2capEncapSendData
                0x0000000000010d3c       0xf0 E:\Project\tp78_v2\mounriver_project\BLE_CH582M\LIB\libCH58xBLE.a(l2cap_output.o)
                0x0000000000010d3c                l2capEncapSendData
 .text.l2capSendFCPkt.part.3
                0x0000000000010e2c       0x70 E:\Project\tp78_v2\mounriver_project\BLE_CH582M\LIB\libCH58xBLE.a(l2cap_output.o)
 .text.l2capSendSegment
                0x0000000000010e9c      0x108 E:\Project\tp78_v2\mounriver_project\BLE_CH582M\LIB\libCH58xBLE.a(l2cap_output.o)
                0x0000000000010e9c                l2capSendSegment
 .text.l2capSendNextSegment
                0x0000000000010fa4       0xb4 E:\Project\tp78_v2\mounriver_project\BLE_CH582M\LIB\libCH58xBLE.a(l2cap_output.o)
                0x0000000000010fa4                l2capSendNextSegment
 .text.l2capSendPkt
                0x0000000000011058       0x3a E:\Project\tp78_v2\mounriver_project\BLE_CH582M\LIB\libCH58xBLE.a(l2cap_output.o)
                0x0000000000011058                l2capSendPkt
 .text.L2CAP_SendData
                0x0000000000011092       0x82 E:\Project\tp78_v2\mounriver_project\BLE_CH582M\LIB\libCH58xBLE.a(l2cap_output.o)
                0x0000000000011092                L2CAP_SendData
 .text.l2capSendCmd
                0x0000000000011114       0x8a E:\Project\tp78_v2\mounriver_project\BLE_CH582M\LIB\libCH58xBLE.a(l2cap_output.o)
                0x0000000000011114                l2capSendCmd
 .text.l2capSendReq
                0x000000000001119e       0xae E:\Project\tp78_v2\mounriver_project\BLE_CH582M\LIB\libCH58xBLE.a(l2cap_output.o)
                0x000000000001119e                l2capSendReq
 .text.l2capBuildDisconnectReq
                0x000000000001124c       0x28 E:\Project\tp78_v2\mounriver_project\BLE_CH582M\LIB\libCH58xBLE.a(l2cap_sdu.o)
 .text.l2capBuildParamUpdateReq
                0x0000000000011274       0x4c E:\Project\tp78_v2\mounriver_project\BLE_CH582M\LIB\libCH58xBLE.a(l2cap_sdu.o)
 .text.l2capBuildParamUpdateRsp
                0x00000000000112c0       0x16 E:\Project\tp78_v2\mounriver_project\BLE_CH582M\LIB\libCH58xBLE.a(l2cap_sdu.o)
 .text.l2capBuildConnectRsp
                0x00000000000112d6       0x5e E:\Project\tp78_v2\mounriver_project\BLE_CH582M\LIB\libCH58xBLE.a(l2cap_sdu.o)
 .text.l2capBuildCmdReject
                0x0000000000011334       0x62 E:\Project\tp78_v2\mounriver_project\BLE_CH582M\LIB\libCH58xBLE.a(l2cap_sdu.o)
                0x0000000000011334                l2capBuildCmdReject
 .text.l2capBuildDisconnectRsp
                0x0000000000011396       0x28 E:\Project\tp78_v2\mounriver_project\BLE_CH582M\LIB\libCH58xBLE.a(l2cap_sdu.o)
                0x0000000000011396                l2capBuildDisconnectRsp
 .text.l2capSendConnectRsp
                0x00000000000113be       0xaa E:\Project\tp78_v2\mounriver_project\BLE_CH582M\LIB\libCH58xBLE.a(l2cap_sdu.o)
                0x00000000000113be                l2capSendConnectRsp
 .text.L2CAP_CmdReject
                0x0000000000011468       0x12 E:\Project\tp78_v2\mounriver_project\BLE_CH582M\LIB\libCH58xBLE.a(l2cap_sdu.o)
                0x0000000000011468                L2CAP_CmdReject
 .text.L2CAP_DisconnectReq